 PhysXCooking_64

 Timestamp is 640ea080 (Mon Mar 13 00:03:12 2023)

 Preferred load address is 0000000180000000

 Start         Length     Name                   Class
 0001:00000000 00000060H .text$di                CODE
 0001:00000060 0001f3f0H .text$mn                CODE
 0001:0001f450 00000040H .text$mn$00             CODE
 0001:0001f490 00000490H .text$x                 CODE
 0002:00000000 00000258H .idata$5                DATA
 0002:00000258 00000028H .00cfg                  DATA
 0002:00000280 00000008H .CRT$XCA                DATA
 0002:00000288 00000030H .CRT$XCU                DATA
 0002:000002b8 00000008H .CRT$XCZ                DATA
 0002:000002c0 00000008H .CRT$XIA                DATA
 0002:000002c8 00000018H .CRT$XIC                DATA
 0002:000002e0 00000008H .CRT$XIZ                DATA
 0002:000002e8 00000008H .CRT$XPA                DATA
 0002:000002f0 00000010H .CRT$XPX                DATA
 0002:00000300 00000008H .CRT$XPXA               DATA
 0002:00000308 00000008H .CRT$XPZ                DATA
 0002:00000310 00000008H .CRT$XTA                DATA
 0002:00000318 00000008H .CRT$XTZ                DATA
 0002:00000320 00000000H .gehcont$y              DATA
 0002:00000320 00000000H .gfids$y                DATA
 0002:00000320 00009560H .rdata                  DATA
 0002:00009880 00000000H .rdata$CastGuardVftablesA DATA
 0002:00009880 00000000H .rdata$CastGuardVftablesC DATA
 0002:00009880 0000043cH .rdata$r                DATA
 0002:00009cbc 00000020H .rdata$voltmd           DATA
 0002:00009cdc 00000424H .rdata$zzzdbg           DATA
 0002:0000a100 00000008H .rtc$IAA                DATA
 0002:0000a108 00000008H .rtc$IZZ                DATA
 0002:0000a110 00000008H .rtc$TAA                DATA
 0002:0000a118 00000008H .rtc$TZZ                DATA
 0002:0000a120 000014b0H .xdata                  DATA
 0002:0000b5d0 00000084H .xdata$x                DATA
 0002:0000b654 00000040H .didat$2                DATA
 0002:0000b694 00000024H .didat$3                DATA
 0002:0000b6b8 000000f0H .didat$4                DATA
 0002:0000b7a8 000002c8H .didat$6                DATA
 0002:0000ba70 000000f0H .didat$7                DATA
 0002:0000bb60 00000e04H .edata                  DATA
 0002:0000c964 00000014H .idata$2                DATA
 0002:0000c978 00000018H .idata$3                DATA
 0002:0000c990 00000258H .idata$4                DATA
 0002:0000cbe8 0000057cH .idata$6                DATA
 0003:00000000 00000a20H .data                   DATA
 0003:00000a20 00000108H .data$r                 DATA
 0003:00000b28 000000f0H .data$rs                DATA
 0003:00000c18 000000f8H .didat$5                DATA
 0003:00000d10 00001280H .bss                    DATA
 0004:00000000 000017e8H .pdata                  DATA
 0005:00000000 0000230cH _RDATA                  DATA
 0006:00000000 000000a0H .rsrc$01                DATA
 0006:000000a0 000004b0H .rsrc$02                DATA

  Address         Publics by Value              Rva+Base               Lib:Object

 0000:00000000       ___safe_se_handler_table   0000000000000000     <absolute>
 0000:00000000       __arm64x_redirection_metadata 0000000000000000     <absolute>
 0000:00000000       __guard_iat_table          0000000000000000     <absolute>
 0000:00000000       __guard_longjmp_table      0000000000000000     <absolute>
 0000:00000000       __x64_code_ranges_to_entry_points 0000000000000000     <absolute>
 0000:00000000       __guard_iat_count          0000000000000000     <absolute>
 0000:00000000       __guard_longjmp_count      0000000000000000     <absolute>
 0000:00000000       __guard_fids_count         0000000000000000     <absolute>
 0000:00000000       __dynamic_value_reloc_table 0000000000000000     <absolute>
 0000:00000000       __x64_code_ranges_to_entry_points_count 0000000000000000     <absolute>
 0000:00000000       __arm64x_extra_rfe_table   0000000000000000     <absolute>
 0000:00000000       __hybrid_auxiliary_iat     0000000000000000     <absolute>
 0000:00000000       __hybrid_auxiliary_iat_copy 0000000000000000     <absolute>
 0000:00000000       __hybrid_code_map          0000000000000000     <absolute>
 0000:00000000       __arm64x_extra_rfe_table_size 0000000000000000     <absolute>
 0000:00000000       ___safe_se_handler_count   0000000000000000     <absolute>
 0000:00000000       __AbsoluteZero             0000000000000000     <absolute>
 0000:00000000       __guard_check_icall_a64n_fptr 0000000000000000     <absolute>
 0000:00000000       __guard_fids_table         0000000000000000     <absolute>
 0000:00000000       __guard_eh_cont_count      0000000000000000     <absolute>
 0000:00000000       __arm64x_redirection_metadata_count 0000000000000000     <absolute>
 0000:00000000       __enclave_config           0000000000000000     <absolute>
 0000:00000000       __guard_eh_cont_table      0000000000000000     <absolute>
 0000:00000000       __arm64x_native_entrypoint 0000000000000000     <absolute>
 0000:00000000       __hybrid_code_map_count    0000000000000000     <absolute>
 0000:00000100       __guard_flags              0000000000000100     <absolute>
 0000:00000000       __ImageBase                0000000180000000     <linker-defined>
 0001:00000060       ??$copy@V?$PxReflectionAllocator@USlab@NodeAllocator@Gu@physx@@@physx@@@?$PxArray@USlab@NodeAllocator@Gu@physx@@V?$PxReflectionAllocator@USlab@NodeAllocator@Gu@physx@@@4@@physx@@IEAAXAEBV01@@Z 0000000180001060 f i Cooking.obj
 0001:000000e0       ??0AABBTreeBounds@Gu@physx@@QEAA@XZ 00000001800010e0 f i Cooking.obj
 0001:000000f0       ??4AABBTreeBuildNode@Gu@physx@@QEAAAEAV012@AEBV012@@Z 00000001800010f0 f i Cooking.obj
 0001:000000f0       ??0AABBTreeBuildNode@Gu@physx@@QEAA@AEBV012@@Z 00000001800010f0 f i Cooking.obj
 0001:00000130       ??4PxFoundation@physx@@QEAAAEAV01@AEBV01@@Z 0000000180001130 f i Cooking.obj
 0001:00000130       ??0AABBTreeBuildNode@Gu@physx@@QEAA@XZ 0000000180001130 f i Cooking.obj
 0001:00000130       ?getAABB@AABBTreeBuildNode@Gu@physx@@QEBAAEBVPxBounds3@3@XZ 0000000180001130 f i Cooking.obj
 0001:00000130       ??$forward@_K@std@@YA$$QEA_KAEA_K@Z 0000000180001130 f i libvcruntime:undname.obj
 0001:00000140       ??0AABBTreeBuildParams@Gu@physx@@QEAA@IIPEBVAABBTreeBounds@12@W4BVHBuildStrategy@12@@Z 0000000180001140 f i Cooking.obj
 0001:00000160       ??0NodeAllocator@Gu@physx@@QEAA@AEBV012@@Z 0000000180001160 f i Cooking.obj
 0001:000001a0       ??0PxFoundation@physx@@QEAA@AEBV01@@Z 00000001800011a0 f i Cooking.obj
 0001:000001a0       ??0PxFoundation@physx@@QEAA@XZ 00000001800011a0 f i Cooking.obj
 0001:000001b0       ??0PxRenderOutput@physx@@QEAA@AEAVPxRenderBuffer@1@@Z 00000001800011b0 f i Cooking.obj
 0001:00000200       ??0PxRenderOutput@physx@@QEAA@AEBV01@@Z 0000000180001200 f i Cooking.obj
 0001:000002a0       ??1AABBTreeBounds@Gu@physx@@QEAA@XZ 00000001800012a0 f i Cooking.obj
 0001:000002b0       _guard_check_icall_nop     00000001800012b0 f i LIBCMT:guard_support.obj
 0001:000002b0       ??1AABBTreeBuildNode@Gu@physx@@QEAA@XZ 00000001800012b0 f i Cooking.obj
 0001:000002c0       ?reset@AABBTreeBuildParams@Gu@physx@@QEAAXXZ 00000001800012c0 f i Cooking.obj
 0001:000002c0       ??1AABBTreeBuildParams@Gu@physx@@QEAA@XZ 00000001800012c0 f i Cooking.obj
 0001:00000310       ??1PxFoundation@physx@@MEAA@XZ 0000000180001310 f i Cooking.obj
 0001:00000320       ??4AABBTreeBounds@Gu@physx@@QEAAAEAV012@AEBV012@@Z 0000000180001320 f i Cooking.obj
 0001:00000330       ??4AABBTreeBuildParams@Gu@physx@@QEAAAEAV012@AEBV012@@Z 0000000180001330 f i Cooking.obj
 0001:00000350       ??4NodeAllocator@Gu@physx@@QEAAAEAV012@AEBV012@@Z 0000000180001350 f i Cooking.obj
 0001:00000400       ??6PxRenderOutput@physx@@QEAAAEAV01@AEBV?$PxMat44T@M@1@@Z 0000000180001400 f i Cooking.obj
 0001:00000470       ??6PxRenderOutput@physx@@QEAAAEAV01@AEBV?$PxTransformT@M@1@@Z 0000000180001470 f i Cooking.obj
 0001:000005f0       ??6PxRenderOutput@physx@@QEAAAEAV01@AEBV?$PxVec3T@M@1@@Z 00000001800015f0 f i Cooking.obj
 0001:000008f0       ??6PxRenderOutput@physx@@QEAAAEAV01@I@Z 00000001800018f0 f i Cooking.obj
 0001:00000900       ??6PxRenderOutput@physx@@QEAAAEAV01@W4Primitive@01@@Z 0000000180001900 f i Cooking.obj
 0001:00000910       ??_EPxFoundation@physx@@MEAAPEAXI@Z 0000000180001910 f i Cooking.obj
 0001:000009a0       ??_FAABBTreeBuildParams@Gu@physx@@QEAAXXZ 00000001800019a0 f i Cooking.obj
 0001:000009c0       ??_GCooking@physx@@UEAAPEAXI@Z 00000001800019c0 f i Cooking.obj
 0001:000009c0       ??_ECooking@physx@@UEAAPEAXI@Z 00000001800019c0 f i Cooking.obj
 0001:00000a10       ??_GPxCooking@physx@@MEAAPEAXI@Z 0000000180001a10 f i Cooking.obj
 0001:00000a10       ??_EPxCooking@physx@@MEAAPEAXI@Z 0000000180001a10 f i Cooking.obj
 0001:00000a40       ?allocate@?$PxArray@USlab@NodeAllocator@Gu@physx@@V?$PxReflectionAllocator@USlab@NodeAllocator@Gu@physx@@@4@@physx@@IEAAPEAUSlab@NodeAllocator@Gu@2@I@Z 0000000180001a40 f i Cooking.obj
 0001:00000ae0       ?assembleSoftBodyMesh@Cooking@physx@@UEBAPEAVPxSoftBodyMesh@2@AEAVPxSimulationTetrahedronMeshData@2@AEAVPxCollisionTetrahedronMeshData@2@AEAVPxCollisionMeshMappingData@2@AEAVPxInsertionCallback@2@@Z 0000000180001ae0 f   Cooking.obj
 0001:00000b00       ?assembleSoftBodyMesh@Cooking@physx@@UEBAPEAVPxSoftBodyMesh@2@AEAVPxTetrahedronMeshData@2@AEAVPxSoftBodySimulationData@2@0AEAVPxSoftBodyCollisionData@2@AEAVPxCollisionMeshMappingData@2@AEAVPxInsertionCallback@2@@Z 0000000180001b00 f   Cooking.obj
 0001:00000b40       ?computeCollisionData@Cooking@physx@@UEBAPEAVPxCollisionTetrahedronMeshData@2@AEBVPxTetrahedronMeshDesc@2@@Z 0000000180001b40 f   Cooking.obj
 0001:00000b50       ?computeHullPolygons@Cooking@physx@@UEBA_NAEBVPxSimpleTriangleMesh@2@AEAVPxAllocatorCallback@2@AEAIAEAPEAV?$PxVec3T@M@2@2AEAPEAI2AEAPEAUPxHullPolygon@2@@Z 0000000180001b50 f   Cooking.obj
 0001:00000b60       ?computeModelsMapping@Cooking@physx@@UEBAPEAVPxCollisionMeshMappingData@2@AEAVPxTetrahedronMeshData@2@AEBV42@AEBVPxSoftBodyCollisionData@2@PEBUPxBoundedData@2@@Z 0000000180001b60 f   Cooking.obj
 0001:00000b70       ?computeSimulationData@Cooking@physx@@UEBAPEAVPxSimulationTetrahedronMeshData@2@AEBVPxTetrahedronMeshDesc@2@@Z 0000000180001b70 f   Cooking.obj
 0001:00000b80       ?cookBVH@Cooking@physx@@UEBA_NAEBVPxBVHDesc@2@AEAVPxOutputStream@2@@Z 0000000180001b80 f   Cooking.obj
 0001:00000b90       ?cookConvexMesh@Cooking@physx@@UEBA_NAEBVPxConvexMeshDesc@2@AEAVPxOutputStream@2@PEAW4Enum@PxConvexMeshCookingResult@2@@Z 0000000180001b90 f   Cooking.obj
 0001:00000ba0       ?cookHeightField@Cooking@physx@@UEBA_NAEBVPxHeightFieldDesc@2@AEAVPxOutputStream@2@@Z 0000000180001ba0 f   Cooking.obj
 0001:00000bb0       ?cookSoftBodyMesh@Cooking@physx@@UEBA_NAEBVPxTetrahedronMeshDesc@2@0AEBVPxSoftBodySimulationDataDesc@2@AEAVPxOutputStream@2@@Z 0000000180001bb0 f   Cooking.obj
 0001:00000bc0       ?cookTetrahedronMesh@Cooking@physx@@UEBA_NAEBVPxTetrahedronMeshDesc@2@AEAVPxOutputStream@2@@Z 0000000180001bc0 f   Cooking.obj
 0001:00000bd0       ?cookTriangleMesh@Cooking@physx@@UEBA_NAEBVPxTriangleMeshDesc@2@AEAVPxOutputStream@2@PEAW4Enum@PxTriangleMeshCookingResult@2@@Z 0000000180001bd0 f   Cooking.obj
 0001:00000be0       ?createBVH@Cooking@physx@@UEBAPEAVPxBVH@2@AEBVPxBVHDesc@2@AEAVPxInsertionCallback@2@@Z 0000000180001be0 f   Cooking.obj
 0001:00000bf0       ?createConvexMesh@Cooking@physx@@UEBAPEAVPxConvexMesh@2@AEBVPxConvexMeshDesc@2@AEAVPxInsertionCallback@2@PEAW4Enum@PxConvexMeshCookingResult@2@@Z 0000000180001bf0 f   Cooking.obj
 0001:00000c00       ?createHeightField@Cooking@physx@@UEBAPEAVPxHeightField@2@AEBVPxHeightFieldDesc@2@AEAVPxInsertionCallback@2@@Z 0000000180001c00 f   Cooking.obj
 0001:00000c10       ?createSoftBodyMesh@Cooking@physx@@UEBAPEAVPxSoftBodyMesh@2@AEBVPxTetrahedronMeshDesc@2@0AEBVPxSoftBodySimulationDataDesc@2@AEAVPxInsertionCallback@2@@Z 0000000180001c10 f   Cooking.obj
 0001:00000c20       ?createTetrahedronMesh@Cooking@physx@@UEBAPEAVPxTetrahedronMesh@2@AEBVPxTetrahedronMeshDesc@2@AEAVPxInsertionCallback@2@@Z 0000000180001c20 f   Cooking.obj
 0001:00000c30       ?createTriangleMesh@Cooking@physx@@UEBAPEAVPxTriangleMesh@2@AEBVPxTriangleMeshDesc@2@AEAVPxInsertionCallback@2@PEAW4Enum@PxTriangleMeshCookingResult@2@@Z 0000000180001c30 f   Cooking.obj
 0001:00000c40       ?getBounds@AABBTreeBounds@Gu@physx@@QEAAPEAVPxBounds3@3@XZ 0000000180001c40 f i Cooking.obj
 0001:00000c40       ?getBounds@AABBTreeBounds@Gu@physx@@QEBAPEBVPxBounds3@3@XZ 0000000180001c40 f i Cooking.obj
 0001:00000c50       ?getNbPrimitives@AABBTreeBuildNode@Gu@physx@@QEBAIXZ 0000000180001c50 f i Cooking.obj
 0001:00000c50       ?getNbRuntimePrimitives@AABBTreeBuildNode@Gu@physx@@QEBAIXZ 0000000180001c50 f i Cooking.obj
 0001:00000c60       ?getNeg@AABBTreeBuildNode@Gu@physx@@QEBAPEBV123@XZ 0000000180001c60 f i Cooking.obj
 0001:00000c80       ?getParams@Cooking@physx@@UEBAAEBUPxCookingParams@2@XZ 0000000180001c80 f   Cooking.obj
 0001:00000c90       ?getPos@AABBTreeBuildNode@Gu@physx@@QEBAPEBV123@XZ 0000000180001c90 f i Cooking.obj
 0001:00000ca0       ?getPrimitives@AABBTreeBuildNode@Gu@physx@@QEAAPEAIPEAI@Z 0000000180001ca0 f i Cooking.obj
 0001:00000ca0       ?getPrimitives@AABBTreeBuildNode@Gu@physx@@QEBAPEBIPEBI@Z 0000000180001ca0 f i Cooking.obj
 0001:00000cb0       PxGetStandaloneInsertionCallback 0000000180001cb0 f   Cooking.obj
 0001:00000cb0       ?getStandaloneInsertionCallback@Cooking@physx@@UEAAAEAVPxInsertionCallback@2@XZ 0000000180001cb0 f   Cooking.obj
 0001:00000cc0       ?isLeaf@AABBTreeBuildNode@Gu@physx@@QEBA_NXZ 0000000180001cc0 f i Cooking.obj
 0001:00000cd0       ?moveFrom@AABBTreeBounds@Gu@physx@@QEAAXAEAV123@@Z 0000000180001cd0 f i Cooking.obj
 0001:00000ce0       ?outputCapsule@PxRenderOutput@physx@@QEAAAEAV12@MMAEBV?$PxMat44T@M@2@@Z 0000000180001ce0 f i Cooking.obj
 0001:000019f0       ?outputSegment@PxRenderOutput@physx@@QEAAXAEBV?$PxVec3T@M@2@0@Z 00000001800029f0 f i Cooking.obj
 0001:00001a60       ?ownsMemory@AABBTreeBounds@Gu@physx@@QEBA_NXZ 0000000180002a60 f i Cooking.obj
 0001:00001a70       ?platformMismatch@Cooking@physx@@UEBA_NXZ 0000000180002a70 f   Cooking.obj
 0001:00001a80       ?recreate@?$PxArray@USlab@NodeAllocator@Gu@physx@@V?$PxReflectionAllocator@USlab@NodeAllocator@Gu@physx@@@4@@physx@@IEAAXI@Z 0000000180002a80 f i Cooking.obj
 0001:00001b30       ?release@Cooking@physx@@UEAAXXZ 0000000180002b30 f   Cooking.obj
 0001:00001b50       ?reservePoints@PxRenderOutput@physx@@QEAAPEAUPxDebugPoint@2@I@Z 0000000180002b50 f i Cooking.obj
 0001:00001b60       ?reserveSegments@PxRenderOutput@physx@@QEAAPEAUPxDebugLine@2@I@Z 0000000180002b60 f i Cooking.obj
 0001:00001b70       ?setBounds@AABBTreeBounds@Gu@physx@@QEAAXPEAVPxBounds3@3@@Z 0000000180002b70 f i Cooking.obj
 0001:00001b80       ?setNbRunTimePrimitives@AABBTreeBuildNode@Gu@physx@@QEAAXI@Z 0000000180002b80 f i Cooking.obj
 0001:00001b90       ?setParams@Cooking@physx@@UEAAXAEBUPxCookingParams@2@@Z 0000000180002b90 f   Cooking.obj
 0001:00001bf0       ?takeOwnership@AABBTreeBounds@Gu@physx@@QEAAXXZ 0000000180002bf0 f i Cooking.obj
 0001:00001c00       ?validateConvexMesh@Cooking@physx@@UEBA_NAEBVPxConvexMeshDesc@2@@Z 0000000180002c00 f   Cooking.obj
 0001:00001c10       ?validateTriangleMesh@Cooking@physx@@UEBA_NAEBVPxTriangleMeshDesc@2@@Z 0000000180002c10 f   Cooking.obj
 0001:00001c20       PxAssembleSoftBodyMesh     0000000180002c20 f   Cooking.obj
 0001:00001c30       PxAssembleSoftBodyMesh_Sim 0000000180002c30 f   Cooking.obj
 0001:00001c40       PxComputeCollisionData     0000000180002c40 f   Cooking.obj
 0001:00001c50       PxComputeHullPolygons      0000000180002c50 f   Cooking.obj
 0001:00001c60       PxComputeModelsMapping     0000000180002c60 f   Cooking.obj
 0001:00001c70       PxComputeSimulationData    0000000180002c70 f   Cooking.obj
 0001:00001c80       PxCookBVH                  0000000180002c80 f   Cooking.obj
 0001:00001c90       PxCookConvexMesh           0000000180002c90 f   Cooking.obj
 0001:00001ca0       PxCookHeightField          0000000180002ca0 f   Cooking.obj
 0001:00001cb0       PxCookSoftBodyMesh         0000000180002cb0 f   Cooking.obj
 0001:00001cc0       PxCookTetrahedronMesh      0000000180002cc0 f   Cooking.obj
 0001:00001cd0       PxCookTriangleMesh         0000000180002cd0 f   Cooking.obj
 0001:00001ce0       PxCreateBVH                0000000180002ce0 f   Cooking.obj
 0001:00001cf0       PxCreateBVHInternal        0000000180002cf0 f   Cooking.obj
 0001:00001d80       PxCreateConvexMesh         0000000180002d80 f   Cooking.obj
 0001:00001d90       PxCreateCooking            0000000180002d90 f   Cooking.obj
 0001:00001e80       PxCreateHeightField        0000000180002e80 f   Cooking.obj
 0001:00001e90       PxCreateSoftBodyMesh       0000000180002e90 f   Cooking.obj
 0001:00001ea0       PxCreateTetrahedronMesh    0000000180002ea0 f   Cooking.obj
 0001:00001eb0       PxCreateTriangleMesh       0000000180002eb0 f   Cooking.obj
 0001:00001ec0       PxCreateTriangleMeshInternal 0000000180002ec0 f   Cooking.obj
 0001:00001f50       PxValidateConvexMesh       0000000180002f50 f   Cooking.obj
 0001:00001f60       PxValidateTriangleMesh     0000000180002f60 f   Cooking.obj
 0001:00001f70       ?cookingDelayHook@@YAP6A_JXZIPEAUDelayLoadInfo@@@Z 0000000180002f70 f   WindowsCookingDelayLoadHook.obj
 0001:00002050       PxSetPhysXCookingDelayLoadHook 0000000180003050 f   WindowsCookingDelayLoadHook.obj
 0001:00002058       __imp_load_getInsertionCallback 0000000180003058 f   PhysXCommon_64:PhysXCommon_64.dll
 0001:00002064       getInsertionCallback       0000000180003064 f   PhysXCommon_64:PhysXCommon_64.dll
 0001:0000206a       __tailMerge_physxcommon_64_dll 000000018000306a     PhysXCommon_64:PhysXCommon_64.dll
 0001:000020e3       __imp_load_cookBVH         00000001800030e3 f   PhysXCommon_64:PhysXCommon_64.dll
 0001:000020ef       cookBVH                    00000001800030ef f   PhysXCommon_64:PhysXCommon_64.dll
 0001:000020f5       __imp_load_createBVH       00000001800030f5 f   PhysXCommon_64:PhysXCommon_64.dll
 0001:00002101       createBVH                  0000000180003101 f   PhysXCommon_64:PhysXCommon_64.dll
 0001:00002107       __imp_load_cookHeightField 0000000180003107 f   PhysXCommon_64:PhysXCommon_64.dll
 0001:00002113       cookHeightField            0000000180003113 f   PhysXCommon_64:PhysXCommon_64.dll
 0001:00002119       __imp_load_createHeightField 0000000180003119 f   PhysXCommon_64:PhysXCommon_64.dll
 0001:00002125       createHeightField          0000000180003125 f   PhysXCommon_64:PhysXCommon_64.dll
 0001:0000212b       __imp_load_cookConvexMesh  000000018000312b f   PhysXCommon_64:PhysXCommon_64.dll
 0001:00002137       cookConvexMesh             0000000180003137 f   PhysXCommon_64:PhysXCommon_64.dll
 0001:0000213d       __imp_load_createConvexMesh 000000018000313d f   PhysXCommon_64:PhysXCommon_64.dll
 0001:00002149       createConvexMesh           0000000180003149 f   PhysXCommon_64:PhysXCommon_64.dll
 0001:0000214f       __imp_load_validateConvexMesh 000000018000314f f   PhysXCommon_64:PhysXCommon_64.dll
 0001:0000215b       validateConvexMesh         000000018000315b f   PhysXCommon_64:PhysXCommon_64.dll
 0001:00002161       __imp_load_computeHullPolygons 0000000180003161 f   PhysXCommon_64:PhysXCommon_64.dll
 0001:0000216d       computeHullPolygons        000000018000316d f   PhysXCommon_64:PhysXCommon_64.dll
 0001:00002173       __imp_load_validateTriangleMesh 0000000180003173 f   PhysXCommon_64:PhysXCommon_64.dll
 0001:0000217f       validateTriangleMesh       000000018000317f f   PhysXCommon_64:PhysXCommon_64.dll
 0001:00002185       __imp_load_createTriangleMesh 0000000180003185 f   PhysXCommon_64:PhysXCommon_64.dll
 0001:00002191       createTriangleMesh         0000000180003191 f   PhysXCommon_64:PhysXCommon_64.dll
 0001:00002197       __imp_load_cookTriangleMesh 0000000180003197 f   PhysXCommon_64:PhysXCommon_64.dll
 0001:000021a3       cookTriangleMesh           00000001800031a3 f   PhysXCommon_64:PhysXCommon_64.dll
 0001:000021a9       __imp_load_cookTetrahedronMesh 00000001800031a9 f   PhysXCommon_64:PhysXCommon_64.dll
 0001:000021b5       cookTetrahedronMesh        00000001800031b5 f   PhysXCommon_64:PhysXCommon_64.dll
 0001:000021bb       __imp_load_createTetrahedronMesh 00000001800031bb f   PhysXCommon_64:PhysXCommon_64.dll
 0001:000021c7       createTetrahedronMesh      00000001800031c7 f   PhysXCommon_64:PhysXCommon_64.dll
 0001:000021cd       __imp_load_cookSoftBodyMesh 00000001800031cd f   PhysXCommon_64:PhysXCommon_64.dll
 0001:000021d9       cookSoftBodyMesh           00000001800031d9 f   PhysXCommon_64:PhysXCommon_64.dll
 0001:000021df       __imp_load_createSoftBodyMesh 00000001800031df f   PhysXCommon_64:PhysXCommon_64.dll
 0001:000021eb       createSoftBodyMesh         00000001800031eb f   PhysXCommon_64:PhysXCommon_64.dll
 0001:000021f1       __imp_load_computeModelsMapping 00000001800031f1 f   PhysXCommon_64:PhysXCommon_64.dll
 0001:000021fd       computeModelsMapping       00000001800031fd f   PhysXCommon_64:PhysXCommon_64.dll
 0001:00002203       __imp_load_computeCollisionData 0000000180003203 f   PhysXCommon_64:PhysXCommon_64.dll
 0001:0000220f       computeCollisionData       000000018000320f f   PhysXCommon_64:PhysXCommon_64.dll
 0001:00002215       __imp_load_computeSimulationData 0000000180003215 f   PhysXCommon_64:PhysXCommon_64.dll
 0001:00002221       computeSimulationData      0000000180003221 f   PhysXCommon_64:PhysXCommon_64.dll
 0001:00002227       __imp_load_assembleSoftBodyMesh 0000000180003227 f   PhysXCommon_64:PhysXCommon_64.dll
 0001:00002233       assembleSoftBodyMesh       0000000180003233 f   PhysXCommon_64:PhysXCommon_64.dll
 0001:00002239       __imp_load_assembleSoftBodyMesh_Sim 0000000180003239 f   PhysXCommon_64:PhysXCommon_64.dll
 0001:00002245       assembleSoftBodyMesh_Sim   0000000180003245 f   PhysXCommon_64:PhysXCommon_64.dll
 0001:0000224b       __imp_load_?release@AABBTreeBounds@Gu@physx@@QEAAXXZ 000000018000324b f   PhysXCommon_64:PhysXCommon_64.dll
 0001:00002257       ?release@AABBTreeBounds@Gu@physx@@QEAAXXZ 0000000180003257 f   PhysXCommon_64:PhysXCommon_64.dll
 0001:0000225d       __imp_load_??0BVH@Gu@physx@@QEAA@AEBUPxBVHInternalData@2@@Z 000000018000325d f   PhysXCommon_64:PhysXCommon_64.dll
 0001:00002269       ??0BVH@Gu@physx@@QEAA@AEBUPxBVHInternalData@2@@Z 0000000180003269 f   PhysXCommon_64:PhysXCommon_64.dll
 0001:0000226f       __imp_load_??0BV4TriangleMesh@Gu@physx@@QEAA@AEBUPxTriangleMeshInternalData@2@@Z 000000018000326f f   PhysXCommon_64:PhysXCommon_64.dll
 0001:0000227b       ??0BV4TriangleMesh@Gu@physx@@QEAA@AEBUPxTriangleMeshInternalData@2@@Z 000000018000327b f   PhysXCommon_64:PhysXCommon_64.dll
 0001:00002281       __imp_load_PxGetFoundation 0000000180003281 f   PhysXFoundation_64:PhysXFoundation_64.dll
 0001:0000228d       PxGetFoundation            000000018000328d f   PhysXFoundation_64:PhysXFoundation_64.dll
 0001:00002293       __tailMerge_physxfoundation_64_dll 0000000180003293     PhysXFoundation_64:PhysXFoundation_64.dll
 0001:0000230c       __imp_load_PxGetBroadcastAllocator 000000018000330c f   PhysXFoundation_64:PhysXFoundation_64.dll
 0001:00002318       PxGetBroadcastAllocator    0000000180003318 f   PhysXFoundation_64:PhysXFoundation_64.dll
 0001:0000231e       __imp_load_PxDecFoundationRefCount 000000018000331e f   PhysXFoundation_64:PhysXFoundation_64.dll
 0001:0000232a       PxDecFoundationRefCount    000000018000332a f   PhysXFoundation_64:PhysXFoundation_64.dll
 0001:00002330       __imp_load_PxIncFoundationRefCount 0000000180003330 f   PhysXFoundation_64:PhysXFoundation_64.dll
 0001:0000233c       PxIncFoundationRefCount    000000018000333c f   PhysXFoundation_64:PhysXFoundation_64.dll
 0001:00002344       ?DloadAcquireSectionWriteAccess@@YAXXZ 0000000180003344 f i Delayimp:delayhlp.obj
 0001:000023f0       ?DloadGetSRWLockFunctionPointers@@YAEXZ 00000001800033f0 f i Delayimp:delayhlp.obj
 0001:0000248c       ?DloadMakePermanentImageCommit@@YAXPEAX_K@Z 000000018000348c f i Delayimp:delayhlp.obj
 0001:00002524       ?DloadObtainSection@@YAPEAXPEAK0@Z 0000000180003524 f i Delayimp:delayhlp.obj
 0001:000025c0       ?DloadProtectSection@@YAXKPEAK@Z 00000001800035c0 f i Delayimp:delayhlp.obj
 0001:00002650       ?DloadReleaseSectionWriteAccess@@YAXXZ 0000000180003650 f i Delayimp:delayhlp.obj
 0001:000026e4       __delayLoadHelper2         00000001800036e4 f   Delayimp:delayhlp.obj
 0001:000029b8       ??3@YAXPEAX@Z              00000001800039b8 f   LIBCMT:delete_scalar.obj
 0001:000029c0       ??3@YAXPEAX_K@Z            00000001800039c0 f   LIBCMT:delete_scalar_size.obj
 0001:000029c0       ??_V@YAXPEAX@Z             00000001800039c0 f   LIBCMT:delete_array.obj
 0001:000029c8       ??_V@YAXPEAX_K@Z           00000001800039c8 f   LIBCMT:delete_array_size.obj
 0001:000029d0       __vdecl_sinf4              00000001800039d0 f   LIBCMT:svml_ssinf4_dispatch.obj
 0001:000029f0       __libm_sse2_sincosf_       00000001800039f0 f   LIBCMT:svml_ssinf4_dispatch.obj
 0001:00002a33       __libm_sse2_sincosf4_      0000000180003a33 f   LIBCMT:svml_ssinf4_dispatch.obj
 0001:00002a40       ??_Gtype_info@@UEAAPEAXI@Z 0000000180003a40 f i LIBCMT:std_type_info_static.obj
 0001:00002a40       ??_Etype_info@@UEAAPEAXI@Z 0000000180003a40 f i LIBCMT:std_type_info_static.obj
 0001:00002a6c       ?__scrt_initialize_type_info@@YAXXZ 0000000180003a6c f   LIBCMT:tncleanup.obj
 0001:00002a7c       ?__scrt_uninitialize_type_info@@YAXXZ 0000000180003a7c f   LIBCMT:tncleanup.obj
 0001:00002da8       _DllMainCRTStartup         0000000180003da8 f   LIBCMT:dll_dllmain.obj
 0001:00002de8       __isa_available_init       0000000180003de8 f   LIBCMT:cpu_disp.obj
 0001:00002f90       __sse2_sinf4@@16           0000000180003f90 f   LIBCMT:svml_ssinf4_sse2.obj
 0001:000038d0       __sse4_sinf4@@16           00000001800048d0 f   LIBCMT:svml_ssinf4_sse4.obj
 0001:00004044       __security_init_cookie     0000000180005044 f   LIBCMT:gs_support.obj
 0001:000040f0       ?raw_length@charNode@@UEBAHXZ 00000001800050f0 f   libvcruntime:undname.obj
 0001:000040f0       DllMain                    00000001800050f0 f   LIBCMT:dll_dllmain_stub.obj
 0001:000040f0       ?length@charNode@@UEBAHXZ  00000001800050f0 f   libvcruntime:undname.obj
 0001:000040f0       _get_startup_argv_mode     00000001800050f0 f   LIBCMT:argv_mode.obj
 0001:000040f8       __local_stdio_printf_options 00000001800050f8 f i LIBCMT:default_local_stdio_options.obj
 0001:00004100       __local_stdio_scanf_options 0000000180005100 f i LIBCMT:default_local_stdio_options.obj
 0001:00004108       __scrt_initialize_default_local_stdio_options 0000000180005108 f   LIBCMT:default_local_stdio_options.obj
 0001:00004124       __scrt_acquire_startup_lock 0000000180005124 f   LIBCMT:utility.obj
 0001:00004160       __scrt_dllmain_after_initialize_c 0000000180005160 f   LIBCMT:utility.obj
 0001:00004194       __scrt_dllmain_before_initialize_c 0000000180005194 f   LIBCMT:utility.obj
 0001:000041ac       __scrt_dllmain_crt_thread_attach 00000001800051ac f   LIBCMT:utility.obj
 0001:000041d4       __scrt_dllmain_crt_thread_detach 00000001800051d4 f   LIBCMT:utility.obj
 0001:000041ec       __scrt_dllmain_exception_filter 00000001800051ec f   LIBCMT:utility.obj
 0001:0000424c       __scrt_dllmain_uninitialize_c 000000018000524c f   LIBCMT:utility.obj
 0001:0000427c       __scrt_dllmain_uninitialize_critical 000000018000527c f   LIBCMT:utility.obj
 0001:00004290       __scrt_initialize_crt      0000000180005290 f   LIBCMT:utility.obj
 0001:000042dc       __scrt_initialize_onexit_tables 00000001800052dc f   LIBCMT:utility.obj
 0001:00004368       __scrt_is_nonwritable_in_current_image 0000000180005368 f   LIBCMT:utility.obj
 0001:00004400       __scrt_release_startup_lock 0000000180005400 f   LIBCMT:utility.obj
 0001:00004424       __scrt_uninitialize_crt    0000000180005424 f   LIBCMT:utility.obj
 0001:00004450       __scrt_get_dyn_tls_init_callback 0000000180005450 f   LIBCMT:dyn_tls_init.obj
 0001:00004458       __crt_debugger_hook        0000000180005458 f   LIBCMT:utility_desktop.obj
 0001:00004460       __scrt_fastfail            0000000180005460 f   LIBCMT:utility_desktop.obj
 0001:000045ac       _RTC_Initialize            00000001800055ac f   LIBCMT:initsect.obj
 0001:000045e8       _RTC_Terminate             00000001800055e8 f   LIBCMT:initsect.obj
 0001:00004630       __common_ssin_cout_rare    0000000180005630 f   LIBCMT:svml_s_sin_cout.obj
 0001:000046a0       __scrt_is_ucrt_dll_in_use  00000001800056a0 f   LIBCMT:ucrt_detection.obj
 0001:000046ac       _get_purecall_handler      00000001800056ac f   libvcruntime:purevirt.obj
 0001:000046b8       _purecall                  00000001800056b8 f   libvcruntime:purevirt.obj
 0001:000046dc       __std_type_info_compare    00000001800056dc f   libvcruntime:std_type_info.obj
 0001:00004704       __std_type_info_destroy_list 0000000180005704 f   libvcruntime:std_type_info.obj
 0001:00004730       __std_type_info_name       0000000180005730 f   libvcruntime:std_type_info.obj
 0001:00004848       strstr                     0000000180005848 f   libvcruntime:strstr.obj
 0001:00004a44       __C_specific_handler       0000000180005a44 f   libvcruntime:riscchandler.obj
 0001:00004c50       __vcrt_initialize          0000000180005c50 f   libvcruntime:initialization.obj
 0001:00004c78       __vcrt_thread_attach       0000000180005c78 f   libvcruntime:initialization.obj
 0001:00004c8c       __vcrt_thread_detach       0000000180005c8c f   libvcruntime:initialization.obj
 0001:00004ca0       __vcrt_uninitialize        0000000180005ca0 f   libvcruntime:initialization.obj
 0001:00004cbc       __vcrt_uninitialize_critical 0000000180005cbc f   libvcruntime:initialization.obj
 0001:00004ccc       __DestructExceptionObject  0000000180005ccc f   libvcruntime:ehhelpers.obj
 0001:00004d3c       ?_CallMemberFunction0@@YAXQEAX0@Z 0000000180005d3c f i libvcruntime:ehhelpers.obj
 0001:00004d40       _IsExceptionObjectToBeDestroyed 0000000180005d40 f   libvcruntime:ehhelpers.obj
 0001:00004d70       __AdjustPointer            0000000180005d70 f   libvcruntime:ehhelpers.obj
 0001:00004d94       __FrameUnwindFilter        0000000180005d94 f   libvcruntime:ehhelpers.obj
 0001:00004e10       memset_repmovs             0000000180005e10 f   libvcruntime:memset.obj
 0001:00004e30       memset                     0000000180005e30 f   libvcruntime:memset.obj
 0001:00004fc0       ??$?0$00@DName@@QEAA@PEBDU?$StringLifeSelector@$00@@@Z 0000000180005fc0 f i libvcruntime:undname.obj
 0001:00005000       ??$?0$01@DName@@QEAA@PEBDU?$StringLifeSelector@$01@@@Z 0000000180006000 f i libvcruntime:undname.obj
 0001:00005000       ??$?0$0A@@DName@@QEAA@PEBDU?$StringLifeSelector@$0A@@@@Z 0000000180006000 f i libvcruntime:undname.obj
 0001:00005040       ??$?0$0A@@pcharNode@@QEAA@PEBDHU?$StringLifeSelector@$0A@@@@Z 0000000180006040 f i libvcruntime:undname.obj
 0001:00005040       ??$?0$01@pcharNode@@QEAA@PEBDHU?$StringLifeSelector@$01@@@Z 0000000180006040 f i libvcruntime:undname.obj
 0001:000050b4       ??$append@VcharNode@@@DName@@AEAAXPEBVcharNode@@@Z 00000001800060b4 f i libvcruntime:undname.obj
 0001:000050b4       ??$append@VDNameNode@@@DName@@AEAAXPEBVDNameNode@@@Z 00000001800060b4 f i libvcruntime:undname.obj
 0001:000050b4       ??$append@VpcharNode@@@DName@@AEAAXPEBVpcharNode@@@Z 00000001800060b4 f i libvcruntime:undname.obj
 0001:000050b4       ??$append@VDNameStatusNode@@@DName@@AEAAXPEBVDNameStatusNode@@@Z 00000001800060b4 f i libvcruntime:undname.obj
 0001:00005118       ??$doPchar@$00@DName@@AEAAXPEBDH@Z 0000000180006118 f i libvcruntime:undname.obj
 0001:000051bc       ??$doPchar@$0A@@DName@@AEAAXPEBDH@Z 00000001800061bc f i libvcruntime:undname.obj
 0001:000051bc       ??$doPchar@$01@DName@@AEAAXPEBDH@Z 00000001800061bc f i libvcruntime:undname.obj
 0001:00005254       ??0DName@@QEAA@AEAPEBDD@Z  0000000180006254 f   libvcruntime:undname.obj
 0001:00005304       ??0DName@@QEAA@AEBUStringLiteral@@@Z 0000000180006304 f   libvcruntime:undname.obj
 0001:00005330       ??0DName@@QEAA@PEAV0@@Z    0000000180006330 f   libvcruntime:undname.obj
 0001:000053b4       ??0DName@@QEAA@_J@Z        00000001800063b4 f   libvcruntime:undname.obj
 0001:0000545c       ??0DName@@QEAA@_K@Z        000000018000645c f   libvcruntime:undname.obj
 0001:000054ec       ??2@YAPEAX_KAEAV_HeapManager@@H@Z 00000001800064ec f   libvcruntime:undname.obj
 0001:00005518       ??AReplicator@@QEBA?AVDName@@H@Z 0000000180006518 f   libvcruntime:undname.obj
 0001:00005558       ??HDName@@QEBA?AV0@AEBUStringLiteral@@@Z 0000000180006558 f   libvcruntime:undname.obj
 0001:00005584       ??HDName@@QEBA?AV0@AEBV0@@Z 0000000180006584 f   libvcruntime:undname.obj
 0001:000055b0       ??HDName@@QEBA?AV0@D@Z     00000001800065b0 f   libvcruntime:undname.obj
 0001:000055dc       ??HDName@@QEBA?AV0@W4DNameStatus@@@Z 00000001800065dc f   libvcruntime:undname.obj
 0001:00005608       ??YDName@@QEAAAEAV0@AEBUStringLiteral@@@Z 0000000180006608 f   libvcruntime:undname.obj
 0001:00005688       ??YDName@@QEAAAEAV0@AEBV0@@Z 0000000180006688 f   libvcruntime:undname.obj
 0001:0000573c       ??YDName@@QEAAAEAV0@D@Z    000000018000673c f   libvcruntime:undname.obj
 0001:000057a8       ??YDName@@QEAAAEAV0@W4DNameStatus@@@Z 00000001800067a8 f   libvcruntime:undname.obj
 0001:00005814       ??YReplicator@@QEAAAEAV0@AEBVDName@@@Z 0000000180006814 f   libvcruntime:undname.obj
 0001:0000586c       ?UScore@UnDecorator@@SA?AUStringLiteral@@W4Tokens@@@Z 000000018000686c f   libvcruntime:undname.obj
 0001:000058b8       ?composeDeclaration@UnDecorator@@CA?AVDName@@AEBV2@@Z 00000001800068b8 f i libvcruntime:undname.obj
 0001:00006760       ?doPchar@DName@@AEAAXD@Z   0000000180007760 f   libvcruntime:undname.obj
 0001:000067b0       ?getAddressOf@UnDecorator@@CA?AVDName@@XZ 00000001800077b0 f   libvcruntime:undname.obj
 0001:00006840       ?getArgumentList@UnDecorator@@CA?AVDName@@XZ 0000000180007840 f   libvcruntime:undname.obj
 0001:000069d4       ?getArgumentTypes@UnDecorator@@CA?AVDName@@XZ 00000001800079d4 f   libvcruntime:undname.obj
 0001:00006b30       ?getArrayAccess@UnDecorator@@CA?AVDName@@XZ 0000000180007b30 f   libvcruntime:undname.obj
 0001:00006bcc       ?getArrayObject@UnDecorator@@CA?AVDName@@XZ 0000000180007bcc f   libvcruntime:undname.obj
 0001:00006c94       ?getArrayType@UnDecorator@@CA?AVDName@@AEBV2@@Z 0000000180007c94 f i libvcruntime:undname.obj
 0001:00006edc       ?getBasedType@UnDecorator@@CA?AVDName@@XZ 0000000180007edc f   libvcruntime:undname.obj
 0001:00006fd4       ?getBasicDataType@UnDecorator@@CA?AVDName@@AEBV2@@Z 0000000180007fd4 f   libvcruntime:undname.obj
 0001:00007584       ?getCallingConvention@UnDecorator@@CA?AVDName@@XZ 0000000180008584 f   libvcruntime:undname.obj
 0001:000076c4       ?getDataIndirectType@UnDecorator@@CA?AVDName@@AEBV2@W4IndirectionKind@@0H@Z 00000001800086c4 f   libvcruntime:undname.obj
 0001:00007f5c       ?getDataType@UnDecorator@@CA?AVDName@@PEAV2@@Z 0000000180008f5c f   libvcruntime:undname.obj
 0001:00008070       ?getDecoratedName@UnDecorator@@CA?AVDName@@XZ 0000000180009070 f   libvcruntime:undname.obj
 0001:00008354       ?getDimension@UnDecorator@@CA?AVDName@@_N@Z 0000000180009354 f   libvcruntime:undname.obj
 0001:000084a0       ?getDispatchTarget@UnDecorator@@CA?AVDName@@XZ 00000001800094a0 f   libvcruntime:undname.obj
 0001:000084ec       ?getECSUDataType@UnDecorator@@CA?AVDName@@XZ 00000001800094ec f   libvcruntime:undname.obj
 0001:000086cc       ?getEnumType@UnDecorator@@CA?AVDName@@XZ 00000001800096cc f i libvcruntime:undname.obj
 0001:000087fc       ?getExtendedDataIndirectType@UnDecorator@@CA?AVDName@@AEAW4IndirectionKind@@AEA_NH@Z 00000001800097fc f   libvcruntime:undname.obj
 0001:00008a04       ?getExternalDataType@UnDecorator@@CA?AVDName@@AEBV2@@Z 0000000180009a04 f i libvcruntime:undname.obj
 0001:00008ac4       ?getFloatingPoint@UnDecorator@@CA?AVDName@@H@Z 0000000180009ac4 f   libvcruntime:undname.obj
 0001:00008bec       ?getFunctionIndirectType@UnDecorator@@CA?AVDName@@AEBV2@@Z 0000000180009bec f   libvcruntime:undname.obj
 0001:00009124       ?getLastChar@DNameStatusNode@@UEBADXZ 000000018000a124 f i libvcruntime:undname.obj
 0001:00009130       ?getLastChar@charNode@@UEBADXZ 000000018000a130 f i libvcruntime:undname.obj
 0001:00009134       ?getLastChar@pDNameNode@@UEBADXZ 000000018000a134 f i libvcruntime:undname.obj
 0001:00009160       ?getLastChar@pairNode@@UEBADXZ 000000018000a160 f i libvcruntime:undname.obj
 0001:00009198       ?getLastChar@pcharNode@@UEBADXZ 000000018000a198 f i libvcruntime:undname.obj
 0001:000091ac       ?getLexicalFrame@UnDecorator@@CA?AVDName@@XZ 000000018000a1ac f i libvcruntime:undname.obj
 0001:00009210       ?getMemberAccess@UnDecorator@@CA?AVDName@@XZ 000000018000a210 f   libvcruntime:undname.obj
 0001:000092a4       ?getMemoryWithBuffer@_HeapManager@@QEAAPEAX_K@Z 000000018000a2a4 f   libvcruntime:undname.obj
 0001:00009334       ?getNoexcept@UnDecorator@@CA?AVDName@@XZ 000000018000a334 f   libvcruntime:undname.obj
 0001:00009398       ?getNumberOfDimensions@UnDecorator@@CAHXZ 000000018000a398 f   libvcruntime:undname.obj
 0001:0000940c       ?getOperatorName@UnDecorator@@CA?AVDName@@_NPEA_N@Z 000000018000a40c f i libvcruntime:undname.obj
 0001:00009e00       ?getPointerToMember@UnDecorator@@CA?AVDName@@XZ 000000018000ae00 f   libvcruntime:undname.obj
 0001:00009ef8       ?getPrimaryDataType@UnDecorator@@CA?AVDName@@AEBV2@@Z 000000018000aef8 f   libvcruntime:undname.obj
 0001:0000a1ac       ?getPtrRefDataType@UnDecorator@@CA?AVDName@@AEBV2@H@Z 000000018000b1ac f   libvcruntime:undname.obj
 0001:0000a378       ?getPtrRefType@UnDecorator@@CA?AVDName@@AEBV2@0W4IndirectionKind@@@Z 000000018000b378 f   libvcruntime:undname.obj
 0001:0000a550       ?getRestrictionSpec@UnDecorator@@CA?AVDName@@XZ 000000018000b550 f   libvcruntime:undname.obj
 0001:0000a71c       ?getReturnType@UnDecorator@@CA?AVDName@@PEAV2@@Z 000000018000b71c f   libvcruntime:undname.obj
 0001:0000a750       ?getScope@UnDecorator@@CA?AVDName@@XZ 000000018000b750 f   libvcruntime:undname.obj
 0001:0000ac04       ?getScopedName@UnDecorator@@CA?AVDName@@XZ 000000018000bc04 f   libvcruntime:undname.obj
 0001:0000ad40       ?getSignedDimension@UnDecorator@@CA?AVDName@@XZ 000000018000bd40 f   libvcruntime:undname.obj
 0001:0000adc8       ?getString@DNameStatusNode@@UEBAPEADPEAD0@Z 000000018000bdc8 f i libvcruntime:undname.obj
 0001:0000ae10       ?getString@charNode@@UEBAPEADPEAD0@Z 000000018000be10 f i libvcruntime:undname.obj
 0001:0000ae24       ?getString@pDNameNode@@UEBAPEADPEAD0@Z 000000018000be24 f i libvcruntime:undname.obj
 0001:0000ae54       ?getString@pairNode@@UEBAPEADPEAD0@Z 000000018000be54 f i libvcruntime:undname.obj
 0001:0000aea0       ?getString@pcharNode@@UEBAPEADPEAD0@Z 000000018000bea0 f i libvcruntime:undname.obj
 0001:0000aed8       ?getStringEncoding@UnDecorator@@CA?AVDName@@W4PrefixKind@@H@Z 000000018000bed8 f   libvcruntime:undname.obj
 0001:0000afbc       ?getStringObject@UnDecorator@@CA?AVDName@@XZ 000000018000bfbc f   libvcruntime:undname.obj
 0001:0000b024       ?getSymbolName@UnDecorator@@CA?AVDName@@XZ 000000018000c024 f i libvcruntime:undname.obj
 0001:0000b070       ?getTemplateArgumentList@UnDecorator@@CA?AVDName@@XZ 000000018000c070 f   libvcruntime:undname.obj
 0001:0000b2e4       ?getTemplateName@UnDecorator@@CA?AVDName@@_N@Z 000000018000c2e4 f   libvcruntime:undname.obj
 0001:0000b578       ?getTemplateNonTypeArgument@UnDecorator@@CA?AVDName@@XZ 000000018000c578 f   libvcruntime:undname.obj
 0001:0000baac       ?getTemplateTypeArgument@UnDecorator@@CA?AVDName@@XZ 000000018000caac f   libvcruntime:undname.obj
 0001:0000bc14       ?getThrowTypes@UnDecorator@@CA?AVDName@@XZ 000000018000cc14 f   libvcruntime:undname.obj
 0001:0000bc38       ?getTypeEncoding@UnDecorator@@CAHXZ 000000018000cc38 f i libvcruntime:undname.obj
 0001:0000bfc8       ?getUndecoratedName@UnDecorator@@QEAAPEADPEADH@Z 000000018000cfc8 f i libvcruntime:undname.obj
 0001:0000c11c       ?getUnionObject@UnDecorator@@CA?AVDName@@XZ 000000018000d11c f   libvcruntime:undname.obj
 0001:0000c1f4       ?getVCallThunkType@UnDecorator@@CA?AVDName@@XZ 000000018000d1f4 f i libvcruntime:undname.obj
 0001:0000c26c       ?getValue@UnDecorator@@CA?AV?$optional@_K@std@@XZ 000000018000d26c f   libvcruntime:undname.obj
 0001:0000c2e0       ?getValueObject@UnDecorator@@CA?AVDName@@XZ 000000018000d2e0 f   libvcruntime:undname.obj
 0001:0000c438       ?getVdispMapType@UnDecorator@@CA?AVDName@@AEBV2@@Z 000000018000d438 f i libvcruntime:undname.obj
 0001:0000c4b4       ?getVfTableType@UnDecorator@@CA?AVDName@@AEBV2@@Z 000000018000d4b4 f i libvcruntime:undname.obj
 0001:0000c6bc       ?getZName@UnDecorator@@CA?AVDName@@_N0@Z 000000018000d6bc f   libvcruntime:undname.obj
 0001:0000c9a4       ?raw_length@DNameStatusNode@@UEBAHXZ 000000018000d9a4 f i libvcruntime:undname.obj
 0001:0000c9a4       ?length@DNameStatusNode@@UEBAHXZ 000000018000d9a4 f i libvcruntime:undname.obj
 0001:0000c9a8       ?length@pDNameNode@@UEBAHXZ 000000018000d9a8 f i libvcruntime:undname.obj
 0001:0000c9d0       ?length@pairNode@@UEBAHXZ  000000018000d9d0 f i libvcruntime:undname.obj
 0001:0000ca18       ?length@pcharNode@@UEBAHXZ 000000018000da18 f i libvcruntime:undname.obj
 0001:0000ca18       ?raw_length@pcharNode@@UEBAHXZ 000000018000da18 f i libvcruntime:undname.obj
 0001:0000ca1c       ?parseDecoratedName@UnDecorator@@CA?AVDName@@XZ 000000018000da1c f   libvcruntime:undname.obj
 0001:0000cb30       ?raw_length@pDNameNode@@UEBAHXZ 000000018000db30 f i libvcruntime:undname.obj
 0001:0000cb34       ?raw_length@pairNode@@UEBAHXZ 000000018000db34 f i libvcruntime:undname.obj
 0001:0000cb38       __unDName                  000000018000db38 f   libvcruntime:undname.obj
 0001:0000cb60       __unDNameEx                000000018000db60 f   libvcruntime:undname.obj
 0001:0000cc94       sprintf_s                  000000018000dc94 f i libvcruntime:undname.obj
 0001:0000cd00       _NLG_Notify                000000018000dd00 f   libvcruntime:notify.obj
 0001:0000cd20       __NLG_Dispatch2            000000018000dd20 f   libvcruntime:notify.obj
 0001:0000cd30       __NLG_Return2              000000018000dd30 f   libvcruntime:notify.obj
 0001:0000cd34       __except_validate_context_record 000000018000dd34 f   libvcruntime:jbcxrval.obj
 0001:0000cd6c       __vcrt_freefls             000000018000dd6c f   libvcruntime:per_thread_data.obj
 0001:0000cd8c       __vcrt_freeptd             000000018000dd8c f   libvcruntime:per_thread_data.obj
 0001:0000cddc       __vcrt_getptd              000000018000dddc f   libvcruntime:per_thread_data.obj
 0001:0000cdf8       __vcrt_getptd_noexit       000000018000ddf8 f   libvcruntime:per_thread_data.obj
 0001:0000ceb8       __vcrt_initialize_ptd      000000018000deb8 f   libvcruntime:per_thread_data.obj
 0001:0000cf00       __vcrt_uninitialize_ptd    000000018000df00 f   libvcruntime:per_thread_data.obj
 0001:0000cf24       __vcrt_initialize_locks    000000018000df24 f   libvcruntime:locks.obj
 0001:0000cf58       __vcrt_lock                000000018000df58 f   libvcruntime:locks.obj
 0001:0000cf74       __vcrt_uninitialize_locks  000000018000df74 f   libvcruntime:locks.obj
 0001:0000cfac       __vcrt_unlock              000000018000dfac f   libvcruntime:locks.obj
 0001:0000cfc8       ??$_CallSETranslator@V__FrameHandler4@@@@YAHPEAUEHExceptionRecord@@PEA_KPEAU_CONTEXT@@PEAU_xDISPATCHER_CONTEXT@@PEAUFuncInfo4@FH4@@K1H@Z 000000018000dfc8 f i libvcruntime:risctrnsctrl.obj
 0001:0000d01c       ?DecompFuncInfo@FH4@@YA_JPEAEAEAUFuncInfo4@1@_KH_N@Z 000000018000e01c f i libvcruntime:risctrnsctrl.obj
 0001:0000d140       ?ExecutionInCatch@__FrameHandler4@@SA_NPEAU_xDISPATCHER_CONTEXT@@PEAUFuncInfo4@FH4@@@Z 000000018000e140 f   libvcruntime:risctrnsctrl.obj
 0001:0000d148       ?FrameUnwindToEmptyState@__FrameHandler4@@SAXPEA_KPEAU_xDISPATCHER_CONTEXT@@PEAUFuncInfo4@FH4@@@Z 000000018000e148 f   libvcruntime:risctrnsctrl.obj
 0001:0000d17c       ?GetEstablisherFrame@__FrameHandler4@@SAPEA_KPEA_KPEAU_xDISPATCHER_CONTEXT@@PEAUFuncInfo4@FH4@@0@Z 000000018000e17c f   libvcruntime:risctrnsctrl.obj
 0001:0000d1a0       ?GetRangeOfTrysToCheck@__FrameHandler4@@SA?AU?$pair@Viterator@TryBlockMap4@FH4@@V123@@std@@AEAVTryBlockMap4@FH4@@HPEAU_xDISPATCHER_CONTEXT@@PEAUFuncInfo4@5@H@Z 000000018000e1a0 f   libvcruntime:risctrnsctrl.obj
 0001:0000d308       ?UnwindNestedFrames@__FrameHandler4@@SAXPEA_KPEAUEHExceptionRecord@@PEAU_CONTEXT@@0PEAXPEAUFuncInfo4@FH4@@HHPEAUHandlerType4@5@PEAU_xDISPATCHER_CONTEXT@@E@Z 000000018000e308 f   libvcruntime:risctrnsctrl.obj
 0001:0000d428       ?setBuffer@TryBlockMap4@FH4@@QEAAXViterator@12@@Z 000000018000e428 f i libvcruntime:risctrnsctrl.obj
 0001:0000d5e8       _CreateFrameInfo           000000018000e5e8 f   libvcruntime:risctrnsctrl.obj
 0001:0000d624       _FindAndUnlinkFrame        000000018000e624 f   libvcruntime:risctrnsctrl.obj
 0001:0000d678       _GetImageBase              000000018000e678 f   libvcruntime:risctrnsctrl.obj
 0001:0000d68c       _GetThrowImageBase         000000018000e68c f   libvcruntime:risctrnsctrl.obj
 0001:0000d6a0       _SetImageBase              000000018000e6a0 f   libvcruntime:risctrnsctrl.obj
 0001:0000d6b8       _SetThrowImageBase         000000018000e6b8 f   libvcruntime:risctrnsctrl.obj
 0001:0000d6d0       __CxxFrameHandler4         000000018000e6d0 f   libvcruntime:risctrnsctrl.obj
 0001:0000d7a0       memcpy_repmovs             000000018000e7a0 f   libvcruntime:memcpy.obj
 0001:0000d7c0       memmove                    000000018000e7c0 f   libvcruntime:memcpy.obj
 0001:0000d7c0       memcpy                     000000018000e7c0 f   libvcruntime:memcpy.obj
 0001:0000df88       __vcrt_FlsAlloc            000000018000ef88 f   libvcruntime:winapi_downlevel.obj
 0001:0000dfd0       __vcrt_FlsFree             000000018000efd0 f   libvcruntime:winapi_downlevel.obj
 0001:0000e018       __vcrt_FlsGetValue         000000018000f018 f   libvcruntime:winapi_downlevel.obj
 0001:0000e060       __vcrt_FlsSetValue         000000018000f060 f   libvcruntime:winapi_downlevel.obj
 0001:0000e0b4       __vcrt_InitializeCriticalSectionEx 000000018000f0b4 f   libvcruntime:winapi_downlevel.obj
 0001:0000e118       ?StateFromControlPc@__FrameHandler4@@SAHPEAUFuncInfo4@FH4@@PEAU_xDISPATCHER_CONTEXT@@@Z 000000018000f118 f   libvcruntime:ehstate.obj
 0001:0000e120       ?StateFromIp@__FrameHandler4@@SAHPEAUFuncInfo4@FH4@@PEAU_xDISPATCHER_CONTEXT@@_K@Z 000000018000f120 f   libvcruntime:ehstate.obj
 0001:0000ed90       ??$TypeMatchHelper@V__FrameHandler3@@@@YAHPEBU_s_HandlerType@@PEBU_s_CatchableType@@PEBU_s_ThrowInfo@@@Z 000000018000fd90 f i libvcruntime:frame.obj
 0001:0000eed0       ??$TypeMatchHelper@V__FrameHandler4@@@@YAHPEAUHandlerType4@FH4@@PEBU_s_CatchableType@@PEBU_s_ThrowInfo@@@Z 000000018000fed0 f i libvcruntime:frame.obj
 0001:0000f014       ??$__InternalCxxFrameHandler@V__FrameHandler4@@@@YA?AW4_EXCEPTION_DISPOSITION@@PEAUEHExceptionRecord@@PEA_KPEAU_CONTEXT@@PEAU_xDISPATCHER_CONTEXT@@PEAUFuncInfo4@FH4@@H1E@Z 0000000180010014 f i libvcruntime:frame.obj
 0001:0000f2a8       ??0HandlerMap4@FH4@@QEAA@PEBUTryBlockMapEntry4@1@_KH@Z 00000001800102a8 f i libvcruntime:frame.obj
 0001:0000f324       ??0TryBlockMap4@FH4@@QEAA@PEBUFuncInfo4@1@_K@Z 0000000180010324 f i libvcruntime:frame.obj
 0001:0000f3fc       ??0bad_exception@std@@QEAA@AEBV01@@Z 00000001800103fc f i libvcruntime:frame.obj
 0001:0000f438       ??0bad_exception@std@@QEAA@XZ 0000000180010438 f i libvcruntime:frame.obj
 0001:0000f458       ??0exception@std@@QEAA@AEBV01@@Z 0000000180010458 f i libvcruntime:frame.obj
 0001:0000f48c       ??1bad_exception@std@@UEAA@XZ 000000018001048c f i libvcruntime:frame.obj
 0001:0000f4a0       ??_Eexception@std@@UEAAPEAXI@Z 00000001800104a0 f i libvcruntime:frame.obj
 0001:0000f4a0       ??_Gexception@std@@UEAAPEAXI@Z 00000001800104a0 f i libvcruntime:frame.obj
 0001:0000f4a0       ??_Ebad_exception@std@@UEAAPEAXI@Z 00000001800104a0 f i libvcruntime:frame.obj
 0001:0000f4a0       ??_Gbad_exception@std@@UEAAPEAXI@Z 00000001800104a0 f i libvcruntime:frame.obj
 0001:0000f4e4       ?CxxCallCatchBlock@__FrameHandler4@@SAPEAXPEAU_EXCEPTION_RECORD@@@Z 00000001800104e4 f   libvcruntime:frame.obj
 0001:0000f734       ?DecompHandler@HandlerMap4@FH4@@AEAAXXZ 0000000180010734 f i libvcruntime:frame.obj
 0001:0000f974       ?FrameUnwindToState@__FrameHandler4@@SAXPEA_KPEAU_xDISPATCHER_CONTEXT@@PEAUFuncInfo4@FH4@@H@Z 0000000180010974 f   libvcruntime:frame.obj
 0001:0000fdd4       ?ReadEntry@UWMap4@FH4@@AEAAXPEAPEAE@Z 0000000180010dd4 f i libvcruntime:frame.obj
 0001:0000fe74       ?_CallMemberFunction1@@YAXQEAX00@Z 0000000180010e74 f i libvcruntime:frame.obj
 0001:0000fe80       ?_CallMemberFunction2@@YAXQEAX00H@Z 0000000180010e80 f i libvcruntime:frame.obj
 0001:0000fe90       ?getStartStop@UWMap4@FH4@@QEAAXHHAEAViterator@12@0@Z 0000000180010e90 f i libvcruntime:frame.obj
 0001:0000ff60       ?getStateFromIterators@UWMap4@FH4@@SAHAEBViterator@12@H0H0@Z 0000000180010f60 f i libvcruntime:frame.obj
 0001:00010028       ?what@exception@std@@UEBAPEBDXZ 0000000180011028 f i libvcruntime:frame.obj
 0001:00010050       _CallSettingFrame          0000000180011050 f   libvcruntime:handlers.obj
 0001:000100a0       _CallSettingFrame_LookupContinuationIndex 00000001800110a0 f   libvcruntime:handlers.obj
 0001:000100d0       _CallSettingFrame_NotifyContinuationAddr 00000001800110d0 f   libvcruntime:handlers.obj
 0001:00010100       _CallSettingFrameEncoded   0000000180011100 f   libvcruntime:handlers.obj
 0001:00010148       __std_exception_copy       0000000180011148 f   libvcruntime:std_exception.obj
 0001:000101d8       __std_exception_destroy    00000001800111d8 f   libvcruntime:std_exception.obj
 0001:00010200       _CxxThrowException         0000000180011200 f   libvcruntime:throw.obj
 0001:000102a0       cosf                       00000001800112a0 f   libucrt:cosf.obj
 0001:000107a0       sinf                       00000001800117a0 f   libucrt:sinf.obj
 0001:00010e98       free                       0000000180011e98 f   libucrt:free.obj
 0001:00010eac       _initterm                  0000000180011eac f   libucrt:initterm.obj
 0001:00010f10       _initterm_e                0000000180011f10 f   libucrt:initterm.obj
 0001:00010f50       _seh_filter_dll            0000000180011f50 f   libucrt:exception_filter.obj
 0001:00010f64       _seh_filter_exe            0000000180011f64 f   libucrt:exception_filter.obj
 0001:00011354       __acrt_initialize_thread_local_exit_callback 0000000180012354 f   libucrt:exit.obj
 0001:0001135c       _cexit                     000000018001235c f   libucrt:exit.obj
 0001:0001136c       _exit                      000000018001236c f   libucrt:exit.obj
 0001:00011378       _is_c_termination_complete 0000000180012378 f   libucrt:exit.obj
 0001:00011540       __acrt_allocate_buffer_for_argv 0000000180012540 f   libucrt:argv_parsing.obj
 0001:000115a0       _configure_narrow_argv     00000001800125a0 f   libucrt:argv_parsing.obj
 0001:00011918       __dcrt_uninitialize_environments_nolock 0000000180012918 f   libucrt:environment_initialization.obj
 0001:00011950       _initialize_narrow_environment 0000000180012950 f   libucrt:environment_initialization.obj
 0001:00011aac       _execute_onexit_table      0000000180012aac f   libucrt:onexit.obj
 0001:00011ae8       _initialize_onexit_table   0000000180012ae8 f   libucrt:onexit.obj
 0001:00011b48       __acrt_uninitialize_command_line 0000000180012b48 f   libucrt:argv_data.obj
 0001:00011c40       __acrt_initialize          0000000180012c40 f   libucrt:initialization.obj
 0001:00011c54       __acrt_thread_attach       0000000180012c54 f   libucrt:initialization.obj
 0001:00011c68       __acrt_thread_detach       0000000180012c68 f   libucrt:initialization.obj
 0001:00011c78       __acrt_uninitialize        0000000180012c78 f   libucrt:initialization.obj
 0001:00011cb0       __acrt_uninitialize_critical 0000000180012cb0 f   libucrt:initialization.obj
 0001:00011cc0       terminate                  0000000180012cc0 f   libucrt:terminate.obj
 0001:00011ce0       abort                      0000000180012ce0 f   libucrt:abort.obj
 0001:00011d38       malloc                     0000000180012d38 f   libucrt:malloc.obj
 0001:00011d40       strcpy_s                   0000000180012d40 f   libucrt:strcpy_s.obj
 0001:00011f6c       ??$ensure_buffer_is_big_enough@D@formatting_buffer@__crt_stdio_output@@QEAA_N_K@Z 0000000180012f6c f i libucrt:output.obj
 0001:00012014       ??$type_case_integer_parse_into_buffer@I@?$output_processor@DV?$string_output_adapter@D@__crt_stdio_output@@V?$format_validation_base@DV?$string_output_adapter@D@__crt_stdio_output@@@2@@__crt_stdio_output@@AEAAXII_N@Z 0000000180013014 f i libucrt:output.obj
 0001:0001209c       ??$type_case_integer_parse_into_buffer@_K@?$output_processor@DV?$string_output_adapter@D@__crt_stdio_output@@V?$format_validation_base@DV?$string_output_adapter@D@__crt_stdio_output@@@2@@__crt_stdio_output@@AEAAX_KI_N@Z 000000018001309c f i libucrt:output.obj
 0001:0001212c       ??$write_multiple_characters@V?$string_output_adapter@D@__crt_stdio_output@@D@__crt_stdio_output@@YAXAEBV?$string_output_adapter@D@0@DHQEAH@Z 000000018001312c f i libucrt:output.obj
 0001:000121a4       ??0_LocaleUpdate@@QEAA@QEAU__crt_locale_pointers@@@Z 00000001800131a4 f i libucrt:output.obj
 0001:00012240       ?crop_zeroes@__crt_stdio_output@@YAXPEADQEAU__crt_locale_pointers@@@Z 0000000180013240 f i libucrt:output.obj
 0001:000122e0       ?force_decimal_point@__crt_stdio_output@@YAXPEADQEAU__crt_locale_pointers@@@Z 00000001800132e0 f i libucrt:output.obj
 0001:00012358       ?parse_int_from_format_string@?$output_processor@DV?$string_output_adapter@D@__crt_stdio_output@@V?$format_validation_base@DV?$string_output_adapter@D@__crt_stdio_output@@@2@@__crt_stdio_output@@AEAA_NQEAH@Z 0000000180013358 f i libucrt:output.obj
 0001:000123fc       ?process@?$output_processor@DV?$string_output_adapter@D@__crt_stdio_output@@V?$format_validation_base@DV?$string_output_adapter@D@__crt_stdio_output@@@2@@__crt_stdio_output@@QEAAHXZ 00000001800133fc f i libucrt:output.obj
 0001:00012610       ?state_case_normal@?$output_processor@DV?$string_output_adapter@D@__crt_stdio_output@@V?$format_validation_base@DV?$string_output_adapter@D@__crt_stdio_output@@@2@@__crt_stdio_output@@AEAA_NXZ 0000000180013610 f i libucrt:output.obj
 0001:00012684       ?state_case_normal_tchar@?$output_processor@DV?$string_output_adapter@D@__crt_stdio_output@@V?$format_validation_base@DV?$string_output_adapter@D@__crt_stdio_output@@@2@@__crt_stdio_output@@AEAA_ND@Z 0000000180013684 f i libucrt:output.obj
 0001:0001272c       ?state_case_size@?$output_processor@DV?$string_output_adapter@D@__crt_stdio_output@@V?$format_validation_base@DV?$string_output_adapter@D@__crt_stdio_output@@@2@@__crt_stdio_output@@AEAA_NXZ 000000018001372c f i libucrt:output.obj
 0001:0001289c       ?state_case_type@?$output_processor@DV?$string_output_adapter@D@__crt_stdio_output@@V?$format_validation_base@DV?$string_output_adapter@D@__crt_stdio_output@@@2@@__crt_stdio_output@@AEAA_NXZ 000000018001389c f i libucrt:output.obj
 0001:00012b10       ?to_integer_size@__crt_stdio_output@@YA_KW4length_modifier@1@@Z 0000000180013b10 f i libucrt:output.obj
 0001:00012b78       ?type_case_Z@?$output_processor@DV?$string_output_adapter@D@__crt_stdio_output@@V?$format_validation_base@DV?$string_output_adapter@D@__crt_stdio_output@@@2@@__crt_stdio_output@@AEAA_NXZ 0000000180013b78 f i libucrt:output.obj
 0001:00012bec       ?type_case_a@?$output_processor@DV?$string_output_adapter@D@__crt_stdio_output@@V?$format_validation_base@DV?$string_output_adapter@D@__crt_stdio_output@@@2@@__crt_stdio_output@@AEAA_NXZ 0000000180013bec f i libucrt:output.obj
 0001:00012da8       ?type_case_c_tchar@?$output_processor@DV?$string_output_adapter@D@__crt_stdio_output@@V?$format_validation_base@DV?$string_output_adapter@D@__crt_stdio_output@@@2@@__crt_stdio_output@@AEAA_ND@Z 0000000180013da8 f i libucrt:output.obj
 0001:00012e70       ?type_case_integer@?$output_processor@DV?$string_output_adapter@D@__crt_stdio_output@@V?$format_validation_base@DV?$string_output_adapter@D@__crt_stdio_output@@@2@@__crt_stdio_output@@AEAA_NI_N@Z 0000000180013e70 f i libucrt:output.obj
 0001:00012ff0       ?type_case_n@?$output_processor@DV?$string_output_adapter@D@__crt_stdio_output@@V?$format_validation_base@DV?$string_output_adapter@D@__crt_stdio_output@@@2@@__crt_stdio_output@@AEAA_NXZ 0000000180013ff0 f i libucrt:output.obj
 0001:00013078       ?type_case_s@?$output_processor@DV?$string_output_adapter@D@__crt_stdio_output@@V?$format_validation_base@DV?$string_output_adapter@D@__crt_stdio_output@@@2@@__crt_stdio_output@@AEAA_NXZ 0000000180014078 f i libucrt:output.obj
 0001:00013110       ?write_stored_string_tchar@?$output_processor@DV?$string_output_adapter@D@__crt_stdio_output@@V?$format_validation_base@DV?$string_output_adapter@D@__crt_stdio_output@@@2@@__crt_stdio_output@@AEAA_ND@Z 0000000180014110 f i libucrt:output.obj
 0001:000131ec       ?write_string@?$string_output_adapter@D@__crt_stdio_output@@QEBAXQEBDHQEAHAEAV__crt_deferred_errno_cache@@@Z 00000001800141ec f i libucrt:output.obj
 0001:00013290       __stdio_common_vsprintf_s  0000000180014290 f   libucrt:output.obj
 0001:000132f4       ??$parse_integer@KV?$c_string_character_source@D@__crt_strtox@@@__crt_strtox@@YAKQEAU__crt_locale_pointers@@V?$c_string_character_source@D@0@H_N@Z 00000001800142f4 f i libucrt:atox.obj
 0001:000135f8       _ischartype_l              00000001800145f8 f i libucrt:atox.obj
 0001:00013670       atol                       0000000180014670 f   libucrt:atox.obj
 0001:000136b0       strncmp                    00000001800146b0 f   libucrt:strncmp.obj
 0001:00013730       calloc                     0000000180014730 f   libucrt:calloc.obj
 0001:00013738       wcsncmp                    0000000180014738 f   libucrt:wcsncmp.obj
 0001:00013770       __remainder_piby2d2f_forAsm 0000000180014770 f   libucrt:remainder_piby2f_forasm.obj
 0001:000138c0       __remainder_piby2_fma3     00000001800148c0 f   libucrt:remainder_piby2_forfma3.obj
 0001:00013ab0       __remainder_piby2_fma3_bdl 0000000180014ab0 f   libucrt:remainder_piby2_forfma3.obj
 0001:00013b28       _cosf_special              0000000180014b28 f   libucrt:sincos_special.obj
 0001:00013bc8       _sinf_special              0000000180014bc8 f   libucrt:sincos_special.obj
 0001:00013bdc       _clrfp                     0000000180014bdc f   libucrt:fpctrl.obj
 0001:00013bfc       _ctrlfp                    0000000180014bfc f   libucrt:fpctrl.obj
 0001:00013c78       _set_statfp                0000000180014c78 f   libucrt:fpctrl.obj
 0001:00013c98       _statfp                    0000000180014c98 f   libucrt:fpctrl.obj
 0001:00013cb0       __acrt_initialize_fma3     0000000180014cb0 f   libucrt:fma3_available.obj
 0001:00013d20       __remainder_piby2d2f_forC  0000000180014d20 f   libucrt:remainder_piby2f_forc.obj
 0001:00013eac       _free_base                 0000000180014eac f   libucrt:free_base.obj
 0001:00014264       __acrt_freeptd             0000000180015264 f   libucrt:per_thread_data.obj
 0001:000142a8       __acrt_getptd              00000001800152a8 f   libucrt:per_thread_data.obj
 0001:0001437c       __acrt_getptd_head         000000018001537c f   libucrt:per_thread_data.obj
 0001:00014424       __acrt_getptd_noexit       0000000180015424 f   libucrt:per_thread_data.obj
 0001:000144f0       __acrt_initialize_ptd      00000001800154f0 f   libucrt:per_thread_data.obj
 0001:0001452c       __acrt_uninitialize_ptd    000000018001552c f   libucrt:per_thread_data.obj
 0001:00014550       __acrt_initialize_locks    0000000180015550 f   libucrt:locks.obj
 0001:00014598       __acrt_lock                0000000180015598 f   libucrt:locks.obj
 0001:000145b4       __acrt_uninitialize_locks  00000001800155b4 f   libucrt:locks.obj
 0001:000145ec       __acrt_unlock              00000001800155ec f   libucrt:locks.obj
 0001:00014608       __acrt_get_process_end_policy 0000000180015608 f   libucrt:win_policies.obj
 0001:00014644       __acrt_call_reportfault    0000000180015644 f   libucrt:invalid_parameter.obj
 0001:000147a0       __acrt_initialize_invalid_parameter_handler 00000001800157a0 f   libucrt:invalid_parameter.obj
 0001:000147a8       _invalid_parameter         00000001800157a8 f   libucrt:invalid_parameter.obj
 0001:00014858       _invalid_parameter_noinfo  0000000180015858 f   libucrt:invalid_parameter.obj
 0001:00014878       _invoke_watson             0000000180015878 f   libucrt:invalid_parameter.obj
 0001:000148c0       __acrt_errno_from_os_error 00000001800158c0 f   libucrt:errno.obj
 0001:00014908       __acrt_errno_map_os_error  0000000180015908 f   libucrt:errno.obj
 0001:00014958       __doserrno                 0000000180015958 f   libucrt:errno.obj
 0001:00014978       _errno                     0000000180015978 f   libucrt:errno.obj
 0001:00014998       _calloc_base               0000000180015998 f   libucrt:calloc_base.obj
 0001:00014a24       ??$__acrt_mbs_to_wcs_cp@U__crt_win32_buffer_internal_dynamic_resizing@@@@YAHQEBDAEAV?$__crt_win32_buffer@_WU__crt_win32_buffer_internal_dynamic_resizing@@@@I@Z 0000000180015a24 f i libucrt:argv_wildcards.obj
 0001:00014b9c       ??$__acrt_wcs_to_mbs_cp@U__crt_win32_buffer_internal_dynamic_resizing@@@@YAHQEB_WAEAV?$__crt_win32_buffer@DU__crt_win32_buffer_internal_dynamic_resizing@@@@I@Z 0000000180015b9c f i libucrt:argv_wildcards.obj
 0001:000153cc       __acrt_expand_narrow_argv_wildcards 00000001800163cc f   libucrt:argv_wildcards.obj
 0001:000153d4       ??$__acrt_wcs_to_mbs_cp@U__crt_win32_buffer_no_resizing@@@@YAHQEB_WAEAV?$__crt_win32_buffer@DU__crt_win32_buffer_no_resizing@@@@I@Z 00000001800163d4 f i libucrt:getmodulefilenamea.obj
 0001:000154e8       __acrt_GetModuleFileNameA  00000001800164e8 f   libucrt:getmodulefilenamea.obj
 0001:00015d30       __acrt_initialize_multibyte 0000000180016d30 f   libucrt:mbctype.obj
 0001:00015d90       __acrt_update_thread_multibyte_data 0000000180016d90 f   libucrt:mbctype.obj
 0001:00015dac       _setmbcp_nolock            0000000180016dac f   libucrt:mbctype.obj
 0001:000160e0       _ismbblead                 00000001800170e0 f   libucrt:ismbbyte.obj
 0001:000160f4       __acrt_initialize_command_line 00000001800170f4 f   libucrt:argv_data.obj
 0001:0001611c       __acrt_MultiByteToWideChar 000000018001711c f   libucrt:multibytetowidechar.obj
 0001:00016178       __acrt_WideCharToMultiByte 0000000180017178 f   libucrt:widechartomultibyte.obj
 0001:00016228       __dcrt_get_narrow_environment_from_os 0000000180017228 f   libucrt:get_environment_from_os.obj
 0001:0001632c       _recalloc_base             000000018001732c f   libucrt:recalloc.obj
 0001:0001659c       __acrt_AppPolicyGetProcessTerminationMethodInternal 000000018001759c f   libucrt:winapi_thunks.obj
 0001:000165ec       __acrt_AreFileApisANSI     00000001800175ec f   libucrt:winapi_thunks.obj
 0001:00016628       __acrt_FlsAlloc            0000000180017628 f   libucrt:winapi_thunks.obj
 0001:00016670       __acrt_FlsFree             0000000180017670 f   libucrt:winapi_thunks.obj
 0001:000166b8       __acrt_FlsGetValue         00000001800176b8 f   libucrt:winapi_thunks.obj
 0001:00016700       __acrt_FlsSetValue         0000000180017700 f   libucrt:winapi_thunks.obj
 0001:00016754       __acrt_InitializeCriticalSectionEx 0000000180017754 f   libucrt:winapi_thunks.obj
 0001:000167b8       __acrt_LCMapStringEx       00000001800177b8 f   libucrt:winapi_thunks.obj
 0001:00016894       __acrt_LocaleNameToLCID    0000000180017894 f   libucrt:winapi_thunks.obj
 0001:000168e4       __acrt_initialize_winapi_thunks 00000001800178e4 f   libucrt:winapi_thunks.obj
 0001:00016918       __acrt_uninitialize_winapi_thunks 0000000180017918 f   libucrt:winapi_thunks.obj
 0001:0001695c       __acrt_initialize_heap     000000018001795c f   libucrt:heap_handle.obj
 0001:00016978       __acrt_uninitialize_heap   0000000180017978 f   libucrt:heap_handle.obj
 0001:00016b80       __acrt_initialize_lowio    0000000180017b80 f   libucrt:ioinit.obj
 0001:00016bbc       __acrt_uninitialize_lowio  0000000180017bbc f   libucrt:ioinit.obj
 0001:00016bfc       __acrt_execute_initializers 0000000180017bfc f   libucrt:shared_initialization.obj
 0001:00016c7c       __acrt_execute_uninitializers 0000000180017c7c f   libucrt:shared_initialization.obj
 0001:00016cb8       __acrt_initialize_new_handler 0000000180017cb8 f   libucrt:new_handler.obj
 0001:00016cc0       _callnewh                  0000000180017cc0 f   libucrt:new_handler.obj
 0001:00016cf0       _query_new_handler         0000000180017cf0 f   libucrt:new_handler.obj
 0001:00016d6c       __acrt_get_sigabrt_handler 0000000180017d6c f   libucrt:signal.obj
 0001:00016d9c       __acrt_initialize_signal_handlers 0000000180017d9c f   libucrt:signal.obj
 0001:00016dbc       raise                      0000000180017dbc f   libucrt:signal.obj
 0001:00017028       __acrt_has_user_matherr    0000000180018028 f   libucrt:matherr.obj
 0001:00017048       __acrt_initialize_user_matherr 0000000180018048 f   libucrt:matherr.obj
 0001:00017050       __acrt_invoke_user_matherr 0000000180018050 f   libucrt:matherr.obj
 0001:0001725c       __acrt_stdio_flush_nolock  000000018001825c f   libucrt:fflush.obj
 0001:000172d8       _fflush_nolock             00000001800182d8 f   libucrt:fflush.obj
 0001:00017324       _flushall                  0000000180018324 f   libucrt:fflush.obj
 0001:0001732c       __acrt_initialize_stdio    000000018001832c f   libucrt:_file.obj
 0001:0001744c       __acrt_uninitialize_stdio  000000018001844c f   libucrt:_file.obj
 0001:000174a8       _lock_file                 00000001800184a8 f   libucrt:_file.obj
 0001:000174b4       _unlock_file               00000001800184b4 f   libucrt:_file.obj
 0001:000174c0       _malloc_base               00000001800184c0 f   libucrt:malloc_base.obj
 0001:00017520       strtol                     0000000180018520 f   libucrt:strtox.obj
 0001:0001754c       _mbtowc_l                  000000018001854c f   libucrt:mbtowc.obj
 0001:000176cc       mbtowc                     00000001800186cc f   libucrt:mbtowc.obj
 0001:000176d4       _wctomb_s_l                00000001800186d4 f   libucrt:wctomb.obj
 0001:00017870       strnlen                    0000000180018870 f   libucrt:strnlen.obj
 0001:000179c0       wcsnlen                    00000001800189c0 f   libucrt:strnlen.obj
 0001:00017b98       __acrt_update_locale_info  0000000180018b98 f   libucrt:locale_update.obj
 0001:00017bcc       __acrt_update_multibyte_info 0000000180018bcc f   libucrt:locale_update.obj
 0001:0001860c       __acrt_fp_format           000000018001960c f   libucrt:cvt.obj
 0001:00018944       _fileno                    0000000180019944 f   libucrt:fileno.obj
 0001:0001896c       _get_printf_count_output   000000018001996c f   libucrt:printf_count_output.obj
 0001:000189f4       __acrt_set_locale_changed  00000001800199f4 f   libucrt:wsetlocale.obj
 0001:00018a00       __acrt_uninitialize_locale 0000000180019a00 f   libucrt:wsetlocale.obj
 0001:00018a30       __pctype_func              0000000180019a30 f   libucrt:ctype.obj
 0001:00018a60       _isctype_l                 0000000180019a60 f   libucrt:isctype.obj
 0001:00018c8c       _handle_error              0000000180019c8c f   libucrt:libm_error.obj
 0001:00018db4       _handle_errorf             0000000180019db4 f   libucrt:libm_error.obj
 0001:00018ee8       _handle_nan                0000000180019ee8 f   libucrt:libm_error.obj
 0001:00018f20       _get_fpsr                  0000000180019f20 f   libucrt:fpsr.obj
 0001:00018f30       _set_fpsr                  0000000180019f30 f   libucrt:fpsr.obj
 0001:00018f3a       _fclrf                     0000000180019f3a f   libucrt:fpsr.obj
 0001:00018f4e       _frnd                      0000000180019f4e f   libucrt:fpsr.obj
 0001:00018f70       __acrt_add_locale_ref      0000000180019f70 f   libucrt:locale_refcounting.obj
 0001:00018ffc       __acrt_free_locale         0000000180019ffc f   libucrt:locale_refcounting.obj
 0001:00019174       __acrt_locale_add_lc_time_reference 000000018001a174 f   libucrt:locale_refcounting.obj
 0001:0001919c       __acrt_locale_free_lc_time_if_unreferenced 000000018001a19c f   libucrt:locale_refcounting.obj
 0001:000191d4       __acrt_locale_release_lc_time_reference 000000018001a1d4 f   libucrt:locale_refcounting.obj
 0001:000191fc       __acrt_release_locale_ref  000000018001a1fc f   libucrt:locale_refcounting.obj
 0001:000192a4       __acrt_update_thread_locale_data 000000018001a2a4 f   libucrt:locale_refcounting.obj
 0001:00019314       _updatetlocinfoEx_nolock   000000018001a314 f   libucrt:locale_refcounting.obj
 0001:0001937c       _query_new_mode            000000018001a37c f   libucrt:new_mode.obj
 0001:00019390       qsort                      000000018001a390 f   libucrt:qsort.obj
 0001:00019730       strncpy_s                  000000018001a730 f   libucrt:strncpy_s.obj
 0001:000198b0       strpbrk                    000000018001a8b0 f   libucrt:strpbrk.obj
 0001:00019c78       _mbsdec                    000000018001ac78 f   libucrt:mbsdec.obj
 0001:00019c80       _mbsdec_l                  000000018001ac80 f   libucrt:mbsdec.obj
 0001:00019d14       __acrt_GetStringTypeA      000000018001ad14 f   libucrt:getstringtypea.obj
 0001:0001a1bc       __acrt_LCMapStringA        000000018001b1bc f   libucrt:lcmapstringa.obj
 0001:0001a26c       _msize_base                000000018001b26c f   libucrt:msize.obj
 0001:0001a2a8       _realloc_base              000000018001b2a8 f   libucrt:realloc_base.obj
 0001:0001a324       __acrt_DownlevelLocaleNameToLCID 000000018001b324 f   libucrt:lcidtoname_downlevel.obj
 0001:0001a3d4       __acrt_lowio_create_handle_array 000000018001b3d4 f   libucrt:osfinfo.obj
 0001:0001a47c       __acrt_lowio_destroy_handle_array 000000018001b47c f   libucrt:osfinfo.obj
 0001:0001a4cc       __acrt_lowio_ensure_fh_exists 000000018001b4cc f   libucrt:osfinfo.obj
 0001:0001a574       __acrt_lowio_lock_fh       000000018001b574 f   libucrt:osfinfo.obj
 0001:0001a59c       __acrt_lowio_unlock_fh     000000018001b59c f   libucrt:osfinfo.obj
 0001:0001a5c4       _free_osfhnd               000000018001b5c4 f   libucrt:osfinfo.obj
 0001:0001a680       _get_osfhandle             000000018001b680 f   libucrt:osfinfo.obj
 0001:0001a784       _commit                    000000018001b784 f   libucrt:commit.obj
 0001:0001b094       _write                     000000018001c094 f   libucrt:write.obj
 0001:0001b180       _write_nolock              000000018001c180 f   libucrt:write.obj
 0001:0001b464       _fcloseall                 000000018001c464 f   libucrt:closeall.obj
 0001:0001b518       __acrt_stdio_free_buffer_nolock 000000018001c518 f   libucrt:_freebuf.obj
 0001:0001b558       _isatty                    000000018001c558 f   libucrt:isatty.obj
 0001:0001b5b8       _isleadbyte_l              000000018001c5b8 f i libucrt:_wctype.obj
 0001:0001b604       ?__mbrtowc_utf8@__crt_mbstring@@YA_KPEA_WPEBD_KPEAU_Mbstatet@@@Z 000000018001c604 f   libucrt:mbrtowc.obj
 0001:0001b640       ?__mbsrtowcs_utf8@__crt_mbstring@@YA_KPEA_WPEAPEBD_KPEAU_Mbstatet@@@Z 000000018001c640 f   libucrt:mbrtowc.obj
 0001:0001b7b8       ?__c32rtomb_utf8@__crt_mbstring@@YA_KPEAD_UPEAU_Mbstatet@@@Z 000000018001c7b8 f   libucrt:c32rtomb.obj
 0001:0001b86c       __acrt_fp_strflt_to_string 000000018001c86c f   libucrt:_fptostr.obj
 0001:0001b9d0       ?divide@__crt_strtox@@YA_KAEAUbig_integer@1@AEBU21@@Z 000000018001c9d0 f i libucrt:cfout.obj
 0001:0001bdfc       __acrt_fltout              000000018001cdfc f   libucrt:cfout.obj
 0001:0001d0c8       fegetround                 000000018001e0c8 f   libucrt:fegetround.obj
 0001:0001d0dc       __acrt_locale_free_monetary 000000018001e0dc f   libucrt:initmon.obj
 0001:0001d1e8       __acrt_locale_free_numeric 000000018001e1e8 f   libucrt:initnum.obj
 0001:0001d2ac       __acrt_locale_free_time    000000018001e2ac f   libucrt:inittime.obj
 0001:0001d3b4       _raise_exc                 000000018001e3b4 f   libucrt:fpexcept.obj
 0001:0001d3dc       _raise_exc_ex              000000018001e3dc f   libucrt:fpexcept.obj
 0001:0001d6ec       _raise_excf                000000018001e6ec f   libucrt:fpexcept.obj
 0001:0001d718       _set_errno_from_matherr    000000018001e718 f   libucrt:fpexcept.obj
 0001:0001d748       __strncnt                  000000018001e748 f   libucrt:strncnt.obj
 0001:0001d760       __ascii_wcsnicmp           000000018001e760 f   libucrt:wcsnicmp.obj
 0001:0001d7ac       _query_app_type            000000018001e7ac f   libucrt:report_runtime_error.obj
 0001:0001d850       _lseeki64_nolock           000000018001e850 f   libucrt:lseek.obj
 0001:0001d858       _putwch_nolock             000000018001e858 f   libucrt:putwch.obj
 0001:0001d894       _fclose_nolock             000000018001e894 f   libucrt:fclose.obj
 0001:0001d918       fclose                     000000018001e918 f   libucrt:fclose.obj
 0001:0001d97c       ?__mbrtoc32_utf8@__crt_mbstring@@YA_KPEA_UPEBD_KPEAU_Mbstatet@@@Z 000000018001e97c f   libucrt:mbrtoc32.obj
 0001:0001db54       _controlfp_s               000000018001eb54 f   libucrt:contrlfp.obj
 0001:0001dbb8       fegetenv                   000000018001ebb8 f   libucrt:fegetenv.obj
 0001:0001dbd8       fesetenv                   000000018001ebd8 f   libucrt:fesetenv.obj
 0001:0001dc24       feholdexcept               000000018001ec24 f   libucrt:feholdexcept.obj
 0001:0001dc74       ceil                       000000018001ec74 f   libucrt:ceil.obj
 0001:0001dd40       log10                      000000018001ed40 f   libucrt:log10.obj
 0001:0001e2ec       __acrt_fenv_get_common_round_control 000000018001f2ec f   libucrt:_fenvutils.obj
 0001:0001e2f8       __acrt_fenv_get_control    000000018001f2f8 f   libucrt:_fenvutils.obj
 0001:0001e3ec       __acrt_fenv_get_status     000000018001f3ec f   libucrt:_fenvutils.obj
 0001:0001e440       __acrt_fenv_set_control    000000018001f440 f   libucrt:_fenvutils.obj
 0001:0001e588       __acrt_fenv_set_status     000000018001f588 f   libucrt:_fenvutils.obj
 0001:0001e60c       __dcrt_lowio_ensure_console_output_initialized 000000018001f60c f   libucrt:initcon.obj
 0001:0001e660       __dcrt_terminate_console_output 000000018001f660 f   libucrt:initcon.obj
 0001:0001e67c       __dcrt_write_console       000000018001f67c f   libucrt:initcon.obj
 0001:0001e7b0       _close                     000000018001f7b0 f   libucrt:close.obj
 0001:0001e854       _close_nolock              000000018001f854 f   libucrt:close.obj
 0001:0001e914       ?__acrt_stdio_free_stream@@YAXV__crt_stdio_stream@@@Z 000000018001f914 f   libucrt:stream.obj
 0001:0001e930       _clearfp                   000000018001f930 f   libucrt:ieee.obj
 0001:0001e9a0       _control87                 000000018001f9a0 f   libucrt:ieee.obj
 0001:0001ec70       _log10_special             000000018001fc70 f   libucrt:log_special.obj
 0001:0001ed30       _FindPESection             000000018001fd30 f   LIBCMT:pesect.obj
 0001:0001ed80       _IsNonwritableInCurrentImage 000000018001fd80 f   LIBCMT:pesect.obj
 0001:0001edd0       _ValidateImageBase         000000018001fdd0 f   LIBCMT:pesect.obj
 0001:0001ee00       __GSHandlerCheck           000000018001fe00 f   LIBCMT:gshandler.obj
 0001:0001ee20       __GSHandlerCheckCommon     000000018001fe20 f   LIBCMT:gshandler.obj
 0001:0001ee90       __security_check_cookie    000000018001fe90 f   LIBCMT:amdsecgs.obj
 0001:0001eeb0       __GSHandlerCheck_SEH       000000018001feb0 f   LIBCMT:gshandlerseh.obj
 0001:0001ef38       __raise_securityfailure    000000018001ff38 f   LIBCMT:gs_report.obj
 0001:0001ef6c       __report_gsfailure         000000018001ff6c f   LIBCMT:gs_report.obj
 0001:0001f040       __report_rangecheckfailure 0000000180020040 f   LIBCMT:gs_report.obj
 0001:0001f054       __report_securityfailure   0000000180020054 f   LIBCMT:gs_report.obj
 0001:0001f1f0       _alloca_probe              00000001800201f0 f   LIBCMT:chkstk.obj
 0001:0001f1f0       __chkstk                   00000001800201f0 f   LIBCMT:chkstk.obj
 0001:0001f240       strrchr                    0000000180020240 f   libvcruntime:strrchr.obj
 0001:0001f380       memcmp                     0000000180020380 f   libvcruntime:memcmp.obj
 0001:0001f460       _guard_dispatch_icall_nop  0000000180020460 f   LIBCMT:guard_dispatch.obj
 0001:0001f480       _guard_xfg_dispatch_icall_nop 0000000180020480 f   LIBCMT:guard_xfg_dispatch.obj
 0002:00000000       __imp_LoadLibraryA         0000000180021000     kernel32:KERNEL32.dll
 0002:00000008       __imp_WriteConsoleW        0000000180021008     kernel32:KERNEL32.dll
 0002:00000010       __imp_RaiseException       0000000180021010     kernel32:KERNEL32.dll
 0002:00000018       __imp_GetLastError         0000000180021018     kernel32:KERNEL32.dll
 0002:00000020       __imp_GetSystemInfo        0000000180021020     kernel32:KERNEL32.dll
 0002:00000028       __imp_VirtualProtect       0000000180021028     kernel32:KERNEL32.dll
 0002:00000030       __imp_VirtualQuery         0000000180021030     kernel32:KERNEL32.dll
 0002:00000038       __imp_FreeLibrary          0000000180021038     kernel32:KERNEL32.dll
 0002:00000040       __imp_GetModuleHandleW     0000000180021040     kernel32:KERNEL32.dll
 0002:00000048       __imp_GetProcAddress       0000000180021048     kernel32:KERNEL32.dll
 0002:00000050       __imp_LoadLibraryExA       0000000180021050     kernel32:KERNEL32.dll
 0002:00000058       __imp_InitializeSListHead  0000000180021058     kernel32:KERNEL32.dll
 0002:00000060       __imp_QueryPerformanceCounter 0000000180021060     kernel32:KERNEL32.dll
 0002:00000068       __imp_GetCurrentProcessId  0000000180021068     kernel32:KERNEL32.dll
 0002:00000070       __imp_GetCurrentThreadId   0000000180021070     kernel32:KERNEL32.dll
 0002:00000078       __imp_GetSystemTimeAsFileTime 0000000180021078     kernel32:KERNEL32.dll
 0002:00000080       __imp_RtlCaptureContext    0000000180021080     kernel32:KERNEL32.dll
 0002:00000088       __imp_RtlLookupFunctionEntry 0000000180021088     kernel32:KERNEL32.dll
 0002:00000090       __imp_RtlVirtualUnwind     0000000180021090     kernel32:KERNEL32.dll
 0002:00000098       __imp_IsDebuggerPresent    0000000180021098     kernel32:KERNEL32.dll
 0002:000000a0       __imp_UnhandledExceptionFilter 00000001800210a0     kernel32:KERNEL32.dll
 0002:000000a8       __imp_SetUnhandledExceptionFilter 00000001800210a8     kernel32:KERNEL32.dll
 0002:000000b0       __imp_GetStartupInfoW      00000001800210b0     kernel32:KERNEL32.dll
 0002:000000b8       __imp_IsProcessorFeaturePresent 00000001800210b8     kernel32:KERNEL32.dll
 0002:000000c0       __imp_InterlockedPushEntrySList 00000001800210c0     kernel32:KERNEL32.dll
 0002:000000c8       __imp_InterlockedFlushSList 00000001800210c8     kernel32:KERNEL32.dll
 0002:000000d0       __imp_RtlUnwindEx          00000001800210d0     kernel32:KERNEL32.dll
 0002:000000d8       __imp_SetLastError         00000001800210d8     kernel32:KERNEL32.dll
 0002:000000e0       __imp_EnterCriticalSection 00000001800210e0     kernel32:KERNEL32.dll
 0002:000000e8       __imp_LeaveCriticalSection 00000001800210e8     kernel32:KERNEL32.dll
 0002:000000f0       __imp_DeleteCriticalSection 00000001800210f0     kernel32:KERNEL32.dll
 0002:000000f8       __imp_InitializeCriticalSectionAndSpinCount 00000001800210f8     kernel32:KERNEL32.dll
 0002:00000100       __imp_TlsAlloc             0000000180021100     kernel32:KERNEL32.dll
 0002:00000108       __imp_TlsGetValue          0000000180021108     kernel32:KERNEL32.dll
[...]
 0002:0000b110       $unwind$?fp_format_e_internal@@YAHQEAD_KH_NIQEAU_strflt@@2QEAU__crt_locale_pointers@@@Z 000000018002c110     libucrt:cvt.obj
 0002:0000b128       $unwind$?fp_format_a@@YAHQEBNPEAD_KQEAD2H_NIQEAU__crt_locale_pointers@@W4__acrt_rounding_mode@@@Z 000000018002c128     libucrt:cvt.obj
 0002:0000b144       $unwind$?fp_format_g@@YAHQEBNQEAD_K12H_NIW4__acrt_rounding_mode@@QEAU__crt_locale_pointers@@@Z 000000018002c144     libucrt:cvt.obj
 0002:0000b158       $unwind$??$?RV<lambda_410d79af7f07d98d83a3f525b3859a53>@@AEAV<lambda_3e16ef9562a7dcce91392c22ab16ea36>@@V<lambda_38119f0e861e05405d8a144b9b982f0a>@@@?$__crt_seh_guarded_call@X@@QEAAX$$QEAV<lambda_410d79af7f07d98d83a3f525b3859a53>@@AEAV<lambda_3e16ef9562a7dcce91392c22ab16ea36>@@$$QEAV<lambda_38119f0e861e05405d8a144b9b982f0a>@@@Z 000000018002c158     libucrt:wsetlocale.obj
 0002:0000b180       $unwind$_isctype_l         000000018002c180     libucrt:isctype.obj
 0002:0000b19c       $unwind$_call_matherr      000000018002c19c     libucrt:libm_error.obj
 0002:0000b1a4       $unwind$_handle_error      000000018002c1a4     libucrt:libm_error.obj
 0002:0000b1a4       $unwind$_handle_errorf     000000018002c1a4     libucrt:libm_error.obj
 0002:0000b1c8       $xdatasym                  000000018002c1c8     libucrt:fpsr.obj
 0002:0000b1d0       $unwind$__acrt_update_thread_locale_data 000000018002c1d0     libucrt:locale_refcounting.obj
 0002:0000b1f4       $unwind$qsort              000000018002c1f4     libucrt:qsort.obj
 0002:0000b20c       $chain$4$qsort             000000018002c20c     libucrt:qsort.obj
 0002:0000b230       $chain$5$qsort             000000018002c230     libucrt:qsort.obj
 0002:0000b240       $unwind$strpbrk            000000018002c240     libucrt:strpbrk.obj
 0002:0000b250       $unwind$fallbackMethod     000000018002c250     libucrt:strpbrk.obj
 0002:0000b260       $unwind$__acrt_GetStringTypeA 000000018002c260     libucrt:getstringtypea.obj
 0002:0000b288       $unwind$__acrt_LCMapStringA 000000018002c288     libucrt:lcmapstringa.obj
 0002:0000b298       $unwind$?__acrt_LCMapStringA_stat@@YAHPEAU__crt_locale_pointers@@PEB_WKPEBDHPEADHHH@Z 000000018002c298     libucrt:lcmapstringa.obj
 0002:0000b2c0       $unwind$__acrt_lowio_destroy_handle_array 000000018002c2c0     libucrt:osfinfo.obj
 0002:0000b2d0       $unwind$__acrt_lowio_ensure_fh_exists 000000018002c2d0     libucrt:osfinfo.obj
 0002:0000b2fc       $unwind$_close             000000018002c2fc     libucrt:close.obj
 0002:0000b2fc       $unwind$_commit            000000018002c2fc     libucrt:commit.obj
 0002:0000b304       $unwind$??$?RV<lambda_a37b2b86f63e897a80ea819b0eb08c01>@@AEAV<lambda_38ce7e780aa69e748d6df282ebc68efe>@@V<lambda_99fb1378e971ab6e7edea83e3a7a83a2>@@@?$__crt_seh_guarded_call@H@@QEAAH$$QEAV<lambda_a37b2b86f63e897a80ea819b0eb08c01>@@AEAV<lambda_38ce7e780aa69e748d6df282ebc68efe>@@$$QEAV<lambda_99fb1378e971ab6e7edea83e3a7a83a2>@@@Z 000000018002c304     libucrt:commit.obj
 0002:0000b328       $unwind$_write             000000018002c328     libucrt:write.obj
 0002:0000b358       $unwind$_write_nolock      000000018002c358     libucrt:write.obj
 0002:0000b370       $unwind$?write_double_translated_ansi_nolock@@YA?AUwrite_result@?A0x17268360@@HQEBDI@Z 000000018002c370     libucrt:write.obj
 0002:0000b394       $unwind$?write_text_ansi_nolock@@YA?AUwrite_result@?A0x17268360@@HQEBDI@Z 000000018002c394     libucrt:write.obj
 0002:0000b394       $unwind$?write_text_utf16le_nolock@@YA?AUwrite_result@?A0x17268360@@HQEBDI@Z 000000018002c394     libucrt:write.obj
 0002:0000b3b4       $unwind$?write_text_utf8_nolock@@YA?AUwrite_result@?A0x17268360@@HQEBDI@Z 000000018002c3b4     libucrt:write.obj
 0002:0000b3d8       $unwind$_fcloseall         000000018002c3d8     libucrt:closeall.obj
 0002:0000b3fc       $unwind$?__mbsrtowcs_utf8@__crt_mbstring@@YA_KPEA_WPEAPEBD_KPEAU_Mbstatet@@@Z 000000018002c3fc     libucrt:mbrtowc.obj
 0002:0000b414       $unwind$__acrt_fltout      000000018002c414     libucrt:cfout.obj
 0002:0000b434       $unwind$?divide@__crt_strtox@@YA_KAEAUbig_integer@1@AEBU21@@Z 000000018002c434     libucrt:cfout.obj
 0002:0000b44c       $chain$0$?divide@__crt_strtox@@YA_KAEAUbig_integer@1@AEBU21@@Z 000000018002c44c     libucrt:cfout.obj
 0002:0000b460       $chain$1$?divide@__crt_strtox@@YA_KAEAUbig_integer@1@AEBU21@@Z 000000018002c460     libucrt:cfout.obj
 0002:0000b470       $unwind$__acrt_locale_free_monetary 000000018002c470     libucrt:initmon.obj
 0002:0000b478       $unwind$__acrt_locale_free_time 000000018002c478     libucrt:inittime.obj
 0002:0000b488       $unwind$_raise_exc_ex      000000018002c488     libucrt:fpexcept.obj
 0002:0000b49c       $unwind$_putwch_nolock     000000018002c49c     libucrt:putwch.obj
 0002:0000b4a4       $unwind$fclose             000000018002c4a4     libucrt:fclose.obj
 0002:0000b4c8       $unwind$?__mbrtoc32_utf8@__crt_mbstring@@YA_KPEA_UPEBD_KPEAU_Mbstatet@@@Z 000000018002c4c8     libucrt:mbrtoc32.obj
 0002:0000b4e8       $xdatasym                  000000018002c4e8     libucrt:log10.obj
 0002:0000b4f4       $unwind$__acrt_fenv_set_control 000000018002c4f4     libucrt:_fenvutils.obj
 0002:0000b504       $unwind$??$?RV<lambda_751a882b2c74d4b022dec766aa51a29a>@@AEAV<lambda_628dfdc04ba53c8bfc02c9951375f3f5>@@V<lambda_f6c7be5f7998530c34de24c7437d6b54>@@@?$__crt_seh_guarded_call@H@@QEAAH$$QEAV<lambda_751a882b2c74d4b022dec766aa51a29a>@@AEAV<lambda_628dfdc04ba53c8bfc02c9951375f3f5>@@$$QEAV<lambda_f6c7be5f7998530c34de24c7437d6b54>@@@Z 000000018002c504     libucrt:close.obj
 0002:0000b528       $unwind$common_control87   000000018002c528     libucrt:ieee.obj
 0002:0000b554       $unwind$_log_special_common 000000018002c554     libucrt:log_special.obj
 0002:0000b560       $unwind$_IsNonwritableInCurrentImage 000000018002c560     LIBCMT:pesect.obj
 0002:0000b584       $unwind$__GSHandlerCheckCommon 000000018002c584     LIBCMT:gshandler.obj
 0002:0000b590       $xdatasym                  000000018002c590     LIBCMT:amdsecgs.obj
 0002:0000b594       $unwind$__report_securityfailure 000000018002c594     LIBCMT:gs_report.obj
 0002:0000b59c       $unwind$__report_gsfailure 000000018002c59c     LIBCMT:gs_report.obj
 0002:0000b5a4       $unwind$capture_current_context 000000018002c5a4     LIBCMT:gs_report.obj
 0002:0000b5b0       $unwind$capture_previous_context 000000018002c5b0     LIBCMT:gs_report.obj
 0002:0000b5c0       $xdatasym                  000000018002c5c0     LIBCMT:chkstk.obj
 0002:0000b5c8       $xdatasym                  000000018002c5c8     libvcruntime:memcmp.obj
 0002:0000bb60       .edata                     000000018002cb60     PhysXCooking_64.exp
 0002:0000bb88       rgpv                       000000018002cb88     PhysXCooking_64.exp
 0002:0000bca0       rgszName                   000000018002cca0     PhysXCooking_64.exp
 0002:0000bdb8       rgwOrd                     000000018002cdb8     PhysXCooking_64.exp
 0002:0000be44       szName                     000000018002ce44     PhysXCooking_64.exp
 0002:0000be58       $N00001                    000000018002ce58     PhysXCooking_64.exp
 0002:0000be7c       $N00002                    000000018002ce7c     PhysXCooking_64.exp
 0002:0000beab       $N00003                    000000018002ceab     PhysXCooking_64.exp
 0002:0000bed2       $N00004                    000000018002ced2     PhysXCooking_64.exp
 0002:0000bf29       $N00005                    000000018002cf29     PhysXCooking_64.exp
 0002:0000bf54       $N00006                    000000018002cf54     PhysXCooking_64.exp
 0002:0000bf7a       $N00007                    000000018002cf7a     PhysXCooking_64.exp
 0002:0000bf99       $N00008                    000000018002cf99     PhysXCooking_64.exp
 0002:0000bfcf       $N00009                    000000018002cfcf     PhysXCooking_64.exp
 0002:0000bff7       $N00010                    000000018002cff7     PhysXCooking_64.exp
 0002:0000c01b       $N00011                    000000018002d01b     PhysXCooking_64.exp
 0002:0000c042       $N00012                    000000018002d042     PhysXCooking_64.exp
 0002:0000c06b       $N00013                    000000018002d06b     PhysXCooking_64.exp
 0002:0000c08a       $N00014                    000000018002d08a     PhysXCooking_64.exp
 0002:0000c0bd       $N00015                    000000018002d0bd     PhysXCooking_64.exp
 0002:0000c0f3       $N00016                    000000018002d0f3     PhysXCooking_64.exp
 0002:0000c12b       $N00017                    000000018002d12b     PhysXCooking_64.exp
 0002:0000c15d       $N00018                    000000018002d15d     PhysXCooking_64.exp
 0002:0000c189       $N00019                    000000018002d189     PhysXCooking_64.exp
 0002:0000c1c3       $N00020                    000000018002d1c3     PhysXCooking_64.exp
 0002:0000c201       $N00021                    000000018002d201     PhysXCooking_64.exp
 0002:0000c23a       $N00022                    000000018002d23a     PhysXCooking_64.exp
 0002:0000c262       $N00023                    000000018002d262     PhysXCooking_64.exp
 0002:0000c298       $N00024                    000000018002d298     PhysXCooking_64.exp
 0002:0000c2b4       $N00025                    000000018002d2b4     PhysXCooking_64.exp
 0002:0000c2de       $N00026                    000000018002d2de     PhysXCooking_64.exp
 0002:0000c31a       $N00027                    000000018002d31a     PhysXCooking_64.exp
 0002:0000c355       $N00028                    000000018002d355     PhysXCooking_64.exp
 0002:0000c390       $N00029                    000000018002d390     PhysXCooking_64.exp
 0002:0000c3c5       $N00030                    000000018002d3c5     PhysXCooking_64.exp
 0002:0000c401       $N00031                    000000018002d401     PhysXCooking_64.exp
 0002:0000c434       $N00032                    000000018002d434     PhysXCooking_64.exp
 0002:0000c467       $N00033                    000000018002d467     PhysXCooking_64.exp
 0002:0000c4a1       $N00034                    000000018002d4a1     PhysXCooking_64.exp
 0002:0000c4db       $N00035                    000000018002d4db     PhysXCooking_64.exp
 0002:0000c508       $N00036                    000000018002d508     PhysXCooking_64.exp
 0002:0000c53b       $N00037                    000000018002d53b     PhysXCooking_64.exp
 0002:0000c583       $N00038                    000000018002d583     PhysXCooking_64.exp
 0002:0000c5c3       $N00039                    000000018002d5c3     PhysXCooking_64.exp
 0002:0000c5f1       $N00040                    000000018002d5f1     PhysXCooking_64.exp
 0002:0000c631       $N00041                    000000018002d631     PhysXCooking_64.exp
 0002:0000c672       $N00042                    000000018002d672     PhysXCooking_64.exp
 0002:0000c69f       $N00043                    000000018002d69f     PhysXCooking_64.exp
 0002:0000c6db       $N00044                    000000018002d6db     PhysXCooking_64.exp
 0002:0000c718       $N00045                    000000018002d718     PhysXCooking_64.exp
 0002:0000c748       $N00046                    000000018002d748     PhysXCooking_64.exp
 0002:0000c75f       $N00047                    000000018002d75f     PhysXCooking_64.exp
 0002:0000c77a       $N00048                    000000018002d77a     PhysXCooking_64.exp
 0002:0000c791       $N00049                    000000018002d791     PhysXCooking_64.exp
 0002:0000c7a7       $N00050                    000000018002d7a7     PhysXCooking_64.exp
 0002:0000c7be       $N00051                    000000018002d7be     PhysXCooking_64.exp
 0002:0000c7d6       $N00052                    000000018002d7d6     PhysXCooking_64.exp
 0002:0000c7e0       $N00053                    000000018002d7e0     PhysXCooking_64.exp
 0002:0000c7f1       $N00054                    000000018002d7f1     PhysXCooking_64.exp
 0002:0000c803       $N00055                    000000018002d803     PhysXCooking_64.exp
 0002:0000c816       $N00056                    000000018002d816     PhysXCooking_64.exp
 0002:0000c82c       $N00057                    000000018002d82c     PhysXCooking_64.exp
 0002:0000c83f       $N00058                    000000018002d83f     PhysXCooking_64.exp
 0002:0000c84b       $N00059                    000000018002d84b     PhysXCooking_64.exp
 0002:0000c85f       $N00060                    000000018002d85f     PhysXCooking_64.exp
 0002:0000c872       $N00061                    000000018002d872     PhysXCooking_64.exp
 0002:0000c882       $N00062                    000000018002d882     PhysXCooking_64.exp
 0002:0000c896       $N00063                    000000018002d896     PhysXCooking_64.exp
 0002:0000c8ab       $N00064                    000000018002d8ab     PhysXCooking_64.exp
 0002:0000c8c3       $N00065                    000000018002d8c3     PhysXCooking_64.exp
 0002:0000c8d8       $N00066                    000000018002d8d8     PhysXCooking_64.exp
 0002:0000c8f5       $N00067                    000000018002d8f5     PhysXCooking_64.exp
 0002:0000c916       $N00068                    000000018002d916     PhysXCooking_64.exp
 0002:0000c935       $N00069                    000000018002d935     PhysXCooking_64.exp
 0002:0000c94a       $N00070                    000000018002d94a     PhysXCooking_64.exp
 0002:0000cbf8       .idata$6                   000000018002dbf8     kernel32:KERNEL32.dll
 0003:00000050       ?prefix@?1??getDimension@UnDecorator@@CA?AVDName@@_N@Z@4UStringLiteral@@A 000000018002f050     libvcruntime:undname.obj
 0003:00000060       ?__vcrt_flsindex@@3KA      000000018002f060     libvcruntime:per_thread_data.obj
 0003:00000080       ?dazSupported@?1??_ctrlfp@@9@9 000000018002f080     libucrt:fpctrl.obj
 0003:00000090       ?__acrt_flsindex@@3KA      000000018002f090     libucrt:per_thread_data.obj
 0003:00000094       ?errno_no_memory@@3HA      000000018002f094     libucrt:errno.obj
 0003:00000098       ?doserrno_no_memory@@3KA   000000018002f098     libucrt:errno.obj
 0003:000002d0       _mbctypes                  000000018002f2d0     libucrt:mbctype.obj
 0003:000003e0       _mbcasemaps                000000018002f3e0     libucrt:mbctype.obj
 0003:000004e0       ?__rgctypeflag@@3PADA      000000018002f4e0     libucrt:mbctype.obj
 0003:000004f0       ?__rgcode_page_info@@3PAUcode_page_info@@A 000000018002f4f0     libucrt:mbctype.obj
 0003:00000a10       ?__dcrt_lowio_console_output_handle@@3PEAXEA 000000018002fa10     libucrt:initcon.obj
 0003:00000a18       ?dazSupported@?1??common_control87@@9@9 000000018002fa18     libucrt:ieee.obj
 0003:00000d10       ?maxV3Error@vecMathTests@aos@physx@@3T__m128@@B 000000018002fd10     Cooking.obj
 0003:00000d20       ?minFError@vecMathTests@aos@physx@@3T__m128@@B 000000018002fd20     Cooking.obj
 0003:00000d30       ?maxV4Error@vecMathTests@aos@physx@@3T__m128@@B 000000018002fd30     Cooking.obj
 0003:00000d40       ?minV4Error@vecMathTests@aos@physx@@3T__m128@@B 000000018002fd40     Cooking.obj
 0003:00000d50       ?minV3Error@vecMathTests@aos@physx@@3T__m128@@B 000000018002fd50     Cooking.obj
 0003:00000d60       ?maxFError@vecMathTests@aos@physx@@3T__m128@@B 000000018002fd60     Cooking.obj
 0003:00000d70       ?gCookingDelayLoadHook@@3PEBVPxDelayLoadHook@physx@@EB 000000018002fd70     WindowsCookingDelayLoadHook.obj
 0003:00000dd0       ?__proc_attached@@3HA      000000018002fdd0     LIBCMT:dll_dllmain.obj
 0003:00000e08       ?is_initialized_as_dll@@3_NA 000000018002fe08     LIBCMT:utility.obj
 0003:00000e09       ?module_local_atexit_table_initialized@@3_NA 000000018002fe09     LIBCMT:utility.obj
 0003:00000e10       ?module_local_atexit_table@@3U_onexit_table_t@@A 000000018002fe10     LIBCMT:utility.obj
 0003:00000e28       ?module_local_at_quick_exit_table@@3U_onexit_table_t@@A 000000018002fe28     LIBCMT:utility.obj
 0003:00000e98       ?heap@@3V_HeapManager@@A   000000018002fe98     libvcruntime:undname.obj
 0003:00000ec0       ?__vcrt_startup_thread_ptd@@3U__vcrt_ptd@@A 000000018002fec0     libvcruntime:per_thread_data.obj
 0003:00000f40       __vcrt_lock_table          000000018002ff40     libvcruntime:locks.obj
 0003:00000f68       __vcrt_locks_initialized   000000018002ff68     libvcruntime:locks.obj
 0003:00000f70       ?module_handles@@3PAPEAUHINSTANCE__@@A 000000018002ff70     libvcruntime:winapi_downlevel.obj
 0003:00000f88       ?function_pointers@@3PAPEAXA 000000018002ff88     libvcruntime:winapi_downlevel.obj
 0003:00000fb0       ?c_termination_complete@@3JA 000000018002ffb0     libucrt:exit.obj
 0003:00000fb8       ?thread_local_exit_callback_func@@3P6AXPEAXK0@ZEA 000000018002ffb8     libucrt:exit.obj
 0003:00000fd0       ?program_name@?1???$common_configure_argv@D@@YAHW4_crt_argv_mode@@@Z@4PADA 000000018002ffd0     libucrt:argv_parsing.obj
 0003:00001130       ?__acrt_lock_table@@3PAU_RTL_CRITICAL_SECTION@@A 0000000180030130     libucrt:locks.obj
 0003:00001360       ?__acrt_locks_initialized@@3IA 0000000180030360     libucrt:locks.obj
 0003:00001368       ?__acrt_invalid_parameter_handler@@3V?$dual_state_global@P6AXPEB_W00I_K@Z@__crt_state_management@@A 0000000180030368     libucrt:invalid_parameter.obj
 0003:00001388       ?fSystemSet@@3HA           0000000180030388     libucrt:mbctype.obj
 0003:0000138c       ?initialized@?1??__acrt_initialize_multibyte@@9@4_NA 000000018003038c     libucrt:mbctype.obj
 0003:000013c0       ?module_handles@@3PAPEAUHINSTANCE__@@A 00000001800303c0     libucrt:winapi_thunks.obj
 0003:00001460       ?encoded_function_pointers@@3PAPEAXA 0000000180030460     libucrt:winapi_thunks.obj
 0003:00001988       ?__acrt_new_handler@@3V?$dual_state_global@P6AH_K@Z@__crt_state_management@@A 0000000180030988     libucrt:new_handler.obj
 0003:00001990       ?ctrlc_action@@3V?$dual_state_global@P6AXH@Z@__crt_state_management@@A 0000000180030990     libucrt:signal.obj
 0003:00001998       ?ctrlbreak_action@@3V?$dual_state_global@P6AXH@Z@__crt_state_management@@A 0000000180030998     libucrt:signal.obj
 0003:000019a0       ?abort_action@@3V?$dual_state_global@P6AXH@Z@__crt_state_management@@A 00000001800309a0     libucrt:signal.obj
 0003:000019a8       ?term_action@@3V?$dual_state_global@P6AXH@Z@__crt_state_management@@A 00000001800309a8     libucrt:signal.obj
 0003:000019b0       ?user_matherr@@3V?$dual_state_global@P6AHPEAU_exception@@@Z@__crt_state_management@@A 00000001800309b0     libucrt:matherr.obj
 0003:000019e0       ?internal_state@?1??_mbtowc_l@@9@4U_Mbstatet@@A 00000001800309e0     libucrt:mbtowc.obj
 0003:000019e8       ?enable_percent_n@@3_KA    00000001800309e8     libucrt:printf_count_output.obj
 0003:000019f4       ?__acrt_global_new_mode@@3V?$dual_state_global@J@__crt_state_management@@A 00000001800309f4     libucrt:new_mode.obj
 0003:00001a00       ?__acrt_app_type@@3W4_crt_app_type@@A 0000000180030a00     libucrt:report_runtime_error.obj
 0003:00001a08       ?internal_pst@?1??__mbrtoc32_utf8@__crt_mbstring@@YA_KPEA_UPEBD_KPEAU_Mbstatet@@@Z@4U3@A 0000000180030a08     libucrt:mbrtoc32.obj
 0003:00001a10       GS_ExceptionRecord         0000000180030a10     LIBCMT:gs_report.obj
 0003:00001ab0       GS_ContextRecord           0000000180030ab0     LIBCMT:gs_report.obj
 0005:00000000       _2il0floatpacket$19        0000000180033000     LIBCMT:svml_ssinf4_sse2.obj
 0005:00002200       _vmlsSinHATab              0000000180035200     LIBCMT:svml_s_sin_cout.obj
 0005:00002210       MsetTab                    0000000180035210     libvcruntime:memset.obj
 0005:00002260       MoveSmall                  0000000180035260     libvcruntime:memcpy.obj
 0005:000022a0       MoveSmallYmm               00000001800352a0     libvcruntime:memcpy.obj
 0005:000022c4       MoveSmallYmmNT             00000001800352c4     libvcruntime:memcpy.obj
 0005:000022e8       MoveSmallXmm               00000001800352e8     libvcruntime:memcpy.obj
 0006:000000a0       $R000000                   00000001800360a0     PhysXCooking.res
 0006:000003d0       $R000330                   00000001800363d0     PhysXCooking.res
