 PhysXCooking_64

 Timestamp is 640ea268 (Mon Mar 13 00:11:20 2023)

 Preferred load address is 0000000180000000

 Start         Length     Name                   Class
 0001:00000000 00000060H .text$di                CODE
 0001:00000060 0001f450H .text$mn                CODE
 0001:0001f4b0 00000040H .text$mn$00             CODE
 0001:0001f4f0 00000490H .text$x                 CODE
 0002:00000000 00000258H .idata$5                DATA
 0002:00000258 00000028H .00cfg                  DATA
 0002:00000280 00000008H .CRT$XCA                DATA
 0002:00000288 00000030H .CRT$XCU                DATA
 0002:000002b8 00000008H .CRT$XCZ                DATA
 0002:000002c0 00000008H .CRT$XIA                DATA
 0002:000002c8 00000018H .CRT$XIC                DATA
 0002:000002e0 00000008H .CRT$XIZ                DATA
 0002:000002e8 00000008H .CRT$XPA                DATA
 0002:000002f0 00000010H .CRT$XPX                DATA
 0002:00000300 00000008H .CRT$XPXA               DATA
 0002:00000308 00000008H .CRT$XPZ                DATA
 0002:00000310 00000008H .CRT$XTA                DATA
 0002:00000318 00000008H .CRT$XTZ                DATA
 0002:00000320 00000000H .gehcont$y              DATA
 0002:00000320 00000000H .gfids$y                DATA
 0002:00000320 00009560H .rdata                  DATA
 0002:00009880 00000000H .rdata$CastGuardVftablesA DATA
 0002:00009880 00000000H .rdata$CastGuardVftablesC DATA
 0002:00009880 0000043cH .rdata$r                DATA
 0002:00009cbc 00000020H .rdata$voltmd           DATA
 0002:00009cdc 00000424H .rdata$zzzdbg           DATA
 0002:0000a100 00000008H .rtc$IAA                DATA
 0002:0000a108 00000008H .rtc$IZZ                DATA
 0002:0000a110 00000008H .rtc$TAA                DATA
 0002:0000a118 00000008H .rtc$TZZ                DATA
 0002:0000a120 000014c0H .xdata                  DATA
 0002:0000b5e0 00000084H .xdata$x                DATA
 0002:0000b664 00000040H .didat$2                DATA
 0002:0000b6a4 00000024H .didat$3                DATA
 0002:0000b6c8 000000f0H .didat$4                DATA
 0002:0000b7b8 000002c8H .didat$6                DATA
 0002:0000ba80 000000f0H .didat$7                DATA
 0002:0000bb70 00000e04H .edata                  DATA
 0002:0000c974 00000014H .idata$2                DATA
 0002:0000c988 00000018H .idata$3                DATA
 0002:0000c9a0 00000258H .idata$4                DATA
 0002:0000cbf8 0000057cH .idata$6                DATA
 0003:00000000 00000a20H .data                   DATA
 0003:00000a20 00000108H .data$r                 DATA
 0003:00000b28 000000f0H .data$rs                DATA
 0003:00000c18 000000f8H .didat$5                DATA
 0003:00000d10 00001280H .bss                    DATA
 0004:00000000 000017f4H .pdata                  DATA
 0005:00000000 0000230cH _RDATA                  DATA
 0006:00000000 000000a0H .rsrc$01                DATA
 0006:000000a0 000004b0H .rsrc$02                DATA

  Address         Publics by Value              Rva+Base               Lib:Object

 0000:00000000       ___safe_se_handler_table   0000000000000000     <absolute>
 0000:00000000       __arm64x_redirection_metadata 0000000000000000     <absolute>
 0000:00000000       __guard_iat_table          0000000000000000     <absolute>
 0000:00000000       __guard_longjmp_table      0000000000000000     <absolute>
 0000:00000000       __x64_code_ranges_to_entry_points 0000000000000000     <absolute>
 0000:00000000       __guard_iat_count          0000000000000000     <absolute>
 0000:00000000       __guard_longjmp_count      0000000000000000     <absolute>
 0000:00000000       __guard_fids_count         0000000000000000     <absolute>
 0000:00000000       __dynamic_value_reloc_table 0000000000000000     <absolute>
 0000:00000000       __x64_code_ranges_to_entry_points_count 0000000000000000     <absolute>
 0000:00000000       __arm64x_extra_rfe_table   0000000000000000     <absolute>
 0000:00000000       __hybrid_auxiliary_iat     0000000000000000     <absolute>
 0000:00000000       __hybrid_auxiliary_iat_copy 0000000000000000     <absolute>
 0000:00000000       __hybrid_code_map          0000000000000000     <absolute>
 0000:00000000       __arm64x_extra_rfe_table_size 0000000000000000     <absolute>
 0000:00000000       ___safe_se_handler_count   0000000000000000     <absolute>
 0000:00000000       __AbsoluteZero             0000000000000000     <absolute>
 0000:00000000       __guard_check_icall_a64n_fptr 0000000000000000     <absolute>
 0000:00000000       __guard_fids_table         0000000000000000     <absolute>
 0000:00000000       __guard_eh_cont_count      0000000000000000     <absolute>
 0000:00000000       __arm64x_redirection_metadata_count 0000000000000000     <absolute>
 0000:00000000       __enclave_config           0000000000000000     <absolute>
 0000:00000000       __guard_eh_cont_table      0000000000000000     <absolute>
 0000:00000000       __arm64x_native_entrypoint 0000000000000000     <absolute>
 0000:00000000       __hybrid_code_map_count    0000000000000000     <absolute>
 0000:00000100       __guard_flags              0000000000000100     <absolute>
 0000:00000000       __ImageBase                0000000180000000     <linker-defined>
 0001:00000060       ??$copy@V?$PxReflectionAllocator@USlab@NodeAllocator@Gu@physx@@@physx@@@?$PxArray@USlab@NodeAllocator@Gu@physx@@V?$PxReflectionAllocator@USlab@NodeAllocator@Gu@physx@@@4@@physx@@IEAAXAEBV01@@Z 0000000180001060 f i Cooking.obj
 0001:000000e0       ??0AABBTreeBounds@Gu@physx@@QEAA@XZ 00000001800010e0 f i Cooking.obj
 0001:000000f0       ??4AABBTreeBuildNode@Gu@physx@@QEAAAEAV012@AEBV012@@Z 00000001800010f0 f i Cooking.obj
 0001:000000f0       ??0AABBTreeBuildNode@Gu@physx@@QEAA@AEBV012@@Z 00000001800010f0 f i Cooking.obj
 0001:00000130       ??4PxFoundation@physx@@QEAAAEAV01@AEBV01@@Z 0000000180001130 f i Cooking.obj
 0001:00000130       ??0AABBTreeBuildNode@Gu@physx@@QEAA@XZ 0000000180001130 f i Cooking.obj
 0001:00000130       ?getAABB@AABBTreeBuildNode@Gu@physx@@QEBAAEBVPxBounds3@3@XZ 0000000180001130 f i Cooking.obj
 0001:00000130       ??$forward@_K@std@@YA$$QEA_KAEA_K@Z 0000000180001130 f i libvcruntime:undname.obj
 0001:00000140       ??0AABBTreeBuildParams@Gu@physx@@QEAA@IIPEBVAABBTreeBounds@12@W4BVHBuildStrategy@12@@Z 0000000180001140 f i Cooking.obj
 0001:00000160       ??0NodeAllocator@Gu@physx@@QEAA@AEBV012@@Z 0000000180001160 f i Cooking.obj
 0001:000001a0       ??0PxFoundation@physx@@QEAA@AEBV01@@Z 00000001800011a0 f i Cooking.obj
 0001:000001a0       ??0PxFoundation@physx@@QEAA@XZ 00000001800011a0 f i Cooking.obj
 0001:000001b0       ??0PxRenderOutput@physx@@QEAA@AEAVPxRenderBuffer@1@@Z 00000001800011b0 f i Cooking.obj
 0001:00000200       ??0PxRenderOutput@physx@@QEAA@AEBV01@@Z 0000000180001200 f i Cooking.obj
 0001:000002a0       ??1AABBTreeBounds@Gu@physx@@QEAA@XZ 00000001800012a0 f i Cooking.obj
 0001:000002b0       _guard_check_icall_nop     00000001800012b0 f i LIBCMT:guard_support.obj
 0001:000002b0       ??1AABBTreeBuildNode@Gu@physx@@QEAA@XZ 00000001800012b0 f i Cooking.obj
 0001:000002c0       ?reset@AABBTreeBuildParams@Gu@physx@@QEAAXXZ 00000001800012c0 f i Cooking.obj
 0001:000002c0       ??1AABBTreeBuildParams@Gu@physx@@QEAA@XZ 00000001800012c0 f i Cooking.obj
 0001:00000310       ??1PxFoundation@physx@@MEAA@XZ 0000000180001310 f i Cooking.obj
 0001:00000320       ??4AABBTreeBounds@Gu@physx@@QEAAAEAV012@AEBV012@@Z 0000000180001320 f i Cooking.obj
 0001:00000330       ??4AABBTreeBuildParams@Gu@physx@@QEAAAEAV012@AEBV012@@Z 0000000180001330 f i Cooking.obj
 0001:00000350       ??4NodeAllocator@Gu@physx@@QEAAAEAV012@AEBV012@@Z 0000000180001350 f i Cooking.obj
 0001:00000400       ??6PxRenderOutput@physx@@QEAAAEAV01@AEBV?$PxMat44T@M@1@@Z 0000000180001400 f i Cooking.obj
 0001:00000470       ??6PxRenderOutput@physx@@QEAAAEAV01@AEBV?$PxTransformT@M@1@@Z 0000000180001470 f i Cooking.obj
 0001:000005f0       ??6PxRenderOutput@physx@@QEAAAEAV01@AEBV?$PxVec3T@M@1@@Z 00000001800015f0 f i Cooking.obj
 0001:000008f0       ??6PxRenderOutput@physx@@QEAAAEAV01@I@Z 00000001800018f0 f i Cooking.obj
 0001:00000900       ??6PxRenderOutput@physx@@QEAAAEAV01@W4Primitive@01@@Z 0000000180001900 f i Cooking.obj
 0001:00000910       ??_EPxFoundation@physx@@MEAAPEAXI@Z 0000000180001910 f i Cooking.obj
 0001:000009a0       ??_FAABBTreeBuildParams@Gu@physx@@QEAAXXZ 00000001800019a0 f i Cooking.obj
 0001:000009c0       ??_GCooking@physx@@UEAAPEAXI@Z 00000001800019c0 f i Cooking.obj
 0001:000009c0       ??_ECooking@physx@@UEAAPEAXI@Z 00000001800019c0 f i Cooking.obj
 0001:00000a10       ??_GPxCooking@physx@@MEAAPEAXI@Z 0000000180001a10 f i Cooking.obj
 0001:00000a10       ??_EPxCooking@physx@@MEAAPEAXI@Z 0000000180001a10 f i Cooking.obj
 0001:00000a40       ?allocate@?$PxArray@USlab@NodeAllocator@Gu@physx@@V?$PxReflectionAllocator@USlab@NodeAllocator@Gu@physx@@@4@@physx@@IEAAPEAUSlab@NodeAllocator@Gu@2@I@Z 0000000180001a40 f i Cooking.obj
 0001:00000af0       ?assembleSoftBodyMesh@Cooking@physx@@UEBAPEAVPxSoftBodyMesh@2@AEAVPxSimulationTetrahedronMeshData@2@AEAVPxCollisionTetrahedronMeshData@2@AEAVPxCollisionMeshMappingData@2@AEAVPxInsertionCallback@2@@Z 0000000180001af0 f   Cooking.obj
 0001:00000b10       ?assembleSoftBodyMesh@Cooking@physx@@UEBAPEAVPxSoftBodyMesh@2@AEAVPxTetrahedronMeshData@2@AEAVPxSoftBodySimulationData@2@0AEAVPxSoftBodyCollisionData@2@AEAVPxCollisionMeshMappingData@2@AEAVPxInsertionCallback@2@@Z 0000000180001b10 f   Cooking.obj
 0001:00000b50       ?computeCollisionData@Cooking@physx@@UEBAPEAVPxCollisionTetrahedronMeshData@2@AEBVPxTetrahedronMeshDesc@2@@Z 0000000180001b50 f   Cooking.obj
 0001:00000b60       ?computeHullPolygons@Cooking@physx@@UEBA_NAEBVPxSimpleTriangleMesh@2@AEAVPxAllocatorCallback@2@AEAIAEAPEAV?$PxVec3T@M@2@2AEAPEAI2AEAPEAUPxHullPolygon@2@@Z 0000000180001b60 f   Cooking.obj
 0001:00000b70       ?computeModelsMapping@Cooking@physx@@UEBAPEAVPxCollisionMeshMappingData@2@AEAVPxTetrahedronMeshData@2@AEBV42@AEBVPxSoftBodyCollisionData@2@PEBUPxBoundedData@2@@Z 0000000180001b70 f   Cooking.obj
 0001:00000b80       ?computeSimulationData@Cooking@physx@@UEBAPEAVPxSimulationTetrahedronMeshData@2@AEBVPxTetrahedronMeshDesc@2@@Z 0000000180001b80 f   Cooking.obj
 0001:00000b90       ?cookBVH@Cooking@physx@@UEBA_NAEBVPxBVHDesc@2@AEAVPxOutputStream@2@@Z 0000000180001b90 f   Cooking.obj
 0001:00000ba0       ?cookConvexMesh@Cooking@physx@@UEBA_NAEBVPxConvexMeshDesc@2@AEAVPxOutputStream@2@PEAW4Enum@PxConvexMeshCookingResult@2@@Z 0000000180001ba0 f   Cooking.obj
 0001:00000bb0       ?cookHeightField@Cooking@physx@@UEBA_NAEBVPxHeightFieldDesc@2@AEAVPxOutputStream@2@@Z 0000000180001bb0 f   Cooking.obj
 0001:00000bc0       ?cookSoftBodyMesh@Cooking@physx@@UEBA_NAEBVPxTetrahedronMeshDesc@2@0AEBVPxSoftBodySimulationDataDesc@2@AEAVPxOutputStream@2@@Z 0000000180001bc0 f   Cooking.obj
 0001:00000bd0       ?cookTetrahedronMesh@Cooking@physx@@UEBA_NAEBVPxTetrahedronMeshDesc@2@AEAVPxOutputStream@2@@Z 0000000180001bd0 f   Cooking.obj
 0001:00000be0       ?cookTriangleMesh@Cooking@physx@@UEBA_NAEBVPxTriangleMeshDesc@2@AEAVPxOutputStream@2@PEAW4Enum@PxTriangleMeshCookingResult@2@@Z 0000000180001be0 f   Cooking.obj
 0001:00000bf0       ?createBVH@Cooking@physx@@UEBAPEAVPxBVH@2@AEBVPxBVHDesc@2@AEAVPxInsertionCallback@2@@Z 0000000180001bf0 f   Cooking.obj
 0001:00000c00       ?createConvexMesh@Cooking@physx@@UEBAPEAVPxConvexMesh@2@AEBVPxConvexMeshDesc@2@AEAVPxInsertionCallback@2@PEAW4Enum@PxConvexMeshCookingResult@2@@Z 0000000180001c00 f   Cooking.obj
 0001:00000c10       ?createHeightField@Cooking@physx@@UEBAPEAVPxHeightField@2@AEBVPxHeightFieldDesc@2@AEAVPxInsertionCallback@2@@Z 0000000180001c10 f   Cooking.obj
 0001:00000c20       ?createSoftBodyMesh@Cooking@physx@@UEBAPEAVPxSoftBodyMesh@2@AEBVPxTetrahedronMeshDesc@2@0AEBVPxSoftBodySimulationDataDesc@2@AEAVPxInsertionCallback@2@@Z 0000000180001c20 f   Cooking.obj
 0001:00000c30       ?createTetrahedronMesh@Cooking@physx@@UEBAPEAVPxTetrahedronMesh@2@AEBVPxTetrahedronMeshDesc@2@AEAVPxInsertionCallback@2@@Z 0000000180001c30 f   Cooking.obj
 0001:00000c40       ?createTriangleMesh@Cooking@physx@@UEBAPEAVPxTriangleMesh@2@AEBVPxTriangleMeshDesc@2@AEAVPxInsertionCallback@2@PEAW4Enum@PxTriangleMeshCookingResult@2@@Z 0000000180001c40 f   Cooking.obj
 0001:00000c50       ?getBounds@AABBTreeBounds@Gu@physx@@QEAAPEAVPxBounds3@3@XZ 0000000180001c50 f i Cooking.obj
 0001:00000c50       ?getBounds@AABBTreeBounds@Gu@physx@@QEBAPEBVPxBounds3@3@XZ 0000000180001c50 f i Cooking.obj
 0001:00000c60       ?getNbPrimitives@AABBTreeBuildNode@Gu@physx@@QEBAIXZ 0000000180001c60 f i Cooking.obj
 0001:00000c60       ?getNbRuntimePrimitives@AABBTreeBuildNode@Gu@physx@@QEBAIXZ 0000000180001c60 f i Cooking.obj
 0001:00000c70       ?getNeg@AABBTreeBuildNode@Gu@physx@@QEBAPEBV123@XZ 0000000180001c70 f i Cooking.obj
 0001:00000c90       ?getParams@Cooking@physx@@UEBAAEBUPxCookingParams@2@XZ 0000000180001c90 f   Cooking.obj
 0001:00000ca0       ?getPos@AABBTreeBuildNode@Gu@physx@@QEBAPEBV123@XZ 0000000180001ca0 f i Cooking.obj
 0001:00000cb0       ?getPrimitives@AABBTreeBuildNode@Gu@physx@@QEAAPEAIPEAI@Z 0000000180001cb0 f i Cooking.obj
 0001:00000cb0       ?getPrimitives@AABBTreeBuildNode@Gu@physx@@QEBAPEBIPEBI@Z 0000000180001cb0 f i Cooking.obj
 0001:00000cc0       PxGetStandaloneInsertionCallback 0000000180001cc0 f   Cooking.obj
 0001:00000cc0       ?getStandaloneInsertionCallback@Cooking@physx@@UEAAAEAVPxInsertionCallback@2@XZ 0000000180001cc0 f   Cooking.obj
 0001:00000cd0       ?isLeaf@AABBTreeBuildNode@Gu@physx@@QEBA_NXZ 0000000180001cd0 f i Cooking.obj
 0001:00000ce0       ?moveFrom@AABBTreeBounds@Gu@physx@@QEAAXAEAV123@@Z 0000000180001ce0 f i Cooking.obj
 0001:00000cf0       ?outputCapsule@PxRenderOutput@physx@@QEAAAEAV12@MMAEBV?$PxMat44T@M@2@@Z 0000000180001cf0 f i Cooking.obj
 0001:00001a00       ?outputSegment@PxRenderOutput@physx@@QEAAXAEBV?$PxVec3T@M@2@0@Z 0000000180002a00 f i Cooking.obj
 0001:00001a70       ?ownsMemory@AABBTreeBounds@Gu@physx@@QEBA_NXZ 0000000180002a70 f i Cooking.obj
 0001:00001a80       ?platformMismatch@Cooking@physx@@UEBA_NXZ 0000000180002a80 f   Cooking.obj
 0001:00001a90       ?recreate@?$PxArray@USlab@NodeAllocator@Gu@physx@@V?$PxReflectionAllocator@USlab@NodeAllocator@Gu@physx@@@4@@physx@@IEAAXI@Z 0000000180002a90 f i Cooking.obj
 0001:00001b40       ?release@Cooking@physx@@UEAAXXZ 0000000180002b40 f   Cooking.obj
 0001:00001b60       ?reservePoints@PxRenderOutput@physx@@QEAAPEAUPxDebugPoint@2@I@Z 0000000180002b60 f i Cooking.obj
 0001:00001b70       ?reserveSegments@PxRenderOutput@physx@@QEAAPEAUPxDebugLine@2@I@Z 0000000180002b70 f i Cooking.obj
 0001:00001b80       ?setBounds@AABBTreeBounds@Gu@physx@@QEAAXPEAVPxBounds3@3@@Z 0000000180002b80 f i Cooking.obj
 0001:00001b90       ?setNbRunTimePrimitives@AABBTreeBuildNode@Gu@physx@@QEAAXI@Z 0000000180002b90 f i Cooking.obj
 0001:00001ba0       ?setParams@Cooking@physx@@UEAAXAEBUPxCookingParams@2@@Z 0000000180002ba0 f   Cooking.obj
 0001:00001c00       ?takeOwnership@AABBTreeBounds@Gu@physx@@QEAAXXZ 0000000180002c00 f i Cooking.obj
 0001:00001c10       ?validateConvexMesh@Cooking@physx@@UEBA_NAEBVPxConvexMeshDesc@2@@Z 0000000180002c10 f   Cooking.obj
 0001:00001c20       ?validateTriangleMesh@Cooking@physx@@UEBA_NAEBVPxTriangleMeshDesc@2@@Z 0000000180002c20 f   Cooking.obj
 0001:00001c30       PxAssembleSoftBodyMesh     0000000180002c30 f   Cooking.obj
 0001:00001c40       PxAssembleSoftBodyMesh_Sim 0000000180002c40 f   Cooking.obj
 0001:00001c50       PxComputeCollisionData     0000000180002c50 f   Cooking.obj
 0001:00001c60       PxComputeHullPolygons      0000000180002c60 f   Cooking.obj
 0001:00001c70       PxComputeModelsMapping     0000000180002c70 f   Cooking.obj
 0001:00001c80       PxComputeSimulationData    0000000180002c80 f   Cooking.obj
 0001:00001c90       PxCookBVH                  0000000180002c90 f   Cooking.obj
 0001:00001ca0       PxCookConvexMesh           0000000180002ca0 f   Cooking.obj
 0001:00001cb0       PxCookHeightField          0000000180002cb0 f   Cooking.obj
 0001:00001cc0       PxCookSoftBodyMesh         0000000180002cc0 f   Cooking.obj
 0001:00001cd0       PxCookTetrahedronMesh      0000000180002cd0 f   Cooking.obj
 0001:00001ce0       PxCookTriangleMesh         0000000180002ce0 f   Cooking.obj
 0001:00001cf0       PxCreateBVH                0000000180002cf0 f   Cooking.obj
 0001:00001d00       PxCreateBVHInternal        0000000180002d00 f   Cooking.obj
 0001:00001dc0       PxCreateConvexMesh         0000000180002dc0 f   Cooking.obj
 0001:00001dd0       PxCreateCooking            0000000180002dd0 f   Cooking.obj
 0001:00001ec0       PxCreateHeightField        0000000180002ec0 f   Cooking.obj
 0001:00001ed0       PxCreateSoftBodyMesh       0000000180002ed0 f   Cooking.obj
 0001:00001ee0       PxCreateTetrahedronMesh    0000000180002ee0 f   Cooking.obj
 0001:00001ef0       PxCreateTriangleMesh       0000000180002ef0 f   Cooking.obj
 0001:00001f00       PxCreateTriangleMeshInternal 0000000180002f00 f   Cooking.obj
 0001:00001fb0       PxValidateConvexMesh       0000000180002fb0 f   Cooking.obj
 0001:00001fc0       PxValidateTriangleMesh     0000000180002fc0 f   Cooking.obj
 0001:00001fd0       ?cookingDelayHook@@YAP6A_JXZIPEAUDelayLoadInfo@@@Z 0000000180002fd0 f   WindowsCookingDelayLoadHook.obj
 0001:000020b0       PxSetPhysXCookingDelayLoadHook 00000001800030b0 f   WindowsCookingDelayLoadHook.obj
 0001:000020b8       __imp_load_getInsertionCallback 00000001800030b8 f   PhysXCommon_64:PhysXCommon_64.dll
 0001:000020c4       getInsertionCallback       00000001800030c4 f   PhysXCommon_64:PhysXCommon_64.dll
 0001:000020ca       __tailMerge_physxcommon_64_dll 00000001800030ca     PhysXCommon_64:PhysXCommon_64.dll
 0001:00002143       __imp_load_cookBVH         0000000180003143 f   PhysXCommon_64:PhysXCommon_64.dll
 0001:0000214f       cookBVH                    000000018000314f f   PhysXCommon_64:PhysXCommon_64.dll
 0001:00002155       __imp_load_createBVH       0000000180003155 f   PhysXCommon_64:PhysXCommon_64.dll
 0001:00002161       createBVH                  0000000180003161 f   PhysXCommon_64:PhysXCommon_64.dll
 0001:00002167       __imp_load_cookHeightField 0000000180003167 f   PhysXCommon_64:PhysXCommon_64.dll
 0001:00002173       cookHeightField            0000000180003173 f   PhysXCommon_64:PhysXCommon_64.dll
 0001:00002179       __imp_load_createHeightField 0000000180003179 f   PhysXCommon_64:PhysXCommon_64.dll
 0001:00002185       createHeightField          0000000180003185 f   PhysXCommon_64:PhysXCommon_64.dll
 0001:0000218b       __imp_load_cookConvexMesh  000000018000318b f   PhysXCommon_64:PhysXCommon_64.dll
 0001:00002197       cookConvexMesh             0000000180003197 f   PhysXCommon_64:PhysXCommon_64.dll
 0001:0000219d       __imp_load_createConvexMesh 000000018000319d f   PhysXCommon_64:PhysXCommon_64.dll
 0001:000021a9       createConvexMesh           00000001800031a9 f   PhysXCommon_64:PhysXCommon_64.dll
 0001:000021af       __imp_load_validateConvexMesh 00000001800031af f   PhysXCommon_64:PhysXCommon_64.dll
 0001:000021bb       validateConvexMesh         00000001800031bb f   PhysXCommon_64:PhysXCommon_64.dll
 0001:000021c1       __imp_load_computeHullPolygons 00000001800031c1 f   PhysXCommon_64:PhysXCommon_64.dll
 0001:000021cd       computeHullPolygons        00000001800031cd f   PhysXCommon_64:PhysXCommon_64.dll
 0001:000021d3       __imp_load_validateTriangleMesh 00000001800031d3 f   PhysXCommon_64:PhysXCommon_64.dll
 0001:000021df       validateTriangleMesh       00000001800031df f   PhysXCommon_64:PhysXCommon_64.dll
 0001:000021e5       __imp_load_createTriangleMesh 00000001800031e5 f   PhysXCommon_64:PhysXCommon_64.dll
 0001:000021f1       createTriangleMesh         00000001800031f1 f   PhysXCommon_64:PhysXCommon_64.dll
 0001:000021f7       __imp_load_cookTriangleMesh 00000001800031f7 f   PhysXCommon_64:PhysXCommon_64.dll
 0001:00002203       cookTriangleMesh           0000000180003203 f   PhysXCommon_64:PhysXCommon_64.dll
 0001:00002209       __imp_load_cookTetrahedronMesh 0000000180003209 f   PhysXCommon_64:PhysXCommon_64.dll
 0001:00002215       cookTetrahedronMesh        0000000180003215 f   PhysXCommon_64:PhysXCommon_64.dll
 0001:0000221b       __imp_load_createTetrahedronMesh 000000018000321b f   PhysXCommon_64:PhysXCommon_64.dll
 0001:00002227       createTetrahedronMesh      0000000180003227 f   PhysXCommon_64:PhysXCommon_64.dll
 0001:0000222d       __imp_load_cookSoftBodyMesh 000000018000322d f   PhysXCommon_64:PhysXCommon_64.dll
 0001:00002239       cookSoftBodyMesh           0000000180003239 f   PhysXCommon_64:PhysXCommon_64.dll
 0001:0000223f       __imp_load_createSoftBodyMesh 000000018000323f f   PhysXCommon_64:PhysXCommon_64.dll
 0001:0000224b       createSoftBodyMesh         000000018000324b f   PhysXCommon_64:PhysXCommon_64.dll
 0001:00002251       __imp_load_computeModelsMapping 0000000180003251 f   PhysXCommon_64:PhysXCommon_64.dll
 0001:0000225d       computeModelsMapping       000000018000325d f   PhysXCommon_64:PhysXCommon_64.dll
 0001:00002263       __imp_load_computeCollisionData 0000000180003263 f   PhysXCommon_64:PhysXCommon_64.dll
 0001:0000226f       computeCollisionData       000000018000326f f   PhysXCommon_64:PhysXCommon_64.dll
 0001:00002275       __imp_load_computeSimulationData 0000000180003275 f   PhysXCommon_64:PhysXCommon_64.dll
 0001:00002281       computeSimulationData      0000000180003281 f   PhysXCommon_64:PhysXCommon_64.dll
 0001:00002287       __imp_load_assembleSoftBodyMesh 0000000180003287 f   PhysXCommon_64:PhysXCommon_64.dll
 0001:00002293       assembleSoftBodyMesh       0000000180003293 f   PhysXCommon_64:PhysXCommon_64.dll
 0001:00002299       __imp_load_assembleSoftBodyMesh_Sim 0000000180003299 f   PhysXCommon_64:PhysXCommon_64.dll
 0001:000022a5       assembleSoftBodyMesh_Sim   00000001800032a5 f   PhysXCommon_64:PhysXCommon_64.dll
 0001:000022ab       __imp_load_?release@AABBTreeBounds@Gu@physx@@QEAAXXZ 00000001800032ab f   PhysXCommon_64:PhysXCommon_64.dll
 0001:000022b7       ?release@AABBTreeBounds@Gu@physx@@QEAAXXZ 00000001800032b7 f   PhysXCommon_64:PhysXCommon_64.dll
 0001:000022bd       __imp_load_??0BVH@Gu@physx@@QEAA@AEBUPxBVHInternalData@2@@Z 00000001800032bd f   PhysXCommon_64:PhysXCommon_64.dll
 0001:000022c9       ??0BVH@Gu@physx@@QEAA@AEBUPxBVHInternalData@2@@Z 00000001800032c9 f   PhysXCommon_64:PhysXCommon_64.dll
 0001:000022cf       __imp_load_??0BV4TriangleMesh@Gu@physx@@QEAA@AEBUPxTriangleMeshInternalData@2@@Z 00000001800032cf f   PhysXCommon_64:PhysXCommon_64.dll
 0001:000022db       ??0BV4TriangleMesh@Gu@physx@@QEAA@AEBUPxTriangleMeshInternalData@2@@Z 00000001800032db f   PhysXCommon_64:PhysXCommon_64.dll
 0001:000022e1       __imp_load_PxGetFoundation 00000001800032e1 f   PhysXFoundation_64:PhysXFoundation_64.dll
 0001:000022ed       PxGetFoundation            00000001800032ed f   PhysXFoundation_64:PhysXFoundation_64.dll
 0001:000022f3       __tailMerge_physxfoundation_64_dll 00000001800032f3     PhysXFoundation_64:PhysXFoundation_64.dll
 0001:0000236c       __imp_load_PxGetBroadcastAllocator 000000018000336c f   PhysXFoundation_64:PhysXFoundation_64.dll
 0001:00002378       PxGetBroadcastAllocator    0000000180003378 f   PhysXFoundation_64:PhysXFoundation_64.dll
 0001:0000237e       __imp_load_PxDecFoundationRefCount 000000018000337e f   PhysXFoundation_64:PhysXFoundation_64.dll
 0001:0000238a       PxDecFoundationRefCount    000000018000338a f   PhysXFoundation_64:PhysXFoundation_64.dll
 0001:00002390       __imp_load_PxIncFoundationRefCount 0000000180003390 f   PhysXFoundation_64:PhysXFoundation_64.dll
 0001:0000239c       PxIncFoundationRefCount    000000018000339c f   PhysXFoundation_64:PhysXFoundation_64.dll
 0001:000023a4       ?DloadAcquireSectionWriteAccess@@YAXXZ 00000001800033a4 f i Delayimp:delayhlp.obj
 0001:00002450       ?DloadGetSRWLockFunctionPointers@@YAEXZ 0000000180003450 f i Delayimp:delayhlp.obj
 0001:000024ec       ?DloadMakePermanentImageCommit@@YAXPEAX_K@Z 00000001800034ec f i Delayimp:delayhlp.obj
 0001:00002584       ?DloadObtainSection@@YAPEAXPEAK0@Z 0000000180003584 f i Delayimp:delayhlp.obj
 0001:00002620       ?DloadProtectSection@@YAXKPEAK@Z 0000000180003620 f i Delayimp:delayhlp.obj
 0001:000026b0       ?DloadReleaseSectionWriteAccess@@YAXXZ 00000001800036b0 f i Delayimp:delayhlp.obj
 0001:00002744       __delayLoadHelper2         0000000180003744 f   Delayimp:delayhlp.obj
 0001:00002a18       ??3@YAXPEAX@Z              0000000180003a18 f   LIBCMT:delete_scalar.obj
 0001:00002a20       ??3@YAXPEAX_K@Z            0000000180003a20 f   LIBCMT:delete_scalar_size.obj
 0001:00002a20       ??_V@YAXPEAX@Z             0000000180003a20 f   LIBCMT:delete_array.obj
 0001:00002a28       ??_V@YAXPEAX_K@Z           0000000180003a28 f   LIBCMT:delete_array_size.obj
 0001:00002a30       __vdecl_sinf4              0000000180003a30 f   LIBCMT:svml_ssinf4_dispatch.obj
 0001:00002a50       __libm_sse2_sincosf_       0000000180003a50 f   LIBCMT:svml_ssinf4_dispatch.obj
 0001:00002a93       __libm_sse2_sincosf4_      0000000180003a93 f   LIBCMT:svml_ssinf4_dispatch.obj
 0001:00002aa0       ??_Gtype_info@@UEAAPEAXI@Z 0000000180003aa0 f i LIBCMT:std_type_info_static.obj
 0001:00002aa0       ??_Etype_info@@UEAAPEAXI@Z 0000000180003aa0 f i LIBCMT:std_type_info_static.obj
 0001:00002acc       ?__scrt_initialize_type_info@@YAXXZ 0000000180003acc f   LIBCMT:tncleanup.obj
 0001:00002adc       ?__scrt_uninitialize_type_info@@YAXXZ 0000000180003adc f   LIBCMT:tncleanup.obj
 0001:00002e08       _DllMainCRTStartup         0000000180003e08 f   LIBCMT:dll_dllmain.obj
 0001:00002e48       __isa_available_init       0000000180003e48 f   LIBCMT:cpu_disp.obj
 0001:00002ff0       __sse2_sinf4@@16           0000000180003ff0 f   LIBCMT:svml_ssinf4_sse2.obj
 0001:00003930       __sse4_sinf4@@16           0000000180004930 f   LIBCMT:svml_ssinf4_sse4.obj
 0001:000040a4       __security_init_cookie     00000001800050a4 f   LIBCMT:gs_support.obj
 0001:00004150       ?raw_length@charNode@@UEBAHXZ 0000000180005150 f   libvcruntime:undname.obj
 0001:00004150       DllMain                    0000000180005150 f   LIBCMT:dll_dllmain_stub.obj
 0001:00004150       ?length@charNode@@UEBAHXZ  0000000180005150 f   libvcruntime:undname.obj
 0001:00004150       _get_startup_argv_mode     0000000180005150 f   LIBCMT:argv_mode.obj
 0001:00004158       __local_stdio_printf_options 0000000180005158 f i LIBCMT:default_local_stdio_options.obj
 0001:00004160       __local_stdio_scanf_options 0000000180005160 f i LIBCMT:default_local_stdio_options.obj
 0001:00004168       __scrt_initialize_default_local_stdio_options 0000000180005168 f   LIBCMT:default_local_stdio_options.obj
 0001:00004184       __scrt_acquire_startup_lock 0000000180005184 f   LIBCMT:utility.obj
 0001:000041c0       __scrt_dllmain_after_initialize_c 00000001800051c0 f   LIBCMT:utility.obj
 0001:000041f4       __scrt_dllmain_before_initialize_c 00000001800051f4 f   LIBCMT:utility.obj
 0001:0000420c       __scrt_dllmain_crt_thread_attach 000000018000520c f   LIBCMT:utility.obj
 0001:00004234       __scrt_dllmain_crt_thread_detach 0000000180005234 f   LIBCMT:utility.obj
 0001:0000424c       __scrt_dllmain_exception_filter 000000018000524c f   LIBCMT:utility.obj
 0001:000042ac       __scrt_dllmain_uninitialize_c 00000001800052ac f   LIBCMT:utility.obj
 0001:000042dc       __scrt_dllmain_uninitialize_critical 00000001800052dc f   LIBCMT:utility.obj
 0001:000042f0       __scrt_initialize_crt      00000001800052f0 f   LIBCMT:utility.obj
 0001:0000433c       __scrt_initialize_onexit_tables 000000018000533c f   LIBCMT:utility.obj
 0001:000043c8       __scrt_is_nonwritable_in_current_image 00000001800053c8 f   LIBCMT:utility.obj
 0001:00004460       __scrt_release_startup_lock 0000000180005460 f   LIBCMT:utility.obj
 0001:00004484       __scrt_uninitialize_crt    0000000180005484 f   LIBCMT:utility.obj
 0001:000044b0       __scrt_get_dyn_tls_init_callback 00000001800054b0 f   LIBCMT:dyn_tls_init.obj
 0001:000044b8       __crt_debugger_hook        00000001800054b8 f   LIBCMT:utility_desktop.obj
 0001:000044c0       __scrt_fastfail            00000001800054c0 f   LIBCMT:utility_desktop.obj
 0001:0000460c       _RTC_Initialize            000000018000560c f   LIBCMT:initsect.obj
 0001:00004648       _RTC_Terminate             0000000180005648 f   LIBCMT:initsect.obj
 0001:00004690       __common_ssin_cout_rare    0000000180005690 f   LIBCMT:svml_s_sin_cout.obj
 0001:00004700       __scrt_is_ucrt_dll_in_use  0000000180005700 f   LIBCMT:ucrt_detection.obj
 0001:0000470c       _get_purecall_handler      000000018000570c f   libvcruntime:purevirt.obj
 0001:00004718       _purecall                  0000000180005718 f   libvcruntime:purevirt.obj
 0001:0000473c       __std_type_info_compare    000000018000573c f   libvcruntime:std_type_info.obj
 0001:00004764       __std_type_info_destroy_list 0000000180005764 f   libvcruntime:std_type_info.obj
 0001:00004790       __std_type_info_name       0000000180005790 f   libvcruntime:std_type_info.obj
 0001:000048c0       memset_repmovs             00000001800058c0 f   libvcruntime:memset.obj
 0001:000048e0       memset                     00000001800058e0 f   libvcruntime:memset.obj
 0001:00004a70       strstr                     0000000180005a70 f   libvcruntime:strstr.obj
 0001:00004c6c       __C_specific_handler       0000000180005c6c f   libvcruntime:riscchandler.obj
 0001:00004e78       __vcrt_initialize          0000000180005e78 f   libvcruntime:initialization.obj
 0001:00004ea0       __vcrt_thread_attach       0000000180005ea0 f   libvcruntime:initialization.obj
 0001:00004eb4       __vcrt_thread_detach       0000000180005eb4 f   libvcruntime:initialization.obj
 0001:00004ec8       __vcrt_uninitialize        0000000180005ec8 f   libvcruntime:initialization.obj
 0001:00004ee4       __vcrt_uninitialize_critical 0000000180005ee4 f   libvcruntime:initialization.obj
 0001:00004ef4       __DestructExceptionObject  0000000180005ef4 f   libvcruntime:ehhelpers.obj
 0001:00004f64       ?_CallMemberFunction0@@YAXQEAX0@Z 0000000180005f64 f i libvcruntime:ehhelpers.obj
 0001:00004f68       _IsExceptionObjectToBeDestroyed 0000000180005f68 f   libvcruntime:ehhelpers.obj
 0001:00004f98       __AdjustPointer            0000000180005f98 f   libvcruntime:ehhelpers.obj
 0001:00004fbc       __FrameUnwindFilter        0000000180005fbc f   libvcruntime:ehhelpers.obj
 0001:00005024       ??$?0$00@DName@@QEAA@PEBDU?$StringLifeSelector@$00@@@Z 0000000180006024 f i libvcruntime:undname.obj
 0001:00005064       ??$?0$01@DName@@QEAA@PEBDU?$StringLifeSelector@$01@@@Z 0000000180006064 f i libvcruntime:undname.obj
 0001:00005064       ??$?0$0A@@DName@@QEAA@PEBDU?$StringLifeSelector@$0A@@@@Z 0000000180006064 f i libvcruntime:undname.obj
 0001:000050a4       ??$?0$0A@@pcharNode@@QEAA@PEBDHU?$StringLifeSelector@$0A@@@@Z 00000001800060a4 f i libvcruntime:undname.obj
 0001:000050a4       ??$?0$01@pcharNode@@QEAA@PEBDHU?$StringLifeSelector@$01@@@Z 00000001800060a4 f i libvcruntime:undname.obj
 0001:00005118       ??$append@VcharNode@@@DName@@AEAAXPEBVcharNode@@@Z 0000000180006118 f i libvcruntime:undname.obj
 0001:00005118       ??$append@VDNameNode@@@DName@@AEAAXPEBVDNameNode@@@Z 0000000180006118 f i libvcruntime:undname.obj
 0001:00005118       ??$append@VDNameStatusNode@@@DName@@AEAAXPEBVDNameStatusNode@@@Z 0000000180006118 f i libvcruntime:undname.obj
 0001:00005118       ??$append@VpcharNode@@@DName@@AEAAXPEBVpcharNode@@@Z 0000000180006118 f i libvcruntime:undname.obj
 0001:0000517c       ??$doPchar@$00@DName@@AEAAXPEBDH@Z 000000018000617c f i libvcruntime:undname.obj
 0001:00005220       ??$doPchar@$0A@@DName@@AEAAXPEBDH@Z 0000000180006220 f i libvcruntime:undname.obj
 0001:00005220       ??$doPchar@$01@DName@@AEAAXPEBDH@Z 0000000180006220 f i libvcruntime:undname.obj
 0001:000052b8       ??0DName@@QEAA@AEAPEBDD@Z  00000001800062b8 f   libvcruntime:undname.obj
 0001:00005368       ??0DName@@QEAA@AEBUStringLiteral@@@Z 0000000180006368 f   libvcruntime:undname.obj
 0001:00005394       ??0DName@@QEAA@PEAV0@@Z    0000000180006394 f   libvcruntime:undname.obj
 0001:00005418       ??0DName@@QEAA@_J@Z        0000000180006418 f   libvcruntime:undname.obj
 0001:000054c0       ??0DName@@QEAA@_K@Z        00000001800064c0 f   libvcruntime:undname.obj
 0001:00005550       ??2@YAPEAX_KAEAV_HeapManager@@H@Z 0000000180006550 f   libvcruntime:undname.obj
 0001:0000557c       ??AReplicator@@QEBA?AVDName@@H@Z 000000018000657c f   libvcruntime:undname.obj
 0001:000055bc       ??HDName@@QEBA?AV0@AEBUStringLiteral@@@Z 00000001800065bc f   libvcruntime:undname.obj
 0001:000055e8       ??HDName@@QEBA?AV0@AEBV0@@Z 00000001800065e8 f   libvcruntime:undname.obj
 0001:00005614       ??HDName@@QEBA?AV0@D@Z     0000000180006614 f   libvcruntime:undname.obj
 0001:00005640       ??HDName@@QEBA?AV0@W4DNameStatus@@@Z 0000000180006640 f   libvcruntime:undname.obj
 0001:0000566c       ??YDName@@QEAAAEAV0@AEBUStringLiteral@@@Z 000000018000666c f   libvcruntime:undname.obj
 0001:000056ec       ??YDName@@QEAAAEAV0@AEBV0@@Z 00000001800066ec f   libvcruntime:undname.obj
 0001:000057a0       ??YDName@@QEAAAEAV0@D@Z    00000001800067a0 f   libvcruntime:undname.obj
 0001:0000580c       ??YDName@@QEAAAEAV0@W4DNameStatus@@@Z 000000018000680c f   libvcruntime:undname.obj
 0001:00005878       ??YReplicator@@QEAAAEAV0@AEBVDName@@@Z 0000000180006878 f   libvcruntime:undname.obj
 0001:000058d0       ?UScore@UnDecorator@@SA?AUStringLiteral@@W4Tokens@@@Z 00000001800068d0 f   libvcruntime:undname.obj
 0001:0000591c       ?composeDeclaration@UnDecorator@@CA?AVDName@@AEBV2@@Z 000000018000691c f i libvcruntime:undname.obj
 0001:000067c4       ?doPchar@DName@@AEAAXD@Z   00000001800077c4 f   libvcruntime:undname.obj
 0001:00006814       ?getAddressOf@UnDecorator@@CA?AVDName@@XZ 0000000180007814 f   libvcruntime:undname.obj
 0001:000068a4       ?getArgumentList@UnDecorator@@CA?AVDName@@XZ 00000001800078a4 f   libvcruntime:undname.obj
 0001:00006a38       ?getArgumentTypes@UnDecorator@@CA?AVDName@@XZ 0000000180007a38 f   libvcruntime:undname.obj
 0001:00006b94       ?getArrayAccess@UnDecorator@@CA?AVDName@@XZ 0000000180007b94 f   libvcruntime:undname.obj
 0001:00006c30       ?getArrayObject@UnDecorator@@CA?AVDName@@XZ 0000000180007c30 f   libvcruntime:undname.obj
 0001:00006cf8       ?getArrayType@UnDecorator@@CA?AVDName@@AEBV2@@Z 0000000180007cf8 f i libvcruntime:undname.obj
 0001:00006f40       ?getBasedType@UnDecorator@@CA?AVDName@@XZ 0000000180007f40 f   libvcruntime:undname.obj
 0001:00007038       ?getBasicDataType@UnDecorator@@CA?AVDName@@AEBV2@@Z 0000000180008038 f   libvcruntime:undname.obj
 0001:000075e8       ?getCallingConvention@UnDecorator@@CA?AVDName@@XZ 00000001800085e8 f   libvcruntime:undname.obj
 0001:00007728       ?getDataIndirectType@UnDecorator@@CA?AVDName@@AEBV2@W4IndirectionKind@@0H@Z 0000000180008728 f   libvcruntime:undname.obj
 0001:00007fc0       ?getDataType@UnDecorator@@CA?AVDName@@PEAV2@@Z 0000000180008fc0 f   libvcruntime:undname.obj
 0001:000080d4       ?getDecoratedName@UnDecorator@@CA?AVDName@@XZ 00000001800090d4 f   libvcruntime:undname.obj
 0001:000083b8       ?getDimension@UnDecorator@@CA?AVDName@@_N@Z 00000001800093b8 f   libvcruntime:undname.obj
 0001:00008504       ?getDispatchTarget@UnDecorator@@CA?AVDName@@XZ 0000000180009504 f   libvcruntime:undname.obj
 0001:00008550       ?getECSUDataType@UnDecorator@@CA?AVDName@@XZ 0000000180009550 f   libvcruntime:undname.obj
 0001:00008730       ?getEnumType@UnDecorator@@CA?AVDName@@XZ 0000000180009730 f i libvcruntime:undname.obj
 0001:00008860       ?getExtendedDataIndirectType@UnDecorator@@CA?AVDName@@AEAW4IndirectionKind@@AEA_NH@Z 0000000180009860 f   libvcruntime:undname.obj
 0001:00008a68       ?getExternalDataType@UnDecorator@@CA?AVDName@@AEBV2@@Z 0000000180009a68 f i libvcruntime:undname.obj
 0001:00008b28       ?getFloatingPoint@UnDecorator@@CA?AVDName@@H@Z 0000000180009b28 f   libvcruntime:undname.obj
 0001:00008c50       ?getFunctionIndirectType@UnDecorator@@CA?AVDName@@AEBV2@@Z 0000000180009c50 f   libvcruntime:undname.obj
 0001:00009188       ?getLastChar@DNameStatusNode@@UEBADXZ 000000018000a188 f i libvcruntime:undname.obj
 0001:00009194       ?getLastChar@charNode@@UEBADXZ 000000018000a194 f i libvcruntime:undname.obj
 0001:00009198       ?getLastChar@pDNameNode@@UEBADXZ 000000018000a198 f i libvcruntime:undname.obj
 0001:000091c4       ?getLastChar@pairNode@@UEBADXZ 000000018000a1c4 f i libvcruntime:undname.obj
 0001:000091fc       ?getLastChar@pcharNode@@UEBADXZ 000000018000a1fc f i libvcruntime:undname.obj
 0001:00009210       ?getLexicalFrame@UnDecorator@@CA?AVDName@@XZ 000000018000a210 f i libvcruntime:undname.obj
 0001:00009274       ?getMemberAccess@UnDecorator@@CA?AVDName@@XZ 000000018000a274 f   libvcruntime:undname.obj
 0001:00009308       ?getMemoryWithBuffer@_HeapManager@@QEAAPEAX_K@Z 000000018000a308 f   libvcruntime:undname.obj
 0001:00009398       ?getNoexcept@UnDecorator@@CA?AVDName@@XZ 000000018000a398 f   libvcruntime:undname.obj
 0001:000093fc       ?getNumberOfDimensions@UnDecorator@@CAHXZ 000000018000a3fc f   libvcruntime:undname.obj
 0001:00009470       ?getOperatorName@UnDecorator@@CA?AVDName@@_NPEA_N@Z 000000018000a470 f i libvcruntime:undname.obj
 0001:00009e64       ?getPointerToMember@UnDecorator@@CA?AVDName@@XZ 000000018000ae64 f   libvcruntime:undname.obj
 0001:00009f5c       ?getPrimaryDataType@UnDecorator@@CA?AVDName@@AEBV2@@Z 000000018000af5c f   libvcruntime:undname.obj
 0001:0000a210       ?getPtrRefDataType@UnDecorator@@CA?AVDName@@AEBV2@H@Z 000000018000b210 f   libvcruntime:undname.obj
 0001:0000a3dc       ?getPtrRefType@UnDecorator@@CA?AVDName@@AEBV2@0W4IndirectionKind@@@Z 000000018000b3dc f   libvcruntime:undname.obj
 0001:0000a5b4       ?getRestrictionSpec@UnDecorator@@CA?AVDName@@XZ 000000018000b5b4 f   libvcruntime:undname.obj
 0001:0000a780       ?getReturnType@UnDecorator@@CA?AVDName@@PEAV2@@Z 000000018000b780 f   libvcruntime:undname.obj
 0001:0000a7b4       ?getScope@UnDecorator@@CA?AVDName@@XZ 000000018000b7b4 f   libvcruntime:undname.obj
 0001:0000ac68       ?getScopedName@UnDecorator@@CA?AVDName@@XZ 000000018000bc68 f   libvcruntime:undname.obj
 0001:0000ada4       ?getSignedDimension@UnDecorator@@CA?AVDName@@XZ 000000018000bda4 f   libvcruntime:undname.obj
 0001:0000ae2c       ?getString@DNameStatusNode@@UEBAPEADPEAD0@Z 000000018000be2c f i libvcruntime:undname.obj
 0001:0000ae74       ?getString@charNode@@UEBAPEADPEAD0@Z 000000018000be74 f i libvcruntime:undname.obj
 0001:0000ae88       ?getString@pDNameNode@@UEBAPEADPEAD0@Z 000000018000be88 f i libvcruntime:undname.obj
 0001:0000aeb8       ?getString@pairNode@@UEBAPEADPEAD0@Z 000000018000beb8 f i libvcruntime:undname.obj
 0001:0000af04       ?getString@pcharNode@@UEBAPEADPEAD0@Z 000000018000bf04 f i libvcruntime:undname.obj
 0001:0000af3c       ?getStringEncoding@UnDecorator@@CA?AVDName@@W4PrefixKind@@H@Z 000000018000bf3c f   libvcruntime:undname.obj
 0001:0000b020       ?getStringObject@UnDecorator@@CA?AVDName@@XZ 000000018000c020 f   libvcruntime:undname.obj
 0001:0000b088       ?getSymbolName@UnDecorator@@CA?AVDName@@XZ 000000018000c088 f i libvcruntime:undname.obj
 0001:0000b0d4       ?getTemplateArgumentList@UnDecorator@@CA?AVDName@@XZ 000000018000c0d4 f   libvcruntime:undname.obj
 0001:0000b348       ?getTemplateName@UnDecorator@@CA?AVDName@@_N@Z 000000018000c348 f   libvcruntime:undname.obj
 0001:0000b5dc       ?getTemplateNonTypeArgument@UnDecorator@@CA?AVDName@@XZ 000000018000c5dc f   libvcruntime:undname.obj
 0001:0000bb10       ?getTemplateTypeArgument@UnDecorator@@CA?AVDName@@XZ 000000018000cb10 f   libvcruntime:undname.obj
 0001:0000bc78       ?getThrowTypes@UnDecorator@@CA?AVDName@@XZ 000000018000cc78 f   libvcruntime:undname.obj
 0001:0000bc9c       ?getTypeEncoding@UnDecorator@@CAHXZ 000000018000cc9c f i libvcruntime:undname.obj
 0001:0000c02c       ?getUndecoratedName@UnDecorator@@QEAAPEADPEADH@Z 000000018000d02c f i libvcruntime:undname.obj
 0001:0000c180       ?getUnionObject@UnDecorator@@CA?AVDName@@XZ 000000018000d180 f   libvcruntime:undname.obj
 0001:0000c258       ?getVCallThunkType@UnDecorator@@CA?AVDName@@XZ 000000018000d258 f i libvcruntime:undname.obj
 0001:0000c2d0       ?getValue@UnDecorator@@CA?AV?$optional@_K@std@@XZ 000000018000d2d0 f   libvcruntime:undname.obj
 0001:0000c344       ?getValueObject@UnDecorator@@CA?AVDName@@XZ 000000018000d344 f   libvcruntime:undname.obj
 0001:0000c49c       ?getVdispMapType@UnDecorator@@CA?AVDName@@AEBV2@@Z 000000018000d49c f i libvcruntime:undname.obj
 0001:0000c518       ?getVfTableType@UnDecorator@@CA?AVDName@@AEBV2@@Z 000000018000d518 f i libvcruntime:undname.obj
 0001:0000c720       ?getZName@UnDecorator@@CA?AVDName@@_N0@Z 000000018000d720 f   libvcruntime:undname.obj
 0001:0000ca08       ?length@DNameStatusNode@@UEBAHXZ 000000018000da08 f i libvcruntime:undname.obj
 0001:0000ca08       ?raw_length@DNameStatusNode@@UEBAHXZ 000000018000da08 f i libvcruntime:undname.obj
 0001:0000ca0c       ?length@pDNameNode@@UEBAHXZ 000000018000da0c f i libvcruntime:undname.obj
 0001:0000ca34       ?length@pairNode@@UEBAHXZ  000000018000da34 f i libvcruntime:undname.obj
 0001:0000ca7c       ?raw_length@pcharNode@@UEBAHXZ 000000018000da7c f i libvcruntime:undname.obj
 0001:0000ca7c       ?length@pcharNode@@UEBAHXZ 000000018000da7c f i libvcruntime:undname.obj
 0001:0000ca80       ?parseDecoratedName@UnDecorator@@CA?AVDName@@XZ 000000018000da80 f   libvcruntime:undname.obj
 0001:0000cb94       ?raw_length@pDNameNode@@UEBAHXZ 000000018000db94 f i libvcruntime:undname.obj
 0001:0000cb98       ?raw_length@pairNode@@UEBAHXZ 000000018000db98 f i libvcruntime:undname.obj
 0001:0000cb9c       __unDName                  000000018000db9c f   libvcruntime:undname.obj
 0001:0000cbc4       __unDNameEx                000000018000dbc4 f   libvcruntime:undname.obj
 0001:0000ccf8       sprintf_s                  000000018000dcf8 f i libvcruntime:undname.obj
 0001:0000cd60       _NLG_Notify                000000018000dd60 f   libvcruntime:notify.obj
 0001:0000cd80       __NLG_Dispatch2            000000018000dd80 f   libvcruntime:notify.obj
 0001:0000cd90       __NLG_Return2              000000018000dd90 f   libvcruntime:notify.obj
 0001:0000cd94       __except_validate_context_record 000000018000dd94 f   libvcruntime:jbcxrval.obj
 0001:0000cdcc       __vcrt_freefls             000000018000ddcc f   libvcruntime:per_thread_data.obj
 0001:0000cdec       __vcrt_freeptd             000000018000ddec f   libvcruntime:per_thread_data.obj
 0001:0000ce3c       __vcrt_getptd              000000018000de3c f   libvcruntime:per_thread_data.obj
 0001:0000ce58       __vcrt_getptd_noexit       000000018000de58 f   libvcruntime:per_thread_data.obj
 0001:0000cf18       __vcrt_initialize_ptd      000000018000df18 f   libvcruntime:per_thread_data.obj
 0001:0000cf60       __vcrt_uninitialize_ptd    000000018000df60 f   libvcruntime:per_thread_data.obj
 0001:0000cf84       __vcrt_initialize_locks    000000018000df84 f   libvcruntime:locks.obj
 0001:0000cfb8       __vcrt_lock                000000018000dfb8 f   libvcruntime:locks.obj
 0001:0000cfd4       __vcrt_uninitialize_locks  000000018000dfd4 f   libvcruntime:locks.obj
 0001:0000d00c       __vcrt_unlock              000000018000e00c f   libvcruntime:locks.obj
 0001:0000d028       ??$_CallSETranslator@V__FrameHandler4@@@@YAHPEAUEHExceptionRecord@@PEA_KPEAU_CONTEXT@@PEAU_xDISPATCHER_CONTEXT@@PEAUFuncInfo4@FH4@@K1H@Z 000000018000e028 f i libvcruntime:risctrnsctrl.obj
 0001:0000d07c       ?DecompFuncInfo@FH4@@YA_JPEAEAEAUFuncInfo4@1@_KH_N@Z 000000018000e07c f i libvcruntime:risctrnsctrl.obj
 0001:0000d1a0       ?ExecutionInCatch@__FrameHandler4@@SA_NPEAU_xDISPATCHER_CONTEXT@@PEAUFuncInfo4@FH4@@@Z 000000018000e1a0 f   libvcruntime:risctrnsctrl.obj
 0001:0000d1a8       ?FrameUnwindToEmptyState@__FrameHandler4@@SAXPEA_KPEAU_xDISPATCHER_CONTEXT@@PEAUFuncInfo4@FH4@@@Z 000000018000e1a8 f   libvcruntime:risctrnsctrl.obj
 0001:0000d1dc       ?GetEstablisherFrame@__FrameHandler4@@SAPEA_KPEA_KPEAU_xDISPATCHER_CONTEXT@@PEAUFuncInfo4@FH4@@0@Z 000000018000e1dc f   libvcruntime:risctrnsctrl.obj
 0001:0000d200       ?GetRangeOfTrysToCheck@__FrameHandler4@@SA?AU?$pair@Viterator@TryBlockMap4@FH4@@V123@@std@@AEAVTryBlockMap4@FH4@@HPEAU_xDISPATCHER_CONTEXT@@PEAUFuncInfo4@5@H@Z 000000018000e200 f   libvcruntime:risctrnsctrl.obj
 0001:0000d368       ?UnwindNestedFrames@__FrameHandler4@@SAXPEA_KPEAUEHExceptionRecord@@PEAU_CONTEXT@@0PEAXPEAUFuncInfo4@FH4@@HHPEAUHandlerType4@5@PEAU_xDISPATCHER_CONTEXT@@E@Z 000000018000e368 f   libvcruntime:risctrnsctrl.obj
 0001:0000d488       ?setBuffer@TryBlockMap4@FH4@@QEAAXViterator@12@@Z 000000018000e488 f i libvcruntime:risctrnsctrl.obj
 0001:0000d648       _CreateFrameInfo           000000018000e648 f   libvcruntime:risctrnsctrl.obj
 0001:0000d684       _FindAndUnlinkFrame        000000018000e684 f   libvcruntime:risctrnsctrl.obj
 0001:0000d6d8       _GetImageBase              000000018000e6d8 f   libvcruntime:risctrnsctrl.obj
 0001:0000d6ec       _GetThrowImageBase         000000018000e6ec f   libvcruntime:risctrnsctrl.obj
 0001:0000d700       _SetImageBase              000000018000e700 f   libvcruntime:risctrnsctrl.obj
 0001:0000d718       _SetThrowImageBase         000000018000e718 f   libvcruntime:risctrnsctrl.obj
 0001:0000d730       __CxxFrameHandler4         000000018000e730 f   libvcruntime:risctrnsctrl.obj
 0001:0000d800       memcpy_repmovs             000000018000e800 f   libvcruntime:memcpy.obj
 0001:0000d820       memmove                    000000018000e820 f   libvcruntime:memcpy.obj
 0001:0000d820       memcpy                     000000018000e820 f   libvcruntime:memcpy.obj
 0001:0000dfe8       __vcrt_FlsAlloc            000000018000efe8 f   libvcruntime:winapi_downlevel.obj
 0001:0000e030       __vcrt_FlsFree             000000018000f030 f   libvcruntime:winapi_downlevel.obj
 0001:0000e078       __vcrt_FlsGetValue         000000018000f078 f   libvcruntime:winapi_downlevel.obj
 0001:0000e0c0       __vcrt_FlsSetValue         000000018000f0c0 f   libvcruntime:winapi_downlevel.obj
 0001:0000e114       __vcrt_InitializeCriticalSectionEx 000000018000f114 f   libvcruntime:winapi_downlevel.obj
 0001:0000e178       ?StateFromControlPc@__FrameHandler4@@SAHPEAUFuncInfo4@FH4@@PEAU_xDISPATCHER_CONTEXT@@@Z 000000018000f178 f   libvcruntime:ehstate.obj
 0001:0000e180       ?StateFromIp@__FrameHandler4@@SAHPEAUFuncInfo4@FH4@@PEAU_xDISPATCHER_CONTEXT@@_K@Z 000000018000f180 f   libvcruntime:ehstate.obj
 0001:0000edf0       ??$TypeMatchHelper@V__FrameHandler3@@@@YAHPEBU_s_HandlerType@@PEBU_s_CatchableType@@PEBU_s_ThrowInfo@@@Z 000000018000fdf0 f i libvcruntime:frame.obj
 0001:0000ef30       ??$TypeMatchHelper@V__FrameHandler4@@@@YAHPEAUHandlerType4@FH4@@PEBU_s_CatchableType@@PEBU_s_ThrowInfo@@@Z 000000018000ff30 f i libvcruntime:frame.obj
 0001:0000f074       ??$__InternalCxxFrameHandler@V__FrameHandler4@@@@YA?AW4_EXCEPTION_DISPOSITION@@PEAUEHExceptionRecord@@PEA_KPEAU_CONTEXT@@PEAU_xDISPATCHER_CONTEXT@@PEAUFuncInfo4@FH4@@H1E@Z 0000000180010074 f i libvcruntime:frame.obj
 0001:0000f308       ??0HandlerMap4@FH4@@QEAA@PEBUTryBlockMapEntry4@1@_KH@Z 0000000180010308 f i libvcruntime:frame.obj
 0001:0000f384       ??0TryBlockMap4@FH4@@QEAA@PEBUFuncInfo4@1@_K@Z 0000000180010384 f i libvcruntime:frame.obj
 0001:0000f45c       ??0bad_exception@std@@QEAA@AEBV01@@Z 000000018001045c f i libvcruntime:frame.obj
 0001:0000f498       ??0bad_exception@std@@QEAA@XZ 0000000180010498 f i libvcruntime:frame.obj
 0001:0000f4b8       ??0exception@std@@QEAA@AEBV01@@Z 00000001800104b8 f i libvcruntime:frame.obj
 0001:0000f4ec       ??1bad_exception@std@@UEAA@XZ 00000001800104ec f i libvcruntime:frame.obj
 0001:0000f500       ??_Ebad_exception@std@@UEAAPEAXI@Z 0000000180010500 f i libvcruntime:frame.obj
 0001:0000f500       ??_Eexception@std@@UEAAPEAXI@Z 0000000180010500 f i libvcruntime:frame.obj
 0001:0000f500       ??_Gexception@std@@UEAAPEAXI@Z 0000000180010500 f i libvcruntime:frame.obj
 0001:0000f500       ??_Gbad_exception@std@@UEAAPEAXI@Z 0000000180010500 f i libvcruntime:frame.obj
 0001:0000f544       ?CxxCallCatchBlock@__FrameHandler4@@SAPEAXPEAU_EXCEPTION_RECORD@@@Z 0000000180010544 f   libvcruntime:frame.obj
 0001:0000f794       ?DecompHandler@HandlerMap4@FH4@@AEAAXXZ 0000000180010794 f i libvcruntime:frame.obj
 0001:0000f9d4       ?FrameUnwindToState@__FrameHandler4@@SAXPEA_KPEAU_xDISPATCHER_CONTEXT@@PEAUFuncInfo4@FH4@@H@Z 00000001800109d4 f   libvcruntime:frame.obj
 0001:0000fe34       ?ReadEntry@UWMap4@FH4@@AEAAXPEAPEAE@Z 0000000180010e34 f i libvcruntime:frame.obj
 0001:0000fed4       ?_CallMemberFunction1@@YAXQEAX00@Z 0000000180010ed4 f i libvcruntime:frame.obj
 0001:0000fee0       ?_CallMemberFunction2@@YAXQEAX00H@Z 0000000180010ee0 f i libvcruntime:frame.obj
 0001:0000fef0       ?getStartStop@UWMap4@FH4@@QEAAXHHAEAViterator@12@0@Z 0000000180010ef0 f i libvcruntime:frame.obj
 0001:0000ffc0       ?getStateFromIterators@UWMap4@FH4@@SAHAEBViterator@12@H0H0@Z 0000000180010fc0 f i libvcruntime:frame.obj
 0001:00010088       ?what@exception@std@@UEBAPEBDXZ 0000000180011088 f i libvcruntime:frame.obj
 0001:000100b0       _CallSettingFrame          00000001800110b0 f   libvcruntime:handlers.obj
 0001:00010100       _CallSettingFrame_LookupContinuationIndex 0000000180011100 f   libvcruntime:handlers.obj
 0001:00010130       _CallSettingFrame_NotifyContinuationAddr 0000000180011130 f   libvcruntime:handlers.obj
 0001:00010160       _CallSettingFrameEncoded   0000000180011160 f   libvcruntime:handlers.obj
 0001:000101a8       __std_exception_copy       00000001800111a8 f   libvcruntime:std_exception.obj
 0001:00010238       __std_exception_destroy    0000000180011238 f   libvcruntime:std_exception.obj
 0001:00010260       _CxxThrowException         0000000180011260 f   libvcruntime:throw.obj
 0001:00010300       cosf                       0000000180011300 f   libucrt:cosf.obj
 0001:00010800       sinf                       0000000180011800 f   libucrt:sinf.obj
 0001:00010ef8       free                       0000000180011ef8 f   libucrt:free.obj
 0001:00010f0c       _initterm                  0000000180011f0c f   libucrt:initterm.obj
 0001:00010f70       _initterm_e                0000000180011f70 f   libucrt:initterm.obj
 0001:00010fb0       _seh_filter_dll            0000000180011fb0 f   libucrt:exception_filter.obj
 0001:00010fc4       _seh_filter_exe            0000000180011fc4 f   libucrt:exception_filter.obj
 0001:000113b4       __acrt_initialize_thread_local_exit_callback 00000001800123b4 f   libucrt:exit.obj
 0001:000113bc       _cexit                     00000001800123bc f   libucrt:exit.obj
 0001:000113cc       _exit                      00000001800123cc f   libucrt:exit.obj
 0001:000113d8       _is_c_termination_complete 00000001800123d8 f   libucrt:exit.obj
 0001:000115a0       __acrt_allocate_buffer_for_argv 00000001800125a0 f   libucrt:argv_parsing.obj
 0001:00011600       _configure_narrow_argv     0000000180012600 f   libucrt:argv_parsing.obj
 0001:00011978       __dcrt_uninitialize_environments_nolock 0000000180012978 f   libucrt:environment_initialization.obj
 0001:000119b0       _initialize_narrow_environment 00000001800129b0 f   libucrt:environment_initialization.obj
 0001:00011b0c       _execute_onexit_table      0000000180012b0c f   libucrt:onexit.obj
 0001:00011b48       _initialize_onexit_table   0000000180012b48 f   libucrt:onexit.obj
 0001:00011ba8       __acrt_uninitialize_command_line 0000000180012ba8 f   libucrt:argv_data.obj
 0001:00011ca0       __acrt_initialize          0000000180012ca0 f   libucrt:initialization.obj
 0001:00011cb4       __acrt_thread_attach       0000000180012cb4 f   libucrt:initialization.obj
 0001:00011cc8       __acrt_thread_detach       0000000180012cc8 f   libucrt:initialization.obj
 0001:00011cd8       __acrt_uninitialize        0000000180012cd8 f   libucrt:initialization.obj
 0001:00011d10       __acrt_uninitialize_critical 0000000180012d10 f   libucrt:initialization.obj
 0001:00011d20       terminate                  0000000180012d20 f   libucrt:terminate.obj
 0001:00011d40       abort                      0000000180012d40 f   libucrt:abort.obj
 0001:00011d98       malloc                     0000000180012d98 f   libucrt:malloc.obj
 0001:00011da0       strcpy_s                   0000000180012da0 f   libucrt:strcpy_s.obj
 0001:00011fcc       ??$ensure_buffer_is_big_enough@D@formatting_buffer@__crt_stdio_output@@QEAA_N_K@Z 0000000180012fcc f i libucrt:output.obj
 0001:00012074       ??$type_case_integer_parse_into_buffer@I@?$output_processor@DV?$string_output_adapter@D@__crt_stdio_output@@V?$format_validation_base@DV?$string_output_adapter@D@__crt_stdio_output@@@2@@__crt_stdio_output@@AEAAXII_N@Z 0000000180013074 f i libucrt:output.obj
 0001:000120fc       ??$type_case_integer_parse_into_buffer@_K@?$output_processor@DV?$string_output_adapter@D@__crt_stdio_output@@V?$format_validation_base@DV?$string_output_adapter@D@__crt_stdio_output@@@2@@__crt_stdio_output@@AEAAX_KI_N@Z 00000001800130fc f i libucrt:output.obj
 0001:0001218c       ??$write_multiple_characters@V?$string_output_adapter@D@__crt_stdio_output@@D@__crt_stdio_output@@YAXAEBV?$string_output_adapter@D@0@DHQEAH@Z 000000018001318c f i libucrt:output.obj
 0001:00012204       ??0_LocaleUpdate@@QEAA@QEAU__crt_locale_pointers@@@Z 0000000180013204 f i libucrt:output.obj
 0001:000122a0       ?crop_zeroes@__crt_stdio_output@@YAXPEADQEAU__crt_locale_pointers@@@Z 00000001800132a0 f i libucrt:output.obj
 0001:00012340       ?force_decimal_point@__crt_stdio_output@@YAXPEADQEAU__crt_locale_pointers@@@Z 0000000180013340 f i libucrt:output.obj
 0001:000123b8       ?parse_int_from_format_string@?$output_processor@DV?$string_output_adapter@D@__crt_stdio_output@@V?$format_validation_base@DV?$string_output_adapter@D@__crt_stdio_output@@@2@@__crt_stdio_output@@AEAA_NQEAH@Z 00000001800133b8 f i libucrt:output.obj
 0001:0001245c       ?process@?$output_processor@DV?$string_output_adapter@D@__crt_stdio_output@@V?$format_validation_base@DV?$string_output_adapter@D@__crt_stdio_output@@@2@@__crt_stdio_output@@QEAAHXZ 000000018001345c f i libucrt:output.obj
 0001:00012670       ?state_case_normal@?$output_processor@DV?$string_output_adapter@D@__crt_stdio_output@@V?$format_validation_base@DV?$string_output_adapter@D@__crt_stdio_output@@@2@@__crt_stdio_output@@AEAA_NXZ 0000000180013670 f i libucrt:output.obj
 0001:000126e4       ?state_case_normal_tchar@?$output_processor@DV?$string_output_adapter@D@__crt_stdio_output@@V?$format_validation_base@DV?$string_output_adapter@D@__crt_stdio_output@@@2@@__crt_stdio_output@@AEAA_ND@Z 00000001800136e4 f i libucrt:output.obj
 0001:0001278c       ?state_case_size@?$output_processor@DV?$string_output_adapter@D@__crt_stdio_output@@V?$format_validation_base@DV?$string_output_adapter@D@__crt_stdio_output@@@2@@__crt_stdio_output@@AEAA_NXZ 000000018001378c f i libucrt:output.obj
 0001:000128fc       ?state_case_type@?$output_processor@DV?$string_output_adapter@D@__crt_stdio_output@@V?$format_validation_base@DV?$string_output_adapter@D@__crt_stdio_output@@@2@@__crt_stdio_output@@AEAA_NXZ 00000001800138fc f i libucrt:output.obj
 0001:00012b70       ?to_integer_size@__crt_stdio_output@@YA_KW4length_modifier@1@@Z 0000000180013b70 f i libucrt:output.obj
 0001:00012bd8       ?type_case_Z@?$output_processor@DV?$string_output_adapter@D@__crt_stdio_output@@V?$format_validation_base@DV?$string_output_adapter@D@__crt_stdio_output@@@2@@__crt_stdio_output@@AEAA_NXZ 0000000180013bd8 f i libucrt:output.obj
 0001:00012c4c       ?type_case_a@?$output_processor@DV?$string_output_adapter@D@__crt_stdio_output@@V?$format_validation_base@DV?$string_output_adapter@D@__crt_stdio_output@@@2@@__crt_stdio_output@@AEAA_NXZ 0000000180013c4c f i libucrt:output.obj
 0001:00012e08       ?type_case_c_tchar@?$output_processor@DV?$string_output_adapter@D@__crt_stdio_output@@V?$format_validation_base@DV?$string_output_adapter@D@__crt_stdio_output@@@2@@__crt_stdio_output@@AEAA_ND@Z 0000000180013e08 f i libucrt:output.obj
 0001:00012ed0       ?type_case_integer@?$output_processor@DV?$string_output_adapter@D@__crt_stdio_output@@V?$format_validation_base@DV?$string_output_adapter@D@__crt_stdio_output@@@2@@__crt_stdio_output@@AEAA_NI_N@Z 0000000180013ed0 f i libucrt:output.obj
 0001:00013050       ?type_case_n@?$output_processor@DV?$string_output_adapter@D@__crt_stdio_output@@V?$format_validation_base@DV?$string_output_adapter@D@__crt_stdio_output@@@2@@__crt_stdio_output@@AEAA_NXZ 0000000180014050 f i libucrt:output.obj
 0001:000130d8       ?type_case_s@?$output_processor@DV?$string_output_adapter@D@__crt_stdio_output@@V?$format_validation_base@DV?$string_output_adapter@D@__crt_stdio_output@@@2@@__crt_stdio_output@@AEAA_NXZ 00000001800140d8 f i libucrt:output.obj
 0001:00013170       ?write_stored_string_tchar@?$output_processor@DV?$string_output_adapter@D@__crt_stdio_output@@V?$format_validation_base@DV?$string_output_adapter@D@__crt_stdio_output@@@2@@__crt_stdio_output@@AEAA_ND@Z 0000000180014170 f i libucrt:output.obj
 0001:0001324c       ?write_string@?$string_output_adapter@D@__crt_stdio_output@@QEBAXQEBDHQEAHAEAV__crt_deferred_errno_cache@@@Z 000000018001424c f i libucrt:output.obj
 0001:000132f0       __stdio_common_vsprintf_s  00000001800142f0 f   libucrt:output.obj
 0001:00013354       ??$parse_integer@KV?$c_string_character_source@D@__crt_strtox@@@__crt_strtox@@YAKQEAU__crt_locale_pointers@@V?$c_string_character_source@D@0@H_N@Z 0000000180014354 f i libucrt:atox.obj
 0001:00013658       _ischartype_l              0000000180014658 f i libucrt:atox.obj
 0001:000136d0       atol                       00000001800146d0 f   libucrt:atox.obj
 0001:00013710       strncmp                    0000000180014710 f   libucrt:strncmp.obj
 0001:00013790       calloc                     0000000180014790 f   libucrt:calloc.obj
 0001:00013798       wcsncmp                    0000000180014798 f   libucrt:wcsncmp.obj
 0001:000137d0       __remainder_piby2d2f_forAsm 00000001800147d0 f   libucrt:remainder_piby2f_forasm.obj
 0001:00013920       __remainder_piby2_fma3     0000000180014920 f   libucrt:remainder_piby2_forfma3.obj
 0001:00013b10       __remainder_piby2_fma3_bdl 0000000180014b10 f   libucrt:remainder_piby2_forfma3.obj
 0001:00013b88       _cosf_special              0000000180014b88 f   libucrt:sincos_special.obj
 0001:00013c28       _sinf_special              0000000180014c28 f   libucrt:sincos_special.obj
 0001:00013c3c       _clrfp                     0000000180014c3c f   libucrt:fpctrl.obj
 0001:00013c5c       _ctrlfp                    0000000180014c5c f   libucrt:fpctrl.obj
 0001:00013cd8       _set_statfp                0000000180014cd8 f   libucrt:fpctrl.obj
 0001:00013cf8       _statfp                    0000000180014cf8 f   libucrt:fpctrl.obj
 0001:00013d10       __acrt_initialize_fma3     0000000180014d10 f   libucrt:fma3_available.obj
 0001:00013d80       __remainder_piby2d2f_forC  0000000180014d80 f   libucrt:remainder_piby2f_forc.obj
 0001:00013f0c       _free_base                 0000000180014f0c f   libucrt:free_base.obj
 0001:000142c4       __acrt_freeptd             00000001800152c4 f   libucrt:per_thread_data.obj
 0001:00014308       __acrt_getptd              0000000180015308 f   libucrt:per_thread_data.obj
 0001:000143dc       __acrt_getptd_head         00000001800153dc f   libucrt:per_thread_data.obj
 0001:00014484       __acrt_getptd_noexit       0000000180015484 f   libucrt:per_thread_data.obj
 0001:00014550       __acrt_initialize_ptd      0000000180015550 f   libucrt:per_thread_data.obj
 0001:0001458c       __acrt_uninitialize_ptd    000000018001558c f   libucrt:per_thread_data.obj
 0001:000145b0       __acrt_initialize_locks    00000001800155b0 f   libucrt:locks.obj
 0001:000145f8       __acrt_lock                00000001800155f8 f   libucrt:locks.obj
 0001:00014614       __acrt_uninitialize_locks  0000000180015614 f   libucrt:locks.obj
 0001:0001464c       __acrt_unlock              000000018001564c f   libucrt:locks.obj
 0001:00014668       __acrt_get_process_end_policy 0000000180015668 f   libucrt:win_policies.obj
 0001:000146a4       __acrt_call_reportfault    00000001800156a4 f   libucrt:invalid_parameter.obj
 0001:00014800       __acrt_initialize_invalid_parameter_handler 0000000180015800 f   libucrt:invalid_parameter.obj
 0001:00014808       _invalid_parameter         0000000180015808 f   libucrt:invalid_parameter.obj
 0001:000148b8       _invalid_parameter_noinfo  00000001800158b8 f   libucrt:invalid_parameter.obj
 0001:000148d8       _invoke_watson             00000001800158d8 f   libucrt:invalid_parameter.obj
 0001:00014920       __acrt_errno_from_os_error 0000000180015920 f   libucrt:errno.obj
 0001:00014968       __acrt_errno_map_os_error  0000000180015968 f   libucrt:errno.obj
 0001:000149b8       __doserrno                 00000001800159b8 f   libucrt:errno.obj
 0001:000149d8       _errno                     00000001800159d8 f   libucrt:errno.obj
 0001:000149f8       _calloc_base               00000001800159f8 f   libucrt:calloc_base.obj
 0001:00014a84       ??$__acrt_mbs_to_wcs_cp@U__crt_win32_buffer_internal_dynamic_resizing@@@@YAHQEBDAEAV?$__crt_win32_buffer@_WU__crt_win32_buffer_internal_dynamic_resizing@@@@I@Z 0000000180015a84 f i libucrt:argv_wildcards.obj
 0001:00014bfc       ??$__acrt_wcs_to_mbs_cp@U__crt_win32_buffer_internal_dynamic_resizing@@@@YAHQEB_WAEAV?$__crt_win32_buffer@DU__crt_win32_buffer_internal_dynamic_resizing@@@@I@Z 0000000180015bfc f i libucrt:argv_wildcards.obj
 0001:0001542c       __acrt_expand_narrow_argv_wildcards 000000018001642c f   libucrt:argv_wildcards.obj
 0001:00015434       ??$__acrt_wcs_to_mbs_cp@U__crt_win32_buffer_no_resizing@@@@YAHQEB_WAEAV?$__crt_win32_buffer@DU__crt_win32_buffer_no_resizing@@@@I@Z 0000000180016434 f i libucrt:getmodulefilenamea.obj
 0001:00015548       __acrt_GetModuleFileNameA  0000000180016548 f   libucrt:getmodulefilenamea.obj
 0001:00015d90       __acrt_initialize_multibyte 0000000180016d90 f   libucrt:mbctype.obj
 0001:00015df0       __acrt_update_thread_multibyte_data 0000000180016df0 f   libucrt:mbctype.obj
 0001:00015e0c       _setmbcp_nolock            0000000180016e0c f   libucrt:mbctype.obj
 0001:00016140       _ismbblead                 0000000180017140 f   libucrt:ismbbyte.obj
 0001:00016154       __acrt_initialize_command_line 0000000180017154 f   libucrt:argv_data.obj
 0001:0001617c       __acrt_MultiByteToWideChar 000000018001717c f   libucrt:multibytetowidechar.obj
 0001:000161d8       __acrt_WideCharToMultiByte 00000001800171d8 f   libucrt:widechartomultibyte.obj
 0001:00016288       __dcrt_get_narrow_environment_from_os 0000000180017288 f   libucrt:get_environment_from_os.obj
 0001:0001638c       _recalloc_base             000000018001738c f   libucrt:recalloc.obj
 0001:000165fc       __acrt_AppPolicyGetProcessTerminationMethodInternal 00000001800175fc f   libucrt:winapi_thunks.obj
 0001:0001664c       __acrt_AreFileApisANSI     000000018001764c f   libucrt:winapi_thunks.obj
 0001:00016688       __acrt_FlsAlloc            0000000180017688 f   libucrt:winapi_thunks.obj
 0001:000166d0       __acrt_FlsFree             00000001800176d0 f   libucrt:winapi_thunks.obj
 0001:00016718       __acrt_FlsGetValue         0000000180017718 f   libucrt:winapi_thunks.obj
 0001:00016760       __acrt_FlsSetValue         0000000180017760 f   libucrt:winapi_thunks.obj
 0001:000167b4       __acrt_InitializeCriticalSectionEx 00000001800177b4 f   libucrt:winapi_thunks.obj
 0001:00016818       __acrt_LCMapStringEx       0000000180017818 f   libucrt:winapi_thunks.obj
 0001:000168f4       __acrt_LocaleNameToLCID    00000001800178f4 f   libucrt:winapi_thunks.obj
 0001:00016944       __acrt_initialize_winapi_thunks 0000000180017944 f   libucrt:winapi_thunks.obj
 0001:00016978       __acrt_uninitialize_winapi_thunks 0000000180017978 f   libucrt:winapi_thunks.obj
 0001:000169bc       __acrt_initialize_heap     00000001800179bc f   libucrt:heap_handle.obj
 0001:000169d8       __acrt_uninitialize_heap   00000001800179d8 f   libucrt:heap_handle.obj
 0001:00016be0       __acrt_initialize_lowio    0000000180017be0 f   libucrt:ioinit.obj
 0001:00016c1c       __acrt_uninitialize_lowio  0000000180017c1c f   libucrt:ioinit.obj
 0001:00016c5c       __acrt_execute_initializers 0000000180017c5c f   libucrt:shared_initialization.obj
 0001:00016cdc       __acrt_execute_uninitializers 0000000180017cdc f   libucrt:shared_initialization.obj
 0001:00016d18       __acrt_initialize_new_handler 0000000180017d18 f   libucrt:new_handler.obj
 0001:00016d20       _callnewh                  0000000180017d20 f   libucrt:new_handler.obj
 0001:00016d50       _query_new_handler         0000000180017d50 f   libucrt:new_handler.obj
 0001:00016dcc       __acrt_get_sigabrt_handler 0000000180017dcc f   libucrt:signal.obj
 0001:00016dfc       __acrt_initialize_signal_handlers 0000000180017dfc f   libucrt:signal.obj
 0001:00016e1c       raise                      0000000180017e1c f   libucrt:signal.obj
 0001:00017088       __acrt_has_user_matherr    0000000180018088 f   libucrt:matherr.obj
 0001:000170a8       __acrt_initialize_user_matherr 00000001800180a8 f   libucrt:matherr.obj
 0001:000170b0       __acrt_invoke_user_matherr 00000001800180b0 f   libucrt:matherr.obj
 0001:000172bc       __acrt_stdio_flush_nolock  00000001800182bc f   libucrt:fflush.obj
 0001:00017338       _fflush_nolock             0000000180018338 f   libucrt:fflush.obj
 0001:00017384       _flushall                  0000000180018384 f   libucrt:fflush.obj
 0001:0001738c       __acrt_initialize_stdio    000000018001838c f   libucrt:_file.obj
 0001:000174ac       __acrt_uninitialize_stdio  00000001800184ac f   libucrt:_file.obj
 0001:00017508       _lock_file                 0000000180018508 f   libucrt:_file.obj
 0001:00017514       _unlock_file               0000000180018514 f   libucrt:_file.obj
 0001:00017520       _malloc_base               0000000180018520 f   libucrt:malloc_base.obj
 0001:00017580       strtol                     0000000180018580 f   libucrt:strtox.obj
 0001:000175ac       _mbtowc_l                  00000001800185ac f   libucrt:mbtowc.obj
 0001:0001772c       mbtowc                     000000018001872c f   libucrt:mbtowc.obj
 0001:00017734       _wctomb_s_l                0000000180018734 f   libucrt:wctomb.obj
 0001:000178d0       strnlen                    00000001800188d0 f   libucrt:strnlen.obj
 0001:00017a20       wcsnlen                    0000000180018a20 f   libucrt:strnlen.obj
 0001:00017bf8       __acrt_update_locale_info  0000000180018bf8 f   libucrt:locale_update.obj
 0001:00017c2c       __acrt_update_multibyte_info 0000000180018c2c f   libucrt:locale_update.obj
 0001:0001866c       __acrt_fp_format           000000018001966c f   libucrt:cvt.obj
 0001:000189a4       _fileno                    00000001800199a4 f   libucrt:fileno.obj
 0001:000189cc       _get_printf_count_output   00000001800199cc f   libucrt:printf_count_output.obj
 0001:00018a54       __acrt_set_locale_changed  0000000180019a54 f   libucrt:wsetlocale.obj
 0001:00018a60       __acrt_uninitialize_locale 0000000180019a60 f   libucrt:wsetlocale.obj
 0001:00018a90       __pctype_func              0000000180019a90 f   libucrt:ctype.obj
 0001:00018ac0       _isctype_l                 0000000180019ac0 f   libucrt:isctype.obj
 0001:00018cec       _handle_error              0000000180019cec f   libucrt:libm_error.obj
 0001:00018e14       _handle_errorf             0000000180019e14 f   libucrt:libm_error.obj
 0001:00018f48       _handle_nan                0000000180019f48 f   libucrt:libm_error.obj
 0001:00018f80       _get_fpsr                  0000000180019f80 f   libucrt:fpsr.obj
 0001:00018f90       _set_fpsr                  0000000180019f90 f   libucrt:fpsr.obj
 0001:00018f9a       _fclrf                     0000000180019f9a f   libucrt:fpsr.obj
 0001:00018fae       _frnd                      0000000180019fae f   libucrt:fpsr.obj
 0001:00018fd0       __acrt_add_locale_ref      0000000180019fd0 f   libucrt:locale_refcounting.obj
 0001:0001905c       __acrt_free_locale         000000018001a05c f   libucrt:locale_refcounting.obj
 0001:000191d4       __acrt_locale_add_lc_time_reference 000000018001a1d4 f   libucrt:locale_refcounting.obj
 0001:000191fc       __acrt_locale_free_lc_time_if_unreferenced 000000018001a1fc f   libucrt:locale_refcounting.obj
 0001:00019234       __acrt_locale_release_lc_time_reference 000000018001a234 f   libucrt:locale_refcounting.obj
 0001:0001925c       __acrt_release_locale_ref  000000018001a25c f   libucrt:locale_refcounting.obj
 0001:00019304       __acrt_update_thread_locale_data 000000018001a304 f   libucrt:locale_refcounting.obj
 0001:00019374       _updatetlocinfoEx_nolock   000000018001a374 f   libucrt:locale_refcounting.obj
 0001:000193dc       _query_new_mode            000000018001a3dc f   libucrt:new_mode.obj
 0001:000193f0       qsort                      000000018001a3f0 f   libucrt:qsort.obj
 0001:00019790       strncpy_s                  000000018001a790 f   libucrt:strncpy_s.obj
 0001:00019910       strpbrk                    000000018001a910 f   libucrt:strpbrk.obj
 0001:00019cd8       _mbsdec                    000000018001acd8 f   libucrt:mbsdec.obj
 0001:00019ce0       _mbsdec_l                  000000018001ace0 f   libucrt:mbsdec.obj
 0001:00019d74       __acrt_GetStringTypeA      000000018001ad74 f   libucrt:getstringtypea.obj
 0001:0001a21c       __acrt_LCMapStringA        000000018001b21c f   libucrt:lcmapstringa.obj
 0001:0001a2cc       _msize_base                000000018001b2cc f   libucrt:msize.obj
 0001:0001a308       _realloc_base              000000018001b308 f   libucrt:realloc_base.obj
 0001:0001a384       __acrt_DownlevelLocaleNameToLCID 000000018001b384 f   libucrt:lcidtoname_downlevel.obj
 0001:0001a434       __acrt_lowio_create_handle_array 000000018001b434 f   libucrt:osfinfo.obj
 0001:0001a4dc       __acrt_lowio_destroy_handle_array 000000018001b4dc f   libucrt:osfinfo.obj
 0001:0001a52c       __acrt_lowio_ensure_fh_exists 000000018001b52c f   libucrt:osfinfo.obj
 0001:0001a5d4       __acrt_lowio_lock_fh       000000018001b5d4 f   libucrt:osfinfo.obj
 0001:0001a5fc       __acrt_lowio_unlock_fh     000000018001b5fc f   libucrt:osfinfo.obj
 0001:0001a624       _free_osfhnd               000000018001b624 f   libucrt:osfinfo.obj
 0001:0001a6e0       _get_osfhandle             000000018001b6e0 f   libucrt:osfinfo.obj
 0001:0001a7e4       _commit                    000000018001b7e4 f   libucrt:commit.obj
 0001:0001b0f4       _write                     000000018001c0f4 f   libucrt:write.obj
 0001:0001b1e0       _write_nolock              000000018001c1e0 f   libucrt:write.obj
 0001:0001b4c4       _fcloseall                 000000018001c4c4 f   libucrt:closeall.obj
 0001:0001b578       __acrt_stdio_free_buffer_nolock 000000018001c578 f   libucrt:_freebuf.obj
 0001:0001b5b8       _isatty                    000000018001c5b8 f   libucrt:isatty.obj
 0001:0001b618       _isleadbyte_l              000000018001c618 f i libucrt:_wctype.obj
 0001:0001b664       ?__mbrtowc_utf8@__crt_mbstring@@YA_KPEA_WPEBD_KPEAU_Mbstatet@@@Z 000000018001c664 f   libucrt:mbrtowc.obj
 0001:0001b6a0       ?__mbsrtowcs_utf8@__crt_mbstring@@YA_KPEA_WPEAPEBD_KPEAU_Mbstatet@@@Z 000000018001c6a0 f   libucrt:mbrtowc.obj
 0001:0001b818       ?__c32rtomb_utf8@__crt_mbstring@@YA_KPEAD_UPEAU_Mbstatet@@@Z 000000018001c818 f   libucrt:c32rtomb.obj
 0001:0001b8cc       __acrt_fp_strflt_to_string 000000018001c8cc f   libucrt:_fptostr.obj
 0001:0001ba30       ?divide@__crt_strtox@@YA_KAEAUbig_integer@1@AEBU21@@Z 000000018001ca30 f i libucrt:cfout.obj
 0001:0001be5c       __acrt_fltout              000000018001ce5c f   libucrt:cfout.obj
 0001:0001d128       fegetround                 000000018001e128 f   libucrt:fegetround.obj
 0001:0001d13c       __acrt_locale_free_monetary 000000018001e13c f   libucrt:initmon.obj
 0001:0001d248       __acrt_locale_free_numeric 000000018001e248 f   libucrt:initnum.obj
 0001:0001d30c       __acrt_locale_free_time    000000018001e30c f   libucrt:inittime.obj
 0001:0001d414       _raise_exc                 000000018001e414 f   libucrt:fpexcept.obj
 0001:0001d43c       _raise_exc_ex              000000018001e43c f   libucrt:fpexcept.obj
 0001:0001d74c       _raise_excf                000000018001e74c f   libucrt:fpexcept.obj
 0001:0001d778       _set_errno_from_matherr    000000018001e778 f   libucrt:fpexcept.obj
 0001:0001d7a8       __strncnt                  000000018001e7a8 f   libucrt:strncnt.obj
 0001:0001d7c0       __ascii_wcsnicmp           000000018001e7c0 f   libucrt:wcsnicmp.obj
 0001:0001d80c       _query_app_type            000000018001e80c f   libucrt:report_runtime_error.obj
 0001:0001d8b0       _lseeki64_nolock           000000018001e8b0 f   libucrt:lseek.obj
 0001:0001d8b8       _putwch_nolock             000000018001e8b8 f   libucrt:putwch.obj
 0001:0001d8f4       _fclose_nolock             000000018001e8f4 f   libucrt:fclose.obj
 0001:0001d978       fclose                     000000018001e978 f   libucrt:fclose.obj
 0001:0001d9dc       ?__mbrtoc32_utf8@__crt_mbstring@@YA_KPEA_UPEBD_KPEAU_Mbstatet@@@Z 000000018001e9dc f   libucrt:mbrtoc32.obj
 0001:0001dbb4       _controlfp_s               000000018001ebb4 f   libucrt:contrlfp.obj
 0001:0001dc18       fegetenv                   000000018001ec18 f   libucrt:fegetenv.obj
 0001:0001dc38       fesetenv                   000000018001ec38 f   libucrt:fesetenv.obj
 0001:0001dc84       feholdexcept               000000018001ec84 f   libucrt:feholdexcept.obj
 0001:0001dcd4       ceil                       000000018001ecd4 f   libucrt:ceil.obj
 0001:0001dda0       log10                      000000018001eda0 f   libucrt:log10.obj
 0001:0001e34c       __acrt_fenv_get_common_round_control 000000018001f34c f   libucrt:_fenvutils.obj
 0001:0001e358       __acrt_fenv_get_control    000000018001f358 f   libucrt:_fenvutils.obj
 0001:0001e44c       __acrt_fenv_get_status     000000018001f44c f   libucrt:_fenvutils.obj
 0001:0001e4a0       __acrt_fenv_set_control    000000018001f4a0 f   libucrt:_fenvutils.obj
 0001:0001e5e8       __acrt_fenv_set_status     000000018001f5e8 f   libucrt:_fenvutils.obj
 0001:0001e66c       __dcrt_lowio_ensure_console_output_initialized 000000018001f66c f   libucrt:initcon.obj
 0001:0001e6c0       __dcrt_terminate_console_output 000000018001f6c0 f   libucrt:initcon.obj
 0001:0001e6dc       __dcrt_write_console       000000018001f6dc f   libucrt:initcon.obj
 0001:0001e810       _close                     000000018001f810 f   libucrt:close.obj
 0001:0001e8b4       _close_nolock              000000018001f8b4 f   libucrt:close.obj
 0001:0001e974       ?__acrt_stdio_free_stream@@YAXV__crt_stdio_stream@@@Z 000000018001f974 f   libucrt:stream.obj
 0001:0001e990       _clearfp                   000000018001f990 f   libucrt:ieee.obj
 0001:0001ea00       _control87                 000000018001fa00 f   libucrt:ieee.obj
 0001:0001ecd0       _log10_special             000000018001fcd0 f   libucrt:log_special.obj
 0001:0001ed90       _FindPESection             000000018001fd90 f   LIBCMT:pesect.obj
 0001:0001ede0       _IsNonwritableInCurrentImage 000000018001fde0 f   LIBCMT:pesect.obj
 0001:0001ee30       _ValidateImageBase         000000018001fe30 f   LIBCMT:pesect.obj
 0001:0001ee60       __GSHandlerCheck           000000018001fe60 f   LIBCMT:gshandler.obj
 0001:0001ee80       __GSHandlerCheckCommon     000000018001fe80 f   LIBCMT:gshandler.obj
 0001:0001eef0       __security_check_cookie    000000018001fef0 f   LIBCMT:amdsecgs.obj
 0001:0001ef10       __GSHandlerCheck_SEH       000000018001ff10 f   LIBCMT:gshandlerseh.obj
 0001:0001ef98       __raise_securityfailure    000000018001ff98 f   LIBCMT:gs_report.obj
 0001:0001efcc       __report_gsfailure         000000018001ffcc f   LIBCMT:gs_report.obj
 0001:0001f0a0       __report_rangecheckfailure 00000001800200a0 f   LIBCMT:gs_report.obj
 0001:0001f0b4       __report_securityfailure   00000001800200b4 f   LIBCMT:gs_report.obj
 0001:0001f250       _alloca_probe              0000000180020250 f   LIBCMT:chkstk.obj
 0001:0001f250       __chkstk                   0000000180020250 f   LIBCMT:chkstk.obj
 0001:0001f2a0       strrchr                    00000001800202a0 f   libvcruntime:strrchr.obj
 0001:0001f3e0       memcmp                     00000001800203e0 f   libvcruntime:memcmp.obj
 0001:0001f4c0       _guard_dispatch_icall_nop  00000001800204c0 f   LIBCMT:guard_dispatch.obj
 0001:0001f4e0       _guard_xfg_dispatch_icall_nop 00000001800204e0 f   LIBCMT:guard_xfg_dispatch.obj
 0002:00000000       __imp_LoadLibraryA         0000000180021000     kernel32:KERNEL32.dll
 0002:00000008       __imp_WriteConsoleW        0000000180021008     kernel32:KERNEL32.dll
 0002:00000010       __imp_RaiseException       0000000180021010     kernel32:KERNEL32.dll
 0002:00000018       __imp_GetLastError         0000000180021018     kernel32:KERNEL32.dll
 0002:00000020       __imp_GetSystemInfo        0000000180021020     kernel32:KERNEL32.dll
 0002:00000028       __imp_VirtualProtect       0000000180021028     kernel32:KERNEL32.dll
 0002:00000030       __imp_VirtualQuery         0000000180021030     kernel32:KERNEL32.dll
 0002:00000038       __imp_FreeLibrary          0000000180021038     kernel32:KERNEL32.dll
 0002:00000040       __imp_GetModuleHandleW     0000000180021040     kernel32:KERNEL32.dll
 0002:00000048       __imp_GetProcAddress       0000000180021048     kernel32:KERNEL32.dll
 0002:00000050       __imp_LoadLibraryExA       0000000180021050     kernel32:KERNEL32.dll
 0002:00000058       __imp_InitializeSListHead  0000000180021058     kernel32:KERNEL32.dll
 0002:00000060       __imp_QueryPerformanceCounter 0000000180021060     kernel32:KERNEL32.dll
 0002:00000068       __imp_GetCurrentProcessId  0000000180021068     kernel32:KERNEL32.dll
 0002:00000070       __imp_GetCurrentThreadId   0000000180021070     kernel32:KERNEL32.dll
 0002:00000078       __imp_GetSystemTimeAsFileTime 0000000180021078     kernel32:KERNEL32.dll
 0002:00000080       __imp_RtlCaptureContext    0000000180021080     kernel32:KERNEL32.dll
 0002:00000088       __imp_RtlLookupFunctionEntry 0000000180021088     kernel32:KERNEL32.dll
 0002:00000090       __imp_RtlVirtualUnwind     0000000180021090     kernel32:KERNEL32.dll
 0002:00000098       __imp_IsDebuggerPresent    0000000180021098     kernel32:KERNEL32.dll
 0002:000000a0       __imp_UnhandledExceptionFilter 00000001800210a0     kernel32:KERNEL32.dll
 0002:000000a8       __imp_SetUnhandledExceptionFilter 00000001800210a8     kernel32:KERNEL32.dll
 0002:000000b0       __imp_GetStartupInfoW      00000001800210b0     kernel32:KERNEL32.dll
 0002:000000b8       __imp_IsProcessorFeaturePresent 00000001800210b8     kernel32:KERNEL32.dll
 0002:000000c0       __imp_InterlockedPushEntrySList 00000001800210c0     kernel32:KERNEL32.dll
 0002:000000c8       __imp_InterlockedFlushSList 00000001800210c8     kernel32:KERNEL32.dll
 0002:000000d0       __imp_RtlUnwindEx          00000001800210d0     kernel32:KERNEL32.dll
 0002:000000d8       __imp_SetLastError         00000001800210d8     kernel32:KERNEL32.dll
 0002:000000e0       __imp_EnterCriticalSection 00000001800210e0     kernel32:KERNEL32.dll
 0002:000000e8       __imp_LeaveCriticalSection 00000001800210e8     kernel32:KERNEL32.dll
 0002:000000f0       __imp_DeleteCriticalSection 00000001800210f0     kernel32:KERNEL32.dll
 0002:000000f8       __imp_InitializeCriticalSectionAndSpinCount 00000001800210f8     kernel32:KERNEL32.dll
 0002:00000100       __imp_TlsAlloc             0000000180021100     kernel32:KERNEL32.dll
 0002:00000108       __imp_TlsGetValue          0000000180021108     kernel32:KERNEL32.dll
[...]
 0002:0000b120       $unwind$?fp_format_e_internal@@YAHQEAD_KH_NIQEAU_strflt@@2QEAU__crt_locale_pointers@@@Z 000000018002c120     libucrt:cvt.obj
 0002:0000b138       $unwind$?fp_format_a@@YAHQEBNPEAD_KQEAD2H_NIQEAU__crt_locale_pointers@@W4__acrt_rounding_mode@@@Z 000000018002c138     libucrt:cvt.obj
 0002:0000b154       $unwind$?fp_format_g@@YAHQEBNQEAD_K12H_NIW4__acrt_rounding_mode@@QEAU__crt_locale_pointers@@@Z 000000018002c154     libucrt:cvt.obj
 0002:0000b168       $unwind$??$?RV<lambda_410d79af7f07d98d83a3f525b3859a53>@@AEAV<lambda_3e16ef9562a7dcce91392c22ab16ea36>@@V<lambda_38119f0e861e05405d8a144b9b982f0a>@@@?$__crt_seh_guarded_call@X@@QEAAX$$QEAV<lambda_410d79af7f07d98d83a3f525b3859a53>@@AEAV<lambda_3e16ef9562a7dcce91392c22ab16ea36>@@$$QEAV<lambda_38119f0e861e05405d8a144b9b982f0a>@@@Z 000000018002c168     libucrt:wsetlocale.obj
 0002:0000b190       $unwind$_isctype_l         000000018002c190     libucrt:isctype.obj
 0002:0000b1ac       $unwind$_call_matherr      000000018002c1ac     libucrt:libm_error.obj
 0002:0000b1b4       $unwind$_handle_error      000000018002c1b4     libucrt:libm_error.obj
 0002:0000b1b4       $unwind$_handle_errorf     000000018002c1b4     libucrt:libm_error.obj
 0002:0000b1d8       $xdatasym                  000000018002c1d8     libucrt:fpsr.obj
 0002:0000b1e0       $unwind$__acrt_update_thread_locale_data 000000018002c1e0     libucrt:locale_refcounting.obj
 0002:0000b204       $unwind$qsort              000000018002c204     libucrt:qsort.obj
 0002:0000b21c       $chain$4$qsort             000000018002c21c     libucrt:qsort.obj
 0002:0000b240       $chain$5$qsort             000000018002c240     libucrt:qsort.obj
 0002:0000b250       $unwind$strpbrk            000000018002c250     libucrt:strpbrk.obj
 0002:0000b260       $unwind$fallbackMethod     000000018002c260     libucrt:strpbrk.obj
 0002:0000b270       $unwind$__acrt_GetStringTypeA 000000018002c270     libucrt:getstringtypea.obj
 0002:0000b298       $unwind$__acrt_LCMapStringA 000000018002c298     libucrt:lcmapstringa.obj
 0002:0000b2a8       $unwind$?__acrt_LCMapStringA_stat@@YAHPEAU__crt_locale_pointers@@PEB_WKPEBDHPEADHHH@Z 000000018002c2a8     libucrt:lcmapstringa.obj
 0002:0000b2d0       $unwind$__acrt_lowio_destroy_handle_array 000000018002c2d0     libucrt:osfinfo.obj
 0002:0000b2e0       $unwind$__acrt_lowio_ensure_fh_exists 000000018002c2e0     libucrt:osfinfo.obj
 0002:0000b30c       $unwind$_close             000000018002c30c     libucrt:close.obj
 0002:0000b30c       $unwind$_commit            000000018002c30c     libucrt:commit.obj
 0002:0000b314       $unwind$??$?RV<lambda_a37b2b86f63e897a80ea819b0eb08c01>@@AEAV<lambda_38ce7e780aa69e748d6df282ebc68efe>@@V<lambda_99fb1378e971ab6e7edea83e3a7a83a2>@@@?$__crt_seh_guarded_call@H@@QEAAH$$QEAV<lambda_a37b2b86f63e897a80ea819b0eb08c01>@@AEAV<lambda_38ce7e780aa69e748d6df282ebc68efe>@@$$QEAV<lambda_99fb1378e971ab6e7edea83e3a7a83a2>@@@Z 000000018002c314     libucrt:commit.obj
 0002:0000b338       $unwind$_write             000000018002c338     libucrt:write.obj
 0002:0000b368       $unwind$_write_nolock      000000018002c368     libucrt:write.obj
 0002:0000b380       $unwind$?write_double_translated_ansi_nolock@@YA?AUwrite_result@?A0x17268360@@HQEBDI@Z 000000018002c380     libucrt:write.obj
 0002:0000b3a4       $unwind$?write_text_ansi_nolock@@YA?AUwrite_result@?A0x17268360@@HQEBDI@Z 000000018002c3a4     libucrt:write.obj
 0002:0000b3a4       $unwind$?write_text_utf16le_nolock@@YA?AUwrite_result@?A0x17268360@@HQEBDI@Z 000000018002c3a4     libucrt:write.obj
 0002:0000b3c4       $unwind$?write_text_utf8_nolock@@YA?AUwrite_result@?A0x17268360@@HQEBDI@Z 000000018002c3c4     libucrt:write.obj
 0002:0000b3e8       $unwind$_fcloseall         000000018002c3e8     libucrt:closeall.obj
 0002:0000b40c       $unwind$?__mbsrtowcs_utf8@__crt_mbstring@@YA_KPEA_WPEAPEBD_KPEAU_Mbstatet@@@Z 000000018002c40c     libucrt:mbrtowc.obj
 0002:0000b424       $unwind$__acrt_fltout      000000018002c424     libucrt:cfout.obj
 0002:0000b444       $unwind$?divide@__crt_strtox@@YA_KAEAUbig_integer@1@AEBU21@@Z 000000018002c444     libucrt:cfout.obj
 0002:0000b45c       $chain$0$?divide@__crt_strtox@@YA_KAEAUbig_integer@1@AEBU21@@Z 000000018002c45c     libucrt:cfout.obj
 0002:0000b470       $chain$1$?divide@__crt_strtox@@YA_KAEAUbig_integer@1@AEBU21@@Z 000000018002c470     libucrt:cfout.obj
 0002:0000b480       $unwind$__acrt_locale_free_monetary 000000018002c480     libucrt:initmon.obj
 0002:0000b488       $unwind$__acrt_locale_free_time 000000018002c488     libucrt:inittime.obj
 0002:0000b498       $unwind$_raise_exc_ex      000000018002c498     libucrt:fpexcept.obj
 0002:0000b4ac       $unwind$_putwch_nolock     000000018002c4ac     libucrt:putwch.obj
 0002:0000b4b4       $unwind$fclose             000000018002c4b4     libucrt:fclose.obj
 0002:0000b4d8       $unwind$?__mbrtoc32_utf8@__crt_mbstring@@YA_KPEA_UPEBD_KPEAU_Mbstatet@@@Z 000000018002c4d8     libucrt:mbrtoc32.obj
 0002:0000b4f8       $xdatasym                  000000018002c4f8     libucrt:log10.obj
 0002:0000b504       $unwind$__acrt_fenv_set_control 000000018002c504     libucrt:_fenvutils.obj
 0002:0000b514       $unwind$??$?RV<lambda_751a882b2c74d4b022dec766aa51a29a>@@AEAV<lambda_628dfdc04ba53c8bfc02c9951375f3f5>@@V<lambda_f6c7be5f7998530c34de24c7437d6b54>@@@?$__crt_seh_guarded_call@H@@QEAAH$$QEAV<lambda_751a882b2c74d4b022dec766aa51a29a>@@AEAV<lambda_628dfdc04ba53c8bfc02c9951375f3f5>@@$$QEAV<lambda_f6c7be5f7998530c34de24c7437d6b54>@@@Z 000000018002c514     libucrt:close.obj
 0002:0000b538       $unwind$common_control87   000000018002c538     libucrt:ieee.obj
 0002:0000b564       $unwind$_log_special_common 000000018002c564     libucrt:log_special.obj
 0002:0000b570       $unwind$_IsNonwritableInCurrentImage 000000018002c570     LIBCMT:pesect.obj
 0002:0000b594       $unwind$__GSHandlerCheckCommon 000000018002c594     LIBCMT:gshandler.obj
 0002:0000b5a0       $xdatasym                  000000018002c5a0     LIBCMT:amdsecgs.obj
 0002:0000b5a4       $unwind$__report_securityfailure 000000018002c5a4     LIBCMT:gs_report.obj
 0002:0000b5ac       $unwind$__report_gsfailure 000000018002c5ac     LIBCMT:gs_report.obj
 0002:0000b5b4       $unwind$capture_current_context 000000018002c5b4     LIBCMT:gs_report.obj
 0002:0000b5c0       $unwind$capture_previous_context 000000018002c5c0     LIBCMT:gs_report.obj
 0002:0000b5d0       $xdatasym                  000000018002c5d0     LIBCMT:chkstk.obj
 0002:0000b5d8       $xdatasym                  000000018002c5d8     libvcruntime:memcmp.obj
 0002:0000bb70       .edata                     000000018002cb70     PhysXCooking_64.exp
 0002:0000bb98       rgpv                       000000018002cb98     PhysXCooking_64.exp
 0002:0000bcb0       rgszName                   000000018002ccb0     PhysXCooking_64.exp
 0002:0000bdc8       rgwOrd                     000000018002cdc8     PhysXCooking_64.exp
 0002:0000be54       szName                     000000018002ce54     PhysXCooking_64.exp
 0002:0000be68       $N00001                    000000018002ce68     PhysXCooking_64.exp
 0002:0000be8c       $N00002                    000000018002ce8c     PhysXCooking_64.exp
 0002:0000bebb       $N00003                    000000018002cebb     PhysXCooking_64.exp
 0002:0000bee2       $N00004                    000000018002cee2     PhysXCooking_64.exp
 0002:0000bf39       $N00005                    000000018002cf39     PhysXCooking_64.exp
 0002:0000bf64       $N00006                    000000018002cf64     PhysXCooking_64.exp
 0002:0000bf8a       $N00007                    000000018002cf8a     PhysXCooking_64.exp
 0002:0000bfa9       $N00008                    000000018002cfa9     PhysXCooking_64.exp
 0002:0000bfdf       $N00009                    000000018002cfdf     PhysXCooking_64.exp
 0002:0000c007       $N00010                    000000018002d007     PhysXCooking_64.exp
 0002:0000c02b       $N00011                    000000018002d02b     PhysXCooking_64.exp
 0002:0000c052       $N00012                    000000018002d052     PhysXCooking_64.exp
 0002:0000c07b       $N00013                    000000018002d07b     PhysXCooking_64.exp
 0002:0000c09a       $N00014                    000000018002d09a     PhysXCooking_64.exp
 0002:0000c0cd       $N00015                    000000018002d0cd     PhysXCooking_64.exp
 0002:0000c103       $N00016                    000000018002d103     PhysXCooking_64.exp
 0002:0000c13b       $N00017                    000000018002d13b     PhysXCooking_64.exp
 0002:0000c16d       $N00018                    000000018002d16d     PhysXCooking_64.exp
 0002:0000c199       $N00019                    000000018002d199     PhysXCooking_64.exp
 0002:0000c1d3       $N00020                    000000018002d1d3     PhysXCooking_64.exp
 0002:0000c211       $N00021                    000000018002d211     PhysXCooking_64.exp
 0002:0000c24a       $N00022                    000000018002d24a     PhysXCooking_64.exp
 0002:0000c272       $N00023                    000000018002d272     PhysXCooking_64.exp
 0002:0000c2a8       $N00024                    000000018002d2a8     PhysXCooking_64.exp
 0002:0000c2c4       $N00025                    000000018002d2c4     PhysXCooking_64.exp
 0002:0000c2ee       $N00026                    000000018002d2ee     PhysXCooking_64.exp
 0002:0000c32a       $N00027                    000000018002d32a     PhysXCooking_64.exp
 0002:0000c365       $N00028                    000000018002d365     PhysXCooking_64.exp
 0002:0000c3a0       $N00029                    000000018002d3a0     PhysXCooking_64.exp
 0002:0000c3d5       $N00030                    000000018002d3d5     PhysXCooking_64.exp
 0002:0000c411       $N00031                    000000018002d411     PhysXCooking_64.exp
 0002:0000c444       $N00032                    000000018002d444     PhysXCooking_64.exp
 0002:0000c477       $N00033                    000000018002d477     PhysXCooking_64.exp
 0002:0000c4b1       $N00034                    000000018002d4b1     PhysXCooking_64.exp
 0002:0000c4eb       $N00035                    000000018002d4eb     PhysXCooking_64.exp
 0002:0000c518       $N00036                    000000018002d518     PhysXCooking_64.exp
 0002:0000c54b       $N00037                    000000018002d54b     PhysXCooking_64.exp
 0002:0000c593       $N00038                    000000018002d593     PhysXCooking_64.exp
 0002:0000c5d3       $N00039                    000000018002d5d3     PhysXCooking_64.exp
 0002:0000c601       $N00040                    000000018002d601     PhysXCooking_64.exp
 0002:0000c641       $N00041                    000000018002d641     PhysXCooking_64.exp
 0002:0000c682       $N00042                    000000018002d682     PhysXCooking_64.exp
 0002:0000c6af       $N00043                    000000018002d6af     PhysXCooking_64.exp
 0002:0000c6eb       $N00044                    000000018002d6eb     PhysXCooking_64.exp
 0002:0000c728       $N00045                    000000018002d728     PhysXCooking_64.exp
 0002:0000c758       $N00046                    000000018002d758     PhysXCooking_64.exp
 0002:0000c76f       $N00047                    000000018002d76f     PhysXCooking_64.exp
 0002:0000c78a       $N00048                    000000018002d78a     PhysXCooking_64.exp
 0002:0000c7a1       $N00049                    000000018002d7a1     PhysXCooking_64.exp
 0002:0000c7b7       $N00050                    000000018002d7b7     PhysXCooking_64.exp
 0002:0000c7ce       $N00051                    000000018002d7ce     PhysXCooking_64.exp
 0002:0000c7e6       $N00052                    000000018002d7e6     PhysXCooking_64.exp
 0002:0000c7f0       $N00053                    000000018002d7f0     PhysXCooking_64.exp
 0002:0000c801       $N00054                    000000018002d801     PhysXCooking_64.exp
 0002:0000c813       $N00055                    000000018002d813     PhysXCooking_64.exp
 0002:0000c826       $N00056                    000000018002d826     PhysXCooking_64.exp
 0002:0000c83c       $N00057                    000000018002d83c     PhysXCooking_64.exp
 0002:0000c84f       $N00058                    000000018002d84f     PhysXCooking_64.exp
 0002:0000c85b       $N00059                    000000018002d85b     PhysXCooking_64.exp
 0002:0000c86f       $N00060                    000000018002d86f     PhysXCooking_64.exp
 0002:0000c882       $N00061                    000000018002d882     PhysXCooking_64.exp
 0002:0000c892       $N00062                    000000018002d892     PhysXCooking_64.exp
 0002:0000c8a6       $N00063                    000000018002d8a6     PhysXCooking_64.exp
 0002:0000c8bb       $N00064                    000000018002d8bb     PhysXCooking_64.exp
 0002:0000c8d3       $N00065                    000000018002d8d3     PhysXCooking_64.exp
 0002:0000c8e8       $N00066                    000000018002d8e8     PhysXCooking_64.exp
 0002:0000c905       $N00067                    000000018002d905     PhysXCooking_64.exp
 0002:0000c926       $N00068                    000000018002d926     PhysXCooking_64.exp
 0002:0000c945       $N00069                    000000018002d945     PhysXCooking_64.exp
 0002:0000c95a       $N00070                    000000018002d95a     PhysXCooking_64.exp
 0002:0000cc08       .idata$6                   000000018002dc08     kernel32:KERNEL32.dll
 0003:00000050       ?prefix@?1??getDimension@UnDecorator@@CA?AVDName@@_N@Z@4UStringLiteral@@A 000000018002f050     libvcruntime:undname.obj
 0003:00000060       ?__vcrt_flsindex@@3KA      000000018002f060     libvcruntime:per_thread_data.obj
 0003:00000080       ?dazSupported@?1??_ctrlfp@@9@9 000000018002f080     libucrt:fpctrl.obj
 0003:00000090       ?__acrt_flsindex@@3KA      000000018002f090     libucrt:per_thread_data.obj
 0003:00000094       ?errno_no_memory@@3HA      000000018002f094     libucrt:errno.obj
 0003:00000098       ?doserrno_no_memory@@3KA   000000018002f098     libucrt:errno.obj
 0003:000002d0       _mbctypes                  000000018002f2d0     libucrt:mbctype.obj
 0003:000003e0       _mbcasemaps                000000018002f3e0     libucrt:mbctype.obj
 0003:000004e0       ?__rgctypeflag@@3PADA      000000018002f4e0     libucrt:mbctype.obj
 0003:000004f0       ?__rgcode_page_info@@3PAUcode_page_info@@A 000000018002f4f0     libucrt:mbctype.obj
 0003:00000a10       ?__dcrt_lowio_console_output_handle@@3PEAXEA 000000018002fa10     libucrt:initcon.obj
 0003:00000a18       ?dazSupported@?1??common_control87@@9@9 000000018002fa18     libucrt:ieee.obj
 0003:00000d10       ?maxV3Error@vecMathTests@aos@physx@@3T__m128@@B 000000018002fd10     Cooking.obj
 0003:00000d20       ?minFError@vecMathTests@aos@physx@@3T__m128@@B 000000018002fd20     Cooking.obj
 0003:00000d30       ?maxV4Error@vecMathTests@aos@physx@@3T__m128@@B 000000018002fd30     Cooking.obj
 0003:00000d40       ?minV4Error@vecMathTests@aos@physx@@3T__m128@@B 000000018002fd40     Cooking.obj
 0003:00000d50       ?minV3Error@vecMathTests@aos@physx@@3T__m128@@B 000000018002fd50     Cooking.obj
 0003:00000d60       ?maxFError@vecMathTests@aos@physx@@3T__m128@@B 000000018002fd60     Cooking.obj
 0003:00000d70       ?gCookingDelayLoadHook@@3PEBVPxDelayLoadHook@physx@@EB 000000018002fd70     WindowsCookingDelayLoadHook.obj
 0003:00000dd0       ?__proc_attached@@3HA      000000018002fdd0     LIBCMT:dll_dllmain.obj
 0003:00000e08       ?is_initialized_as_dll@@3_NA 000000018002fe08     LIBCMT:utility.obj
 0003:00000e09       ?module_local_atexit_table_initialized@@3_NA 000000018002fe09     LIBCMT:utility.obj
 0003:00000e10       ?module_local_atexit_table@@3U_onexit_table_t@@A 000000018002fe10     LIBCMT:utility.obj
 0003:00000e28       ?module_local_at_quick_exit_table@@3U_onexit_table_t@@A 000000018002fe28     LIBCMT:utility.obj
 0003:00000e98       ?heap@@3V_HeapManager@@A   000000018002fe98     libvcruntime:undname.obj
 0003:00000ec0       ?__vcrt_startup_thread_ptd@@3U__vcrt_ptd@@A 000000018002fec0     libvcruntime:per_thread_data.obj
 0003:00000f40       __vcrt_lock_table          000000018002ff40     libvcruntime:locks.obj
 0003:00000f68       __vcrt_locks_initialized   000000018002ff68     libvcruntime:locks.obj
 0003:00000f70       ?module_handles@@3PAPEAUHINSTANCE__@@A 000000018002ff70     libvcruntime:winapi_downlevel.obj
 0003:00000f88       ?function_pointers@@3PAPEAXA 000000018002ff88     libvcruntime:winapi_downlevel.obj
 0003:00000fb0       ?c_termination_complete@@3JA 000000018002ffb0     libucrt:exit.obj
 0003:00000fb8       ?thread_local_exit_callback_func@@3P6AXPEAXK0@ZEA 000000018002ffb8     libucrt:exit.obj
 0003:00000fd0       ?program_name@?1???$common_configure_argv@D@@YAHW4_crt_argv_mode@@@Z@4PADA 000000018002ffd0     libucrt:argv_parsing.obj
 0003:00001130       ?__acrt_lock_table@@3PAU_RTL_CRITICAL_SECTION@@A 0000000180030130     libucrt:locks.obj
 0003:00001360       ?__acrt_locks_initialized@@3IA 0000000180030360     libucrt:locks.obj
 0003:00001368       ?__acrt_invalid_parameter_handler@@3V?$dual_state_global@P6AXPEB_W00I_K@Z@__crt_state_management@@A 0000000180030368     libucrt:invalid_parameter.obj
 0003:00001388       ?fSystemSet@@3HA           0000000180030388     libucrt:mbctype.obj
 0003:0000138c       ?initialized@?1??__acrt_initialize_multibyte@@9@4_NA 000000018003038c     libucrt:mbctype.obj
 0003:000013c0       ?module_handles@@3PAPEAUHINSTANCE__@@A 00000001800303c0     libucrt:winapi_thunks.obj
 0003:00001460       ?encoded_function_pointers@@3PAPEAXA 0000000180030460     libucrt:winapi_thunks.obj
 0003:00001988       ?__acrt_new_handler@@3V?$dual_state_global@P6AH_K@Z@__crt_state_management@@A 0000000180030988     libucrt:new_handler.obj
 0003:00001990       ?ctrlc_action@@3V?$dual_state_global@P6AXH@Z@__crt_state_management@@A 0000000180030990     libucrt:signal.obj
 0003:00001998       ?ctrlbreak_action@@3V?$dual_state_global@P6AXH@Z@__crt_state_management@@A 0000000180030998     libucrt:signal.obj
 0003:000019a0       ?abort_action@@3V?$dual_state_global@P6AXH@Z@__crt_state_management@@A 00000001800309a0     libucrt:signal.obj
 0003:000019a8       ?term_action@@3V?$dual_state_global@P6AXH@Z@__crt_state_management@@A 00000001800309a8     libucrt:signal.obj
 0003:000019b0       ?user_matherr@@3V?$dual_state_global@P6AHPEAU_exception@@@Z@__crt_state_management@@A 00000001800309b0     libucrt:matherr.obj
 0003:000019e0       ?internal_state@?1??_mbtowc_l@@9@4U_Mbstatet@@A 00000001800309e0     libucrt:mbtowc.obj
 0003:000019e8       ?enable_percent_n@@3_KA    00000001800309e8     libucrt:printf_count_output.obj
 0003:000019f4       ?__acrt_global_new_mode@@3V?$dual_state_global@J@__crt_state_management@@A 00000001800309f4     libucrt:new_mode.obj
 0003:00001a00       ?__acrt_app_type@@3W4_crt_app_type@@A 0000000180030a00     libucrt:report_runtime_error.obj
 0003:00001a08       ?internal_pst@?1??__mbrtoc32_utf8@__crt_mbstring@@YA_KPEA_UPEBD_KPEAU_Mbstatet@@@Z@4U3@A 0000000180030a08     libucrt:mbrtoc32.obj
 0003:00001a10       GS_ExceptionRecord         0000000180030a10     LIBCMT:gs_report.obj
 0003:00001ab0       GS_ContextRecord           0000000180030ab0     LIBCMT:gs_report.obj
 0005:00000000       _2il0floatpacket$19        0000000180033000     LIBCMT:svml_ssinf4_sse2.obj
 0005:00002200       _vmlsSinHATab              0000000180035200     LIBCMT:svml_s_sin_cout.obj
 0005:00002210       MsetTab                    0000000180035210     libvcruntime:memset.obj
 0005:00002260       MoveSmall                  0000000180035260     libvcruntime:memcpy.obj
 0005:000022a0       MoveSmallYmm               00000001800352a0     libvcruntime:memcpy.obj
 0005:000022c4       MoveSmallYmmNT             00000001800352c4     libvcruntime:memcpy.obj
 0005:000022e8       MoveSmallXmm               00000001800352e8     libvcruntime:memcpy.obj
 0006:000000a0       $R000000                   00000001800360a0     PhysXCooking.res
 0006:000003d0       $R000330                   00000001800363d0     PhysXCooking.res
